212.92.126.52 - - [13/Sep/2024:07:10:28 -0400] "GET /resources/styles/main.css?ver=785 HTTP/2.0" 200 986602 "https://uat.decypha.com/en/owners/public/AE/----Agility-Global-PLC---252984" "Mozilla/5.0 (Windows NT 10.0; Win64; x64) AppleWebKit/537.36 (KHTML, like Gecko) Chrome/127.0.0.0 Safari/537.36" "-"
111.90.145.71 - - [13/Sep/2024:07:10:28 -0400] "GET /error/404 HTTP/1.1" 404 14994 "https://uat.decypha.com/en/company-list/------------Al-Hamrani-Industrial-Group---767" "Mozilla/5.0 (Windows NT 6.1; WOW64; Trident/7.0; tb-gmx/2.6.9; rv:11.0) like Gecko" "-"
212.92.126.52 - - [13/Sep/2024:07:10:28 -0400] "GET /resources/js/min/dfn.chart-min.js?ver=785 HTTP/2.0" 200 212933 "https://uat.decypha.com/en/owners/public/AE/----Agility-Global-PLC---252984" "Mozilla/5.0 (Windows NT 10.0; Win64; x64) AppleWebKit/537.36 (KHTML, like Gecko) Chrome/127.0.0.0 Safari/537.36" "-"
212.92.126.52 - - [13/Sep/2024:07:10:28 -0400] "GET /resources/css/investment_style-min.css?version=785 HTTP/2.0" 200 704 "https://uat.decypha.com/en/owners/public/AE/----Agility-Global-PLC---252984" "Mozilla/5.0 (Windows NT 10.0; Win64; x64) AppleWebKit/537.36 (KHTML, like Gecko) Chrome/127.0.0.0 Safari/537.36" "-"
157.55.39.48 - - [13/Sep/2024:07:10:29 -0400] "GET /en/company-list/Arab-Banking-Corporation---Egypt-843 HTTP/2.0" 200 304165 "-" "Mozilla/5.0 AppleWebKit/537.36 (KHTML, like Gecko; compatible; bingbot/2.0; +http://www.bing.com/bingbot.htm) Chrome/116.0.1938.76 Safari/537.36" "-"
212.92.126.52 - - [13/Sep/2024:07:10:29 -0400] "GET /resources/js/lib/jquery-2.2.4.min.js?ver=785 HTTP/2.0" 200 85581 "https://uat.decypha.com/en/owners/public/AE/----Agility-Global-PLC---252984" "Mozilla/5.0 (Windows NT 10.0; Win64; x64) AppleWebKit/537.36 (KHTML, like Gecko) Chrome/127.0.0.0 Safari/537.36" "-"
212.92.126.52 - - [13/Sep/2024:07:10:30 -0400] "GET /resources/js/lib/bootstrap.min.js?ver=785 HTTP/2.0" 200 48944 "https://uat.decypha.com/en/owners/public/AE/----Agility-Global-PLC---252984" "Mozilla/5.0 (Windows NT 10.0; Win64; x64) AppleWebKit/537.36 (KHTML, like Gecko) Chrome/127.0.0.0 Safari/537.36" "-"
212.92.126.52 - - [13/Sep/2024:07:10:30 -0400] "GET /resources/js/min/jquery.libs.new-min.js?ver=785 HTTP/2.0" 200 439791 "https://uat.decypha.com/en/owners/public/AE/----Agility-Global-PLC---252984" "Mozilla/5.0 (Windows NT 10.0; Win64; x64) AppleWebKit/537.36 (KHTML, like Gecko) Chrome/127.0.0.0 Safari/537.36" "-"
212.92.126.52 - - [13/Sep/2024:07:10:30 -0400] "GET /resources/js/lib/grid.locale-en.min.js?ver=785 HTTP/2.0" 200 2984 "https://uat.decypha.com/en/owners/public/AE/----Agility-Global-PLC---252984" "Mozilla/5.0 (Windows NT 10.0; Win64; x64) AppleWebKit/537.36 (KHTML, like Gecko) Chrome/127.0.0.0 Safari/537.36" "-"
111.90.145.71 - - [13/Sep/2024:07:10:30 -0400] "HEAD /membership/Macro.html HTTP/1.1" 302 0 "https://uat.decypha.com/en/company-list/------------Al-Hamrani-Industrial-Group---767" "Mozilla/5.0 (Windows NT 6.2; WOW64; Trident/7.0; tb-gmx/2.6.6; MAARJS; rv:11.0) like Gecko" "-"
212.92.126.52 - - [13/Sep/2024:07:10:30 -0400] "GET /resources/js/min/common.libs-min.js?ver=785 HTTP/2.0" 200 239973 "https://uat.decypha.com/en/owners/public/AE/----Agility-Global-PLC---252984" "Mozilla/5.0 (Windows NT 10.0; Win64; x64) AppleWebKit/537.36 (KHTML, like Gecko) Chrome/127.0.0.0 Safari/537.36" "-"
212.92.126.52 - - [13/Sep/2024:07:10:30 -0400] "GET /resources/js/lib/jquery.jqGrid.min.js?ver=785 HTTP/2.0" 200 638583 "https://uat.decypha.com/en/owners/public/AE/----Agility-Global-PLC---252984" "Mozilla/5.0 (Windows NT 10.0; Win64; x64) AppleWebKit/537.36 (KHTML, like Gecko) Chrome/127.0.0.0 Safari/537.36" "-"
212.92.126.52 - - [13/Sep/2024:07:10:30 -0400] "GET /resources/js/membership/min/membership.js?version=785 HTTP/2.0" 200 14717 "https://uat.decypha.com/en/owners/public/AE/----Agility-Global-PLC---252984" "Mozilla/5.0 (Windows NT 10.0; Win64; x64) AppleWebKit/537.36 (KHTML, like Gecko) Chrome/127.0.0.0 Safari/537.36" "-"
212.92.126.52 - - [13/Sep/2024:07:10:30 -0400] "GET /resources/js/dfnplus/pages/marketing/min/releaseNotes.js?version=785 HTTP/2.0" 200 2571 "https://uat.decypha.com/en/owners/public/AE/----Agility-Global-PLC---252984" "Mozilla/5.0 (Windows NT 10.0; Win64; x64) AppleWebKit/537.36 (KHTML, like Gecko) Chrome/127.0.0.0 Safari/537.36" "-"
212.92.126.52 - - [13/Sep/2024:07:10:30 -0400] "GET /resources/css/images/decypha_logo_optimized.png HTTP/2.0" 200 2981 "https://uat.decypha.com/en/owners/public/AE/----Agility-Global-PLC---252984" "Mozilla/5.0 (Windows NT 10.0; Win64; x64) AppleWebKit/537.36 (KHTML, like Gecko) Chrome/127.0.0.0 Safari/537.36" "-"
212.92.126.52 - - [13/Sep/2024:07:10:30 -0400] "GET /resources/js/highChart/highcharts.js?version=785 HTTP/2.0" 200 133800 "https://uat.decypha.com/en/owners/public/AE/----Agility-Global-PLC---252984" "Mozilla/5.0 (Windows NT 10.0; Win64; x64) AppleWebKit/537.36 (KHTML, like Gecko) Chrome/127.0.0.0 Safari/537.36" "-"
111.90.145.71 - - [13/Sep/2024:07:10:31 -0400] "HEAD /error/404 HTTP/1.1" 404 0 "https://uat.decypha.com/en/company-list/------------Al-Hamrani-Industrial-Group---767" "Mozilla/5.0 (Windows NT 6.2; WOW64; Trident/7.0; tb-gmx/2.6.6; MAARJS; rv:11.0) like Gecko" "-"
212.92.126.52 - - [13/Sep/2024:07:10:31 -0400] "GET /resources/js/dfnplus/modules/min/snapshot.js?version=785 HTTP/2.0" 200 7082 "https://uat.decypha.com/en/owners/public/AE/----Agility-Global-PLC---252984" "Mozilla/5.0 (Windows NT 10.0; Win64; x64) AppleWebKit/537.36 (KHTML, like Gecko) Chrome/127.0.0.0 Safari/537.36" "-"
212.92.126.52 - - [13/Sep/2024:07:10:31 -0400] "GET /resources/js/dfnplus/pages/equity/company/min/companyOwners.js?version=785 HTTP/2.0" 200 21803 "https://uat.decypha.com/en/owners/public/AE/----Agility-Global-PLC---252984" "Mozilla/5.0 (Windows NT 10.0; Win64; x64) AppleWebKit/537.36 (KHTML, like Gecko) Chrome/127.0.0.0 Safari/537.36" "-"
212.92.126.52 - - [13/Sep/2024:07:10:31 -0400] "GET /resources/js/dfnplus/modules/exportToExcelPopup.js?version=785 HTTP/2.0" 200 11774 "https://uat.decypha.com/en/owners/public/AE/----Agility-Global-PLC---252984" "Mozilla/5.0 (Windows NT 10.0; Win64; x64) AppleWebKit/537.36 (KHTML, like Gecko) Chrome/127.0.0.0 Safari/537.36" "-"
111.90.145.71 - - [13/Sep/2024:07:10:31 -0400] "HEAD /membership/Commodities.html HTTP/1.1" 302 0 "https://uat.decypha.com/en/company-list/------------Al-Hamrani-Industrial-Group---767" "Mozilla/4.0 (compatible; MSIE 7.0; Windows NT 6.3; WOW64; Trident/7.0; .NET4.0E; .NET4.0C; .NET CLR 3.5.30729; .NET CLR 2.0.50727; .NET CLR 3.0.30729; GWX:DOWNLOADED; GWX:RESERVED; MAARJS)" "-"
111.90.145.71 - - [13/Sep/2024:07:10:31 -0400] "HEAD /membership/Merging_Acquisitions.html HTTP/1.1" 302 0 "https://uat.decypha.com/en/company-list/------------Al-Hamrani-Industrial-Group---767" "Mozilla/5.0 (Macintosh; Intel Mac OS X 10_11_5) AppleWebKit/537.36 (KHTML, like Gecko) Chrome/54.0.2811.0 Safari/537.36" "-"
212.92.126.52 - - [13/Sep/2024:07:10:31 -0400] "GET /resources/css/images/compressed_smile_face.jpg HTTP/2.0" 404 571 "https://uat.decypha.com/en/owners/public/AE/----Agility-Global-PLC---252984" "Mozilla/5.0 (Windows NT 10.0; Win64; x64) AppleWebKit/537.36 (KHTML, like Gecko) Chrome/127.0.0.0 Safari/537.36" "-"
212.92.126.52 - - [13/Sep/2024:07:10:31 -0400] "GET /resources/js/min/dfn.table-min.js?version=785 HTTP/2.0" 200 8021 "https://uat.decypha.com/en/owners/public/AE/----Agility-Global-PLC---252984" "Mozilla/5.0 (Windows NT 10.0; Win64; x64) AppleWebKit/537.36 (KHTML, like Gecko) Chrome/127.0.0.0 Safari/537.36" "-"
212.92.126.52 - - [13/Sep/2024:07:10:31 -0400] "GET /resources/js/min/dfn.comet-min.js?ver=785 HTTP/2.0" 200 45505 "https://uat.decypha.com/en/owners/public/AE/----Agility-Global-PLC---252984" "Mozilla/5.0 (Windows NT 10.0; Win64; x64) AppleWebKit/537.36 (KHTML, like Gecko) Chrome/127.0.0.0 Safari/537.36" "-"
23.22.35.162 - - [13/Sep/2024:07:10:31 -0400] "GET /ar/financial/rb/1/ase/jett HTTP/1.1" 302 0 "-" "Mozilla/5.0 (Macintosh; Intel Mac OS X 10_10_1) AppleWebKit/600.2.5 (KHTML, like Gecko) Version/8.0.2 Safari/600.2.5 (Amazonbot/0.1; +https://developer.amazon.com/support/amazonbot)" "-"
212.92.126.52 - - [13/Sep/2024:07:10:31 -0400] "GET /resources/css/images/footer_faq_img.png HTTP/2.0" 200 1307 "https://uat.decypha.com/en/owners/public/AE/----Agility-Global-PLC---252984" "Mozilla/5.0 (Windows NT 10.0; Win64; x64) AppleWebKit/537.36 (KHTML, like Gecko) Chrome/127.0.0.0 Safari/537.36" "-"
212.92.126.52 - - [13/Sep/2024:07:10:31 -0400] "GET /resources/css/images/footer_download_brochure.png HTTP/2.0" 200 1549 "https://uat.decypha.com/en/owners/public/AE/----Agility-Global-PLC---252984" "Mozilla/5.0 (Windows NT 10.0; Win64; x64) AppleWebKit/537.36 (KHTML, like Gecko) Chrome/127.0.0.0 Safari/537.36" "-"
111.90.145.71 - - [13/Sep/2024:07:10:31 -0400] "HEAD /error/404 HTTP/1.1" 404 0 "https://uat.decypha.com/en/company-list/------------Al-Hamrani-Industrial-Group---767" "Mozilla/4.0 (compatible; MSIE 7.0; Windows NT 6.3; WOW64; Trident/7.0; .NET4.0E; .NET4.0C; .NET CLR 3.5.30729; .NET CLR 2.0.50727; .NET CLR 3.0.30729; GWX:DOWNLOADED; GWX:RESERVED; MAARJS)" "-"
111.90.145.71 - - [13/Sep/2024:07:10:31 -0400] "HEAD /error/404 HTTP/1.1" 404 0 "https://uat.decypha.com/en/company-list/------------Al-Hamrani-Industrial-Group---767" "Mozilla/5.0 (Macintosh; Intel Mac OS X 10_11_5) AppleWebKit/537.36 (KHTML, like Gecko) Chrome/54.0.2811.0 Safari/537.36" "-"
212.92.126.52 - - [13/Sep/2024:07:10:31 -0400] "GET /resources/css/images/en/icons.png HTTP/2.0" 200 25349 "https://uat.decypha.com/resources/styles/main.css?ver=785" "Mozilla/5.0 (Windows NT 10.0; Win64; x64) AppleWebKit/537.36 (KHTML, like Gecko) Chrome/127.0.0.0 Safari/537.36" "-"
212.92.126.52 - - [13/Sep/2024:07:10:31 -0400] "GET /price/snapshot?E=ADSM&S=AGILITY&ts=1726225831896 HTTP/2.0" 302 0 "https://uat.decypha.com/en/owners/public/AE/----Agility-Global-PLC---252984" "Mozilla/5.0 (Windows NT 10.0; Win64; x64) AppleWebKit/537.36 (KHTML, like Gecko) Chrome/127.0.0.0 Safari/537.36" "-"
212.92.126.52 - - [13/Sep/2024:07:10:32 -0400] "GET /EN/menu/20/EG/EGX/reg/a/a/au/785/false?_=1726225831876 HTTP/2.0" 200 21826 "https://uat.decypha.com/en/owners/public/AE/----Agility-Global-PLC---252984" "Mozilla/5.0 (Windows NT 10.0; Win64; x64) AppleWebKit/537.36 (KHTML, like Gecko) Chrome/127.0.0.0 Safari/537.36" "-"
111.90.145.71 - - [13/Sep/2024:07:10:32 -0400] "HEAD /membership/IPOs.html HTTP/1.1" 302 0 "https://uat.decypha.com/en/company-list/------------Al-Hamrani-Industrial-Group---767" "Mozilla/5.0 (Windows NT 10.0) AppleWebKit/537.36 (KHTML, like Gecko) Chrome/51.36.2704.63 Safari/537.36" "-"
212.92.126.52 - - [13/Sep/2024:07:10:32 -0400] "GET /en/home/sessionValid?ts=1726225832212 HTTP/2.0" 200 5 "https://uat.decypha.com/en/owners/public/AE/----Agility-Global-PLC---252984" "Mozilla/5.0 (Windows NT 10.0; Win64; x64) AppleWebKit/537.36 (KHTML, like Gecko) Chrome/127.0.0.0 Safari/537.36" "-"
212.92.126.52 - - [13/Sep/2024:07:10:32 -0400] "GET /resources/fonts/fa-solid-900.woff2 HTTP/2.0" 200 50372 "https://uat.decypha.com/resources/styles/main.css?ver=785" "Mozilla/5.0 (Windows NT 10.0; Win64; x64) AppleWebKit/537.36 (KHTML, like Gecko) Chrome/127.0.0.0 Safari/537.36" "-"
111.90.145.71 - - [13/Sep/2024:07:10:32 -0400] "HEAD /membership/Industry.html HTTP/1.1" 302 0 "https://uat.decypha.com/en/company-list/------------Al-Hamrani-Industrial-Group---767" "Mozilla/5.0 (Windows NT 10.0; WOW64) AppleWebKit/537.36 (KHTML, like Gecko) Chrome/54.0.2810.1 Safari/537.36" "-"
212.92.126.52 - - [13/Sep/2024:07:10:32 -0400] "GET /EN/systemAudit/saveRecord?companyId=0&individualId=0&url=https://uat.decypha.com/en/owners/public/AE/----Agility-Global-PLC---252984&pageId=&ts=1726225832186 HTTP/2.0" 200 1 "https://uat.decypha.com/en/owners/public/AE/----Agility-Global-PLC---252984" "Mozilla/5.0 (Windows NT 10.0; Win64; x64) AppleWebKit/537.36 (KHTML, like Gecko) Chrome/127.0.0.0 Safari/537.36" "-"
212.92.126.52 - - [13/Sep/2024:07:10:32 -0400] "GET /resources/fonts/fa-brands-400.woff2 HTTP/2.0" 200 61336 "https://uat.decypha.com/resources/styles/main.css?ver=785" "Mozilla/5.0 (Windows NT 10.0; Win64; x64) AppleWebKit/537.36 (KHTML, like Gecko) Chrome/127.0.0.0 Safari/537.36" "-"
212.92.126.52 - - [13/Sep/2024:07:10:32 -0400] "GET /resources/css/images/loader/preloader-m.svg HTTP/2.0" 200 6182 "https://uat.decypha.com/resources/styles/main.css?ver=785" "Mozilla/5.0 (Windows NT 10.0; Win64; x64) AppleWebKit/537.36 (KHTML, like Gecko) Chrome/127.0.0.0 Safari/537.36" "-"
212.92.126.52 - - [13/Sep/2024:07:10:32 -0400] "GET /resources/css/images/ui-icons_888888_256x240.png HTTP/2.0" 200 4369 "https://uat.decypha.com/resources/css/external-min.css?ver=785" "Mozilla/5.0 (Windows NT 10.0; Win64; x64) AppleWebKit/537.36 (KHTML, like Gecko) Chrome/127.0.0.0 Safari/537.36" "-"
111.90.145.71 - - [13/Sep/2024:07:10:32 -0400] "HEAD /error/404 HTTP/1.1" 404 0 "https://uat.decypha.com/en/company-list/------------Al-Hamrani-Industrial-Group---767" "Mozilla/5.0 (Windows NT 10.0) AppleWebKit/537.36 (KHTML, like Gecko) Chrome/51.36.2704.63 Safari/537.36" "-"
212.92.126.52 - - [13/Sep/2024:07:10:32 -0400] "GET /resources/css/images/ui-icons_222222_256x240.png HTTP/2.0" 200 4369 "https://uat.decypha.com/resources/css/investment_style-min.css?version=785" "Mozilla/5.0 (Windows NT 10.0; Win64; x64) AppleWebKit/537.36 (KHTML, like Gecko) Chrome/127.0.0.0 Safari/537.36" "-"
212.92.126.52 - - [13/Sep/2024:07:10:32 -0400] "GET /resources/css/images/ui-bg_flat_75_ffffff_40x100.png HTTP/2.0" 200 178 "https://uat.decypha.com/resources/css/external-min.css?ver=785" "Mozilla/5.0 (Windows NT 10.0; Win64; x64) AppleWebKit/537.36 (KHTML, like Gecko) Chrome/127.0.0.0 Safari/537.36" "-"
212.92.126.52 - - [13/Sep/2024:07:10:32 -0400] "GET /resources/css/images/footer_map.png HTTP/2.0" 200 8674 "https://uat.decypha.com/resources/styles/main.css?ver=785" "Mozilla/5.0 (Windows NT 10.0; Win64; x64) AppleWebKit/537.36 (KHTML, like Gecko) Chrome/127.0.0.0 Safari/537.36" "-"
111.90.145.71 - - [13/Sep/2024:07:10:32 -0400] "HEAD /error/404 HTTP/1.1" 404 0 "https://uat.decypha.com/en/company-list/------------Al-Hamrani-Industrial-Group---767" "Mozilla/5.0 (Windows NT 10.0; WOW64) AppleWebKit/537.36 (KHTML, like Gecko) Chrome/54.0.2810.1 Safari/537.36" "-"
69.171.230.9 - - [13/Sep/2024:07:10:33 -0400] "GET /en/people-list/Ibrahim%20Abdul%20Aziz%20Abdullah%20Al%20Assaf-98355 HTTP/2.0" 200 332825 "-" "facebookexternalhit/1.1 (+http://www.facebook.com/externalhit_uatext.php)" "-"
111.90.145.71 - - [13/Sep/2024:07:10:33 -0400] "GET /membership/Macro.html HTTP/1.1" 302 0 "https://uat.decypha.com/en/company-list/------------Al-Hamrani-Industrial-Group---767" "Mozilla/5.0 (Windows NT 6.2; WOW64; Trident/7.0; tb-gmx/2.6.6; MAARJS; rv:11.0) like Gecko" "-"
111.90.145.71 - - [13/Sep/2024:07:10:33 -0400] "GET /error/404 HTTP/1.1" 404 14994 "https://uat.decypha.com/en/company-list/------------Al-Hamrani-Industrial-Group---767" "Mozilla/5.0 (Windows NT 6.2; WOW64; Trident/7.0; tb-gmx/2.6.6; MAARJS; rv:11.0) like Gecko" "-"
111.90.145.71 - - [13/Sep/2024:07:10:34 -0400] "GET /membership/Merging_Acquisitions.html HTTP/1.1" 302 0 "https://uat.decypha.com/en/company-list/------------Al-Hamrani-Industrial-Group---767" "Mozilla/5.0 (Macintosh; Intel Mac OS X 10_11_5) AppleWebKit/537.36 (KHTML, like Gecko) Chrome/54.0.2811.0 Safari/537.36" "-"
111.90.145.71 - - [13/Sep/2024:07:10:34 -0400] "GET /membership/Commodities.html HTTP/1.1" 302 0 "https://uat.decypha.com/en/company-list/------------Al-Hamrani-Industrial-Group---767" "Mozilla/4.0 (compatible; MSIE 7.0; Windows NT 6.3; WOW64; Trident/7.0; .NET4.0E; .NET4.0C; .NET CLR 3.5.30729; .NET CLR 2.0.50727; .NET CLR 3.0.30729; GWX:DOWNLOADED; GWX:RESERVED; MAARJS)" "-"
111.90.145.71 - - [13/Sep/2024:07:10:34 -0400] "GET /error/404 HTTP/1.1" 404 14994 "https://uat.decypha.com/en/company-list/------------Al-Hamrani-Industrial-Group---767" "Mozilla/5.0 (Macintosh; Intel Mac OS X 10_11_5) AppleWebKit/537.36 (KHTML, like Gecko) Chrome/54.0.2811.0 Safari/537.36" "-"
111.90.145.71 - - [13/Sep/2024:07:10:34 -0400] "GET /error/404 HTTP/1.1" 404 14994 "https://uat.decypha.com/en/company-list/------------Al-Hamrani-Industrial-Group---767" "Mozilla/4.0 (compatible; MSIE 7.0; Windows NT 6.3; WOW64; Trident/7.0; .NET4.0E; .NET4.0C; .NET CLR 3.5.30729; .NET CLR 2.0.50727; .NET CLR 3.0.30729; GWX:DOWNLOADED; GWX:RESERVED; MAARJS)" "-"
111.90.145.71 - - [13/Sep/2024:07:10:35 -0400] "GET /membership/IPOs.html HTTP/1.1" 302 0 "https://uat.decypha.com/en/company-list/------------Al-Hamrani-Industrial-Group---767" "Mozilla/5.0 (Windows NT 10.0) AppleWebKit/537.36 (KHTML, like Gecko) Chrome/51.36.2704.63 Safari/537.36" "-"
212.92.126.52 - - [13/Sep/2024:07:10:35 -0400] "GET /resources/css/images/favicon.ico?ver=2.0 HTTP/2.0" 200 381 "https://uat.decypha.com/en/owners/public/AE/----Agility-Global-PLC---252984" "Mozilla/5.0 (Windows NT 10.0; Win64; x64) AppleWebKit/537.36 (KHTML, like Gecko) Chrome/127.0.0.0 Safari/537.36" "-"
111.90.145.71 - - [13/Sep/2024:07:10:35 -0400] "GET /membership/Industry.html HTTP/1.1" 302 0 "https://uat.decypha.com/en/company-list/------------Al-Hamrani-Industrial-Group---767" "Mozilla/5.0 (Windows NT 10.0; WOW64) AppleWebKit/537.36 (KHTML, like Gecko) Chrome/54.0.2810.1 Safari/537.36" "-"
173.252.83.5 - - [13/Sep/2024:07:10:35 -0400] "GET /en/stock-overview/public/EGX/MOIL HTTP/2.0" 200 337576 "-" "facebookexternalhit/1.1 (+http://www.facebook.com/externalhit_uatext.php)" "-"
52.70.240.171 - - [13/Sep/2024:07:10:35 -0400] "GET /ar/financial/rb/1/egx/naho HTTP/1.1" 302 0 "-" "Mozilla/5.0 (Macintosh; Intel Mac OS X 10_10_1) AppleWebKit/600.2.5 (KHTML, like Gecko) Version/8.0.2 Safari/600.2.5 (Amazonbot/0.1; +https://developer.amazon.com/support/amazonbot)" "-"
111.90.145.71 - - [13/Sep/2024:07:10:35 -0400] "GET /error/404 HTTP/1.1" 404 15008 "https://uat.decypha.com/en/company-list/------------Al-Hamrani-Industrial-Group---767" "Mozilla/5.0 (Windows NT 10.0) AppleWebKit/537.36 (KHTML, like Gecko) Chrome/51.36.2704.63 Safari/537.36" "-"
111.90.145.71 - - [13/Sep/2024:07:10:35 -0400] "GET /error/404 HTTP/1.1" 404 15008 "https://uat.decypha.com/en/company-list/------------Al-Hamrani-Industrial-Group---767" "Mozilla/5.0 (Windows NT 10.0; WOW64) AppleWebKit/537.36 (KHTML, like Gecko) Chrome/54.0.2810.1 Safari/537.36" "-"
111.90.145.71 - - [13/Sep/2024:07:10:37 -0400] "HEAD /membership/News.html HTTP/1.1" 302 0 "https://uat.decypha.com/en/company-list/------------Al-Hamrani-Industrial-Group---767" "Mozilla/4.0 (compatible; MSIE 8.0; Windows NT 5.1; Trident/4.0; .NET CLR 2.0.50727; .NET CLR 3.5.30729; .NET CLR 3.0.4506.2152; .NET4.0C; tb-gmx/2.6.6; (gmx/1.0.0.8))" "-"
111.90.145.71 - - [13/Sep/2024:07:10:38 -0400] "HEAD /membership/prices.html HTTP/1.1" 302 0 "https://uat.decypha.com/en/company-list/------------Al-Hamrani-Industrial-Group---767" "Mozilla/5.0 (compatible; MSIE 10.0; Windows NT 6.1; Win64; x64; Trident/6.0; tb-webde/2.6.7)" "-"
111.90.145.71 - - [13/Sep/2024:07:10:38 -0400] "HEAD /membership/Money_Market.html HTTP/1.1" 302 0 "https://uat.decypha.com/en/company-list/------------Al-Hamrani-Industrial-Group---767" "Mozilla/5.0 (Macintosh; Intel Mac OS X 10_6_8) AppleWebKit/534.59.10 (KHTML, like Gecko) Version/7.1.6 Safari/534.59.10" "-"
111.90.145.71 - - [13/Sep/2024:07:10:38 -0400] "HEAD /error/404 HTTP/1.1" 404 0 "https://uat.decypha.com/en/company-list/------------Al-Hamrani-Industrial-Group---767" "Mozilla/4.0 (compatible; MSIE 8.0; Windows NT 5.1; Trident/4.0; .NET CLR 2.0.50727; .NET CLR 3.5.30729; .NET CLR 3.0.4506.2152; .NET4.0C; tb-gmx/2.6.6; (gmx/1.0.0.8))" "-"
111.90.145.71 - - [13/Sep/2024:07:10:38 -0400] "HEAD /error/404 HTTP/1.1" 404 0 "https://uat.decypha.com/en/company-list/------------Al-Hamrani-Industrial-Group---767" "Mozilla/5.0 (compatible; MSIE 10.0; Windows NT 6.1; Win64; x64; Trident/6.0; tb-webde/2.6.7)" "-"
111.90.145.71 - - [13/Sep/2024:07:10:38 -0400] "HEAD /membership/Markets.html HTTP/1.1" 302 0 "https://uat.decypha.com/en/company-list/------------Al-Hamrani-Industrial-Group---767" "Mozilla/5.0 (Windows NT 6.1; Trident/7.0; rv:11.0) like Gecko Core/1.47.640.400 QQBrowser/9.4.8309.400" "-"
111.90.145.71 - - [13/Sep/2024:07:10:39 -0400] "HEAD /membership/Analytical_Tools.html HTTP/1.1" 302 0 "https://uat.decypha.com/en/company-list/------------Al-Hamrani-Industrial-Group---767" "Mozilla/4.0 (compatible; MSIE 7.0; AOL 9.0; Windows NT 6.1; WOW64; Trident/7.0; SLCC2; .NET CLR 2.0.50727; .NET CLR 3.5.30729; .NET CLR 3.0.30729; Media Center PC 6.0; HPNTDF; .NET4.0C; tb-gmx/2.6.7; .NET4.0E)" "-"
111.90.145.71 - - [13/Sep/2024:07:10:39 -0400] "HEAD /error/404 HTTP/1.1" 404 0 "https://uat.decypha.com/en/company-list/------------Al-Hamrani-Industrial-Group---767" "Mozilla/5.0 (Macintosh; Intel Mac OS X 10_6_8) AppleWebKit/534.59.10 (KHTML, like Gecko) Version/7.1.6 Safari/534.59.10" "-"
111.90.145.71 - - [13/Sep/2024:07:10:39 -0400] "HEAD /membership/Funds.html HTTP/1.1" 302 0 "https://uat.decypha.com/en/company-list/------------Al-Hamrani-Industrial-Group---767" "Mozilla/5.0 (Windows NT 10.0; WOW64) AppleWebKit/537.36 (KHTML, like Gecko) Chrome/54.0.2810.1 Safari/537.36" "-"
111.90.145.71 - - [13/Sep/2024:07:10:39 -0400] "HEAD /membership/Excel.html HTTP/1.1" 302 0 "https://uat.decypha.com/en/company-list/------------Al-Hamrani-Industrial-Group---767" "Mozilla/5.0 (compatible; MSIE 10.0; Windows NT 6.2; WOW64; Trident/7.0; tb-gmx/2.6.8)" "-"
111.90.145.71 - - [13/Sep/2024:07:10:39 -0400] "HEAD /error/404 HTTP/1.1" 404 0 "https://uat.decypha.com/en/company-list/------------Al-Hamrani-Industrial-Group---767" "Mozilla/5.0 (Windows NT 6.1; Trident/7.0; rv:11.0) like Gecko Core/1.47.640.400 QQBrowser/9.4.8309.400" "-"
111.90.145.71 - - [13/Sep/2024:07:10:39 -0400] "HEAD /error/404 HTTP/1.1" 404 0 "https://uat.decypha.com/en/company-list/------------Al-Hamrani-Industrial-Group---767" "Mozilla/4.0 (compatible; MSIE 7.0; AOL 9.0; Windows NT 6.1; WOW64; Trident/7.0; SLCC2; .NET CLR 2.0.50727; .NET CLR 3.5.30729; .NET CLR 3.0.30729; Media Center PC 6.0; HPNTDF; .NET4.0C; tb-gmx/2.6.7; .NET4.0E)" "-"
111.90.145.71 - - [13/Sep/2024:07:10:39 -0400] "GET /en/company-list/ HTTP/1.1" 200 327960 "https://uat.decypha.com/en/company-list/------------Al-Hamrani-Industrial-Group---767" "Mozilla/5.0 (Windows NT 10.0) AppleWebKit/537.36 (KHTML, like Gecko) Chrome/51.36.2704.63 Safari/537.36" "-"
3.224.220.101 - - [13/Sep/2024:07:10:39 -0400] "GET /ar/financial/rb/1/ase/joir HTTP/1.1" 302 0 "-" "Mozilla/5.0 (Macintosh; Intel Mac OS X 10_10_1) AppleWebKit/600.2.5 (KHTML, like Gecko) Version/8.0.2 Safari/600.2.5 (Amazonbot/0.1; +https://developer.amazon.com/support/amazonbot)" "-"
111.90.145.71 - - [13/Sep/2024:07:10:39 -0400] "HEAD /error/404 HTTP/1.1" 404 0 "https://uat.decypha.com/en/company-list/------------Al-Hamrani-Industrial-Group---767" "Mozilla/5.0 (Windows NT 10.0; WOW64) AppleWebKit/537.36 (KHTML, like Gecko) Chrome/54.0.2810.1 Safari/537.36" "-"
111.90.145.71 - - [13/Sep/2024:07:10:39 -0400] "HEAD /error/404 HTTP/1.1" 404 0 "https://uat.decypha.com/en/company-list/------------Al-Hamrani-Industrial-Group---767" "Mozilla/5.0 (compatible; MSIE 10.0; Windows NT 6.2; WOW64; Trident/7.0; tb-gmx/2.6.8)" "-"
161.142.151.22 - - [13/Sep/2024:07:10:41 -0400] "GET /en/people-list/Hassan-Debbarh-88079 HTTP/2.0" 200 330531 "https://www.google.com/" "Mozilla/5.0 (Windows NT 10.0; Win64; x64) AppleWebKit/537.36 (KHTML, like Gecko) Chrome/128.0.0.0 Safari/537.36" "-"
161.142.151.22 - - [13/Sep/2024:07:10:41 -0400] "GET /resources/css/external-min.css?ver=785 HTTP/2.0" 200 36763 "https://uat.decypha.com/en/people-list/Hassan-Debbarh-88079" "Mozilla/5.0 (Windows NT 10.0; Win64; x64) AppleWebKit/537.36 (KHTML, like Gecko) Chrome/128.0.0.0 Safari/537.36" "-"
111.90.145.71 - - [13/Sep/2024:07:10:41 -0400] "GET /membership/prices.html HTTP/1.1" 302 0 "https://uat.decypha.com/en/company-list/------------Al-Hamrani-Industrial-Group---767" "Mozilla/5.0 (compatible; MSIE 10.0; Windows NT 6.1; Win64; x64; Trident/6.0; tb-webde/2.6.7)" "-"
111.90.145.71 - - [13/Sep/2024:07:10:41 -0400] "GET /membership/Money_Market.html HTTP/1.1" 302 0 "https://uat.decypha.com/en/company-list/------------Al-Hamrani-Industrial-Group---767" "Mozilla/5.0 (Macintosh; Intel Mac OS X 10_6_8) AppleWebKit/534.59.10 (KHTML, like Gecko) Version/7.1.6 Safari/534.59.10" "-"
161.142.151.22 - - [13/Sep/2024:07:10:41 -0400] "GET /resources/styles/main.css?ver=785 HTTP/2.0" 200 986602 "https://uat.decypha.com/en/people-list/Hassan-Debbarh-88079" "Mozilla/5.0 (Windows NT 10.0; Win64; x64) AppleWebKit/537.36 (KHTML, like Gecko) Chrome/128.0.0.0 Safari/537.36" "-"
161.142.151.22 - - [13/Sep/2024:07:10:41 -0400] "GET /resources/css/individual_styles-min.css?version=785 HTTP/2.0" 200 469 "https://uat.decypha.com/en/people-list/Hassan-Debbarh-88079" "Mozilla/5.0 (Windows NT 10.0; Win64; x64) AppleWebKit/537.36 (KHTML, like Gecko) Chrome/128.0.0.0 Safari/537.36" "-"
161.142.151.22 - - [13/Sep/2024:07:10:41 -0400] "GET /resources/js/min/dfn.chart-min.js?ver=785 HTTP/2.0" 200 212933 "https://uat.decypha.com/en/people-list/Hassan-Debbarh-88079" "Mozilla/5.0 (Windows NT 10.0; Win64; x64) AppleWebKit/537.36 (KHTML, like Gecko) Chrome/128.0.0.0 Safari/537.36" "-"
85.208.96.197 - - [13/Sep/2024:07:10:41 -0400] "GET /en/company-list/----Misr-Fertilizers-Production-Co-SAE---14675 HTTP/1.1" 200 453581 "-" "Mozilla/5.0 (compatible; SemrushBot/7~bl; +http://www.semrush.com/bot.html)" "-"
161.142.151.22 - - [13/Sep/2024:07:10:41 -0400] "GET /resources/js/lib/jquery-1.8.3.min.js?ver=785 HTTP/2.0" 200 93636 "https://uat.decypha.com/en/people-list/Hassan-Debbarh-88079" "Mozilla/5.0 (Windows NT 10.0; Win64; x64) AppleWebKit/537.36 (KHTML, like Gecko) Chrome/128.0.0.0 Safari/537.36" "-"
111.90.145.71 - - [13/Sep/2024:07:10:41 -0400] "GET /membership/Markets.html HTTP/1.1" 302 0 "https://uat.decypha.com/en/company-list/------------Al-Hamrani-Industrial-Group---767" "Mozilla/5.0 (Windows NT 6.1; Trident/7.0; rv:11.0) like Gecko Core/1.47.640.400 QQBrowser/9.4.8309.400" "-"
111.90.145.71 - - [13/Sep/2024:07:10:41 -0400] "GET /error/404 HTTP/1.1" 404 15008 "https://uat.decypha.com/en/company-list/------------Al-Hamrani-Industrial-Group---767" "Mozilla/5.0 (compatible; MSIE 10.0; Windows NT 6.1; Win64; x64; Trident/6.0; tb-webde/2.6.7)" "-"
161.142.151.22 - - [13/Sep/2024:07:10:41 -0400] "GET /resources/js/lib/bootstrap.min.js?ver=785 HTTP/2.0" 200 48944 "https://uat.decypha.com/en/people-list/Hassan-Debbarh-88079" "Mozilla/5.0 (Windows NT 10.0; Win64; x64) AppleWebKit/537.36 (KHTML, like Gecko) Chrome/128.0.0.0 Safari/537.36" "-"
111.90.145.71 - - [13/Sep/2024:07:10:41 -0400] "GET /error/404 HTTP/1.1" 404 15008 "https://uat.decypha.com/en/company-list/------------Al-Hamrani-Industrial-Group---767" "Mozilla/5.0 (Macintosh; Intel Mac OS X 10_6_8) AppleWebKit/534.59.10 (KHTML, like Gecko) Version/7.1.6 Safari/534.59.10" "-"
111.90.145.71 - - [13/Sep/2024:07:10:41 -0400] "GET /membership/Analytical_Tools.html HTTP/1.1" 302 0 "https://uat.decypha.com/en/company-list/------------Al-Hamrani-Industrial-Group---767" "Mozilla/4.0 (compatible; MSIE 7.0; AOL 9.0; Windows NT 6.1; WOW64; Trident/7.0; SLCC2; .NET CLR 2.0.50727; .NET CLR 3.5.30729; .NET CLR 3.0.30729; Media Center PC 6.0; HPNTDF; .NET4.0C; tb-gmx/2.6.7; .NET4.0E)" "-"
161.142.151.22 - - [13/Sep/2024:07:10:42 -0400] "GET /resources/js/min/jquery.libs-min.js?ver=785 HTTP/2.0" 200 410956 "https://uat.decypha.com/en/people-list/Hassan-Debbarh-88079" "Mozilla/5.0 (Windows NT 10.0; Win64; x64) AppleWebKit/537.36 (KHTML, like Gecko) Chrome/128.0.0.0 Safari/537.36" "-"
161.142.151.22 - - [13/Sep/2024:07:10:42 -0400] "GET /resources/js/lib/grid.locale-en.min.js?ver=785 HTTP/2.0" 200 2984 "https://uat.decypha.com/en/people-list/Hassan-Debbarh-88079" "Mozilla/5.0 (Windows NT 10.0; Win64; x64) AppleWebKit/537.36 (KHTML, like Gecko) Chrome/128.0.0.0 Safari/537.36" "-"
111.90.145.71 - - [13/Sep/2024:07:10:42 -0400] "GET /membership/Funds.html HTTP/1.1" 302 0 "https://uat.decypha.com/en/company-list/------------Al-Hamrani-Industrial-Group---767" "Mozilla/5.0 (Windows NT 10.0; WOW64) AppleWebKit/537.36 (KHTML, like Gecko) Chrome/54.0.2810.1 Safari/537.36" "-"
111.90.145.71 - - [13/Sep/2024:07:10:42 -0400] "GET /membership/Excel.html HTTP/1.1" 302 0 "https://uat.decypha.com/en/company-list/------------Al-Hamrani-Industrial-Group---767" "Mozilla/5.0 (compatible; MSIE 10.0; Windows NT 6.2; WOW64; Trident/7.0; tb-gmx/2.6.8)" "-"
161.142.151.22 - - [13/Sep/2024:07:10:42 -0400] "GET /resources/js/min/common.libs-min.js?ver=785 HTTP/2.0" 200 239973 "https://uat.decypha.com/en/people-list/Hassan-Debbarh-88079" "Mozilla/5.0 (Windows NT 10.0; Win64; x64) AppleWebKit/537.36 (KHTML, like Gecko) Chrome/128.0.0.0 Safari/537.36" "-"
161.142.151.22 - - [13/Sep/2024:07:10:42 -0400] "GET /resources/js/lib/jquery.jqGrid.min.js?ver=785 HTTP/2.0" 200 638583 "https://uat.decypha.com/en/people-list/Hassan-Debbarh-88079" "Mozilla/5.0 (Windows NT 10.0; Win64; x64) AppleWebKit/537.36 (KHTML, like Gecko) Chrome/128.0.0.0 Safari/537.36" "-"
161.142.151.22 - - [13/Sep/2024:07:10:42 -0400] "GET /resources/js/membership/min/membership.js?version=785 HTTP/2.0" 200 14717 "https://uat.decypha.com/en/people-list/Hassan-Debbarh-88079" "Mozilla/5.0 (Windows NT 10.0; Win64; x64) AppleWebKit/537.36 (KHTML, like Gecko) Chrome/128.0.0.0 Safari/537.36" "-"
161.142.151.22 - - [13/Sep/2024:07:10:42 -0400] "GET /resources/css/images/decypha_logo_optimized.png HTTP/2.0" 200 2981 "https://uat.decypha.com/en/people-list/Hassan-Debbarh-88079" "Mozilla/5.0 (Windows NT 10.0; Win64; x64) AppleWebKit/537.36 (KHTML, like Gecko) Chrome/128.0.0.0 Safari/537.36" "-"
161.142.151.22 - - [13/Sep/2024:07:10:42 -0400] "GET /individuals/images/88079.jpg HTTP/2.0" 404 571 "https://uat.decypha.com/en/people-list/Hassan-Debbarh-88079" "Mozilla/5.0 (Windows NT 10.0; Win64; x64) AppleWebKit/537.36 (KHTML, like Gecko) Chrome/128.0.0.0 Safari/537.36" "-"
111.90.145.71 - - [13/Sep/2024:07:10:42 -0400] "GET /error/404 HTTP/1.1" 404 15008 "https://uat.decypha.com/en/company-list/------------Al-Hamrani-Industrial-Group---767" "Mozilla/5.0 (Windows NT 6.1; Trident/7.0; rv:11.0) like Gecko Core/1.47.640.400 QQBrowser/9.4.8309.400" "-"
111.90.145.71 - - [13/Sep/2024:07:10:42 -0400] "GET /error/404 HTTP/1.1" 404 15008 "https://uat.decypha.com/en/company-list/------------Al-Hamrani-Industrial-Group---767" "Mozilla/4.0 (compatible; MSIE 7.0; AOL 9.0; Windows NT 6.1; WOW64; Trident/7.0; SLCC2; .NET CLR 2.0.50727; .NET CLR 3.5.30729; .NET CLR 3.0.30729; Media Center PC 6.0; HPNTDF; .NET4.0C; tb-gmx/2.6.7; .NET4.0E)" "-"
161.142.151.22 - - [13/Sep/2024:07:10:42 -0400] "GET /resources/css/images/share/linkedin.png HTTP/2.0" 200 4753 "https://uat.decypha.com/en/people-list/Hassan-Debbarh-88079" "Mozilla/5.0 (Windows NT 10.0; Win64; x64) AppleWebKit/537.36 (KHTML, like Gecko) Chrome/128.0.0.0 Safari/537.36" "-"
161.142.151.22 - - [13/Sep/2024:07:10:42 -0400] "GET /resources/js/min/dfn.table-min.js?version=785 HTTP/2.0" 200 8021 "https://uat.decypha.com/en/people-list/Hassan-Debbarh-88079" "Mozilla/5.0 (Windows NT 10.0; Win64; x64) AppleWebKit/537.36 (KHTML, like Gecko) Chrome/128.0.0.0 Safari/537.36" "-"
161.142.151.22 - - [13/Sep/2024:07:10:42 -0400] "GET /resources/css/images/compressed_smile_face.jpg HTTP/2.0" 404 571 "https://uat.decypha.com/en/people-list/Hassan-Debbarh-88079" "Mozilla/5.0 (Windows NT 10.0; Win64; x64) AppleWebKit/537.36 (KHTML, like Gecko) Chrome/128.0.0.0 Safari/537.36" "-"
161.142.151.22 - - [13/Sep/2024:07:10:42 -0400] "GET /resources/fonts/fa-solid-900.woff2 HTTP/2.0" 200 50372 "https://uat.decypha.com/resources/styles/main.css?ver=785" "Mozilla/5.0 (Windows NT 10.0; Win64; x64) AppleWebKit/537.36 (KHTML, like Gecko) Chrome/128.0.0.0 Safari/537.36" "-"
161.142.151.22 - - [13/Sep/2024:07:10:42 -0400] "GET /resources/css/images/en/noprofileimage_large.png HTTP/2.0" 200 3410 "https://uat.decypha.com/resources/styles/main.css?ver=785" "Mozilla/5.0 (Windows NT 10.0; Win64; x64) AppleWebKit/537.36 (KHTML, like Gecko) Chrome/128.0.0.0 Safari/537.36" "-"
111.90.145.71 - - [13/Sep/2024:07:10:42 -0400] "GET /error/404 HTTP/1.1" 404 15008 "https://uat.decypha.com/en/company-list/------------Al-Hamrani-Industrial-Group---767" "Mozilla/5.0 (Windows NT 10.0; WOW64) AppleWebKit/537.36 (KHTML, like Gecko) Chrome/54.0.2810.1 Safari/537.36" "-"
111.90.145.71 - - [13/Sep/2024:07:10:42 -0400] "GET /error/404 HTTP/1.1" 404 15008 "https://uat.decypha.com/en/company-list/------------Al-Hamrani-Industrial-Group---767" "Mozilla/5.0 (compatible; MSIE 10.0; Windows NT 6.2; WOW64; Trident/7.0; tb-gmx/2.6.8)" "-"
161.142.151.22 - - [13/Sep/2024:07:10:43 -0400] "GET /resources/fonts/fa-brands-400.woff2 HTTP/2.0" 200 61336 "https://uat.decypha.com/resources/styles/main.css?ver=785" "Mozilla/5.0 (Windows NT 10.0; Win64; x64) AppleWebKit/537.36 (KHTML, like Gecko) Chrome/128.0.0.0 Safari/537.36" "-"
161.142.151.22 - - [13/Sep/2024:07:10:43 -0400] "GET /resources/css/images/footer_map.png HTTP/2.0" 200 8674 "https://uat.decypha.com/resources/styles/main.css?ver=785" "Mozilla/5.0 (Windows NT 10.0; Win64; x64) AppleWebKit/537.36 (KHTML, like Gecko) Chrome/128.0.0.0 Safari/537.36" "-"
161.142.151.22 - - [13/Sep/2024:07:10:43 -0400] "GET /en/home/sessionValid?ts=1726225841659 HTTP/2.0" 200 5 "https://uat.decypha.com/en/people-list/Hassan-Debbarh-88079" "Mozilla/5.0 (Windows NT 10.0; Win64; x64) AppleWebKit/537.36 (KHTML, like Gecko) Chrome/128.0.0.0 Safari/537.36" "-"
52.70.240.171 - - [13/Sep/2024:07:10:43 -0400] "GET /ar/financial/rb/1/ase/futr HTTP/1.1" 302 0 "-" "Mozilla/5.0 (Macintosh; Intel Mac OS X 10_10_1) AppleWebKit/600.2.5 (KHTML, like Gecko) Version/8.0.2 Safari/600.2.5 (Amazonbot/0.1; +https://developer.amazon.com/support/amazonbot)" "-"
161.142.151.22 - - [13/Sep/2024:07:10:43 -0400] "GET /EN/menu/20/EG/EGX/reg/a/a/au/785/false?_=1726225841609 HTTP/2.0" 200 21826 "https://uat.decypha.com/en/people-list/Hassan-Debbarh-88079" "Mozilla/5.0 (Windows NT 10.0; Win64; x64) AppleWebKit/537.36 (KHTML, like Gecko) Chrome/128.0.0.0 Safari/537.36" "-"
161.142.151.22 - - [13/Sep/2024:07:10:43 -0400] "GET /EN/systemAudit/saveRecord?companyId=0&individualId=88079&url=https://uat.decypha.com/en/people-list/Hassan-Debbarh-88079&pageId=&ts=1726225841628 HTTP/2.0" 200 1 "https://uat.decypha.com/en/people-list/Hassan-Debbarh-88079" "Mozilla/5.0 (Windows NT 10.0; Win64; x64) AppleWebKit/537.36 (KHTML, like Gecko) Chrome/128.0.0.0 Safari/537.36" "-"
79.110.129.34 - - [13/Sep/2024:07:10:43 -0400] "GET /en/company-list/Ahmed-Abdullah-Bajnied---Co-Ltd-192168 HTTP/2.0" 200 321927 "https://www.google.com/" "Mozilla/5.0 (Macintosh; Intel Mac OS X 10_15_7) AppleWebKit/605.1.15 (KHTML, like Gecko) Version/17.6 Safari/605.1.15" "-"
79.110.129.34 - - [13/Sep/2024:07:10:43 -0400] "GET /resources/css/images/compressed_smile_face.jpg HTTP/2.0" 404 169 "https://uat.decypha.com/en/company-list/Ahmed-Abdullah-Bajnied---Co-Ltd-192168" "Mozilla/5.0 (Macintosh; Intel Mac OS X 10_15_7) AppleWebKit/605.1.15 (KHTML, like Gecko) Version/17.6 Safari/605.1.15" "-"
79.110.129.34 - - [13/Sep/2024:07:10:43 -0400] "GET /en/home/sessionValid?ts=1726225843748 HTTP/2.0" 200 5 "https://uat.decypha.com/en/company-list/Ahmed-Abdullah-Bajnied---Co-Ltd-192168" "Mozilla/5.0 (Macintosh; Intel Mac OS X 10_15_7) AppleWebKit/605.1.15 (KHTML, like Gecko) Version/17.6 Safari/605.1.15" "-"
79.110.129.34 - - [13/Sep/2024:07:10:43 -0400] "GET /EN/menu/20/EG/EGX/reg/a/a/au/785/false?_=1726225843735 HTTP/2.0" 200 21826 "https://uat.decypha.com/en/company-list/Ahmed-Abdullah-Bajnied---Co-Ltd-192168" "Mozilla/5.0 (Macintosh; Intel Mac OS X 10_15_7) AppleWebKit/605.1.15 (KHTML, like Gecko) Version/17.6 Safari/605.1.15" "-"
79.110.129.34 - - [13/Sep/2024:07:10:43 -0400] "GET /EN/systemAudit/saveRecord?companyId=192168&individualId=0&url=https://uat.decypha.com/en/company-list/Ahmed-Abdullah-Bajnied---Co-Ltd-192168&pageId=company_profile&ts=1726225843742 HTTP/2.0" 200 1 "https://uat.decypha.com/en/company-list/Ahmed-Abdullah-Bajnied---Co-Ltd-192168" "Mozilla/5.0 (Macintosh; Intel Mac OS X 10_15_7) AppleWebKit/605.1.15 (KHTML, like Gecko) Version/17.6 Safari/605.1.15" "-"
185.191.171.11 - - [13/Sep/2024:07:10:44 -0400] "GET /en/people-list/Tarek-Bouresli-75941 HTTP/1.1" 200 332182 "-" "Mozilla/5.0 (compatible; SemrushBot/7~bl; +http://www.semrush.com/bot.html)" "-"
111.90.145.71 - - [13/Sep/2024:07:10:45 -0400] "HEAD /membership/private_equity_analyst.html HTTP/1.1" 302 0 "https://uat.decypha.com/en/company-list/------------Al-Hamrani-Industrial-Group---767" "Mozilla/5.0 (Windows NT 6.1; WOW64; Trident/7.0; tb-gmx/2.6.9; rv:11.0) like Gecko" "-"
111.90.145.71 - - [13/Sep/2024:07:10:45 -0400] "HEAD /membership/trader.html HTTP/1.1" 302 0 "https://uat.decypha.com/en/company-list/------------Al-Hamrani-Industrial-Group---767" "Mozilla/5.0 (Windows NT 10.0; Win64; x64; Trident/7.0; Touch; tb-webde/2.6.0; MASMJS; rv:11.0) like Gecko" "-"
111.90.145.71 - - [13/Sep/2024:07:10:46 -0400] "HEAD /membership/hedge_funds.html HTTP/1.1" 302 0 "https://uat.decypha.com/en/company-list/------------Al-Hamrani-Industrial-Group---767" "Mozilla/5.0 (Windows NT 6.1) AppleWebKit/537.36 (KHTML, like Gecko) Chrome/53.0.2785.34 Safari/537.36" "-"
111.90.145.71 - - [13/Sep/2024:07:10:46 -0400] "HEAD /membership/academics.html HTTP/1.1" 302 0 "https://uat.decypha.com/en/company-list/------------Al-Hamrani-Industrial-Group---767" "Mozilla/5.0 (compatible; MSIE 10.0; Windows NT 6.1; WOW64; Trident/6.0; tb-webde/2.6.9; (webde/1.4.0.0))" "-"
111.90.145.71 - - [13/Sep/2024:07:10:46 -0400] "HEAD /membership/legal_practitioners.html HTTP/1.1" 302 0 "https://uat.decypha.com/en/company-list/------------Al-Hamrani-Industrial-Group---767" "Mozilla/4.0 (compatible; MSIE 7.0; AOL 9.0; Windows NT 6.1; WOW64; Trident/7.0; SLCC2; .NET CLR 2.0.50727; .NET CLR 3.5.30729; .NET CLR 3.0.30729; Media Center PC 6.0; HPNTDF; .NET4.0C; tb-gmx/2.6.7; .NET4.0E)" "-"
111.90.145.71 - - [13/Sep/2024:07:10:46 -0400] "HEAD /error/404 HTTP/1.1" 404 0 "https://uat.decypha.com/en/company-list/------------Al-Hamrani-Industrial-Group---767" "Mozilla/5.0 (Windows NT 6.1; WOW64; Trident/7.0; tb-gmx/2.6.9; rv:11.0) like Gecko" "-"
111.90.145.71 - - [13/Sep/2024:07:10:46 -0400] "HEAD /error/404 HTTP/1.1" 404 0 "https://uat.decypha.com/en/company-list/------------Al-Hamrani-Industrial-Group---767" "Mozilla/5.0 (Windows NT 10.0; Win64; x64; Trident/7.0; Touch; tb-webde/2.6.0; MASMJS; rv:11.0) like Gecko" "-"
111.90.145.71 - - [13/Sep/2024:07:10:46 -0400] "HEAD /error/404 HTTP/1.1" 404 0 "https://uat.decypha.com/en/company-list/------------Al-Hamrani-Industrial-Group---767" "Mozilla/5.0 (Windows NT 6.1) AppleWebKit/537.36 (KHTML, like Gecko) Chrome/53.0.2785.34 Safari/537.36" "-"
111.90.145.71 - - [13/Sep/2024:07:10:46 -0400] "HEAD /error/404 HTTP/1.1" 404 0 "https://uat.decypha.com/en/company-list/------------Al-Hamrani-Industrial-Group---767" "Mozilla/5.0 (compatible; MSIE 10.0; Windows NT 6.1; WOW64; Trident/6.0; tb-webde/2.6.9; (webde/1.4.0.0))" "-"
111.90.145.71 - - [13/Sep/2024:07:10:46 -0400] "HEAD /error/404 HTTP/1.1" 404 0 "https://uat.decypha.com/en/company-list/------------Al-Hamrani-Industrial-Group---767" "Mozilla/4.0 (compatible; MSIE 7.0; AOL 9.0; Windows NT 6.1; WOW64; Trident/7.0; SLCC2; .NET CLR 2.0.50727; .NET CLR 3.5.30729; .NET CLR 3.0.30729; Media Center PC 6.0; HPNTDF; .NET4.0C; tb-gmx/2.6.7; .NET4.0E)" "-"
111.90.145.71 - - [13/Sep/2024:07:10:47 -0400] "HEAD /membership/Equity.html HTTP/1.1" 302 0 "https://uat.decypha.com/en/company-list/------------Al-Hamrani-Industrial-Group---767" "Mozilla/5.0 (Windows NT 6.1; WOW64; Trident/7.0; MAAU; tb-gmx/2.6.7; (gmx/1.3.0.0); rv:11.0) like Gecko" "-"
111.90.145.71 - - [13/Sep/2024:07:10:47 -0400] "HEAD /membership/research_equity_analysts.html HTTP/1.1" 302 0 "https://uat.decypha.com/en/company-list/------------Al-Hamrani-Industrial-Group---767" "Mozilla/5.0 (compatible; MSIE 10.0; Windows NT 6.1; Win64; x64; Trident/6.0; tb-webde/2.6.7)" "-"
3.224.220.101 - - [13/Sep/2024:07:10:47 -0400] "GET /ar/financial/rb/1/ase/cico HTTP/1.1" 302 0 "-" "Mozilla/5.0 (Macintosh; Intel Mac OS X 10_10_1) AppleWebKit/600.2.5 (KHTML, like Gecko) Version/8.0.2 Safari/600.2.5 (Amazonbot/0.1; +https://developer.amazon.com/support/amazonbot)" "-"
185.191.171.14 - - [13/Sep/2024:07:10:47 -0400] "GET /ar/company-list/------------81038 HTTP/1.1" 200 315458 "-" "Mozilla/5.0 (compatible; SemrushBot/7~bl; +http://www.semrush.com/bot.html)" "-"
111.90.145.71 - - [13/Sep/2024:07:10:47 -0400] "HEAD /error/404 HTTP/1.1" 404 0 "https://uat.decypha.com/en/company-list/------------Al-Hamrani-Industrial-Group---767" "Mozilla/5.0 (Windows NT 6.1; WOW64; Trident/7.0; MAAU; tb-gmx/2.6.7; (gmx/1.3.0.0); rv:11.0) like Gecko" "-"
111.90.145.71 - - [13/Sep/2024:07:10:47 -0400] "HEAD /error/404 HTTP/1.1" 404 0 "https://uat.decypha.com/en/company-list/------------Al-Hamrani-Industrial-Group---767" "Mozilla/5.0 (compatible; MSIE 10.0; Windows NT 6.1; Win64; x64; Trident/6.0; tb-webde/2.6.7)" "-"
157.55.39.48 - - [13/Sep/2024:07:10:48 -0400] "GET /ar/company-list?region=%D8%A7%D9%84%D8%B4%D8%B1%D9%82%20%D8%A7%D9%84%D8%A3%D9%88%D8%B3%D8%B7%20%D9%88%D8%B4%D9%85%D8%A7%D9%84%20%D8%A5%D9%81%D8%B1%D9%8A%D9%82%D9%8A%D8%A7-20&country=%D8%AA%D9%88%D9%86%D8%B3-TN&page=5 HTTP/2.0" 200 345587 "-" "Mozilla/5.0 AppleWebKit/537.36 (KHTML, like Gecko; compatible; bingbot/2.0; +http://www.bing.com/bingbot.htm) Chrome/116.0.1938.76 Safari/537.36" "-"
111.90.145.71 - - [13/Sep/2024:07:10:48 -0400] "HEAD /membership/consult_ HTTP/1.1" 302 0 "https://uat.decypha.com/en/company-list/------------Al-Hamrani-Industrial-Group---767" "Mozilla/5.0 (compatible; MSIE 10.0; Windows NT 6.2; WOW64; Trident/7.0; tb-gmx/2.6.8)" "-"
111.90.145.71 - - [13/Sep/2024:07:10:48 -0400] "GET /membership/News.html HTTP/1.1" 302 0 "https://uat.decypha.com/en/company-list/------------Al-Hamrani-Industrial-Group---767" "Mozilla/4.0 (compatible; MSIE 8.0; Windows NT 5.1; Trident/4.0; .NET CLR 2.0.50727; .NET CLR 3.5.30729; .NET CLR 3.0.4506.2152; .NET4.0C; tb-gmx/2.6.6; (gmx/1.0.0.8))" "-"
111.90.145.71 - - [13/Sep/2024:07:10:48 -0400] "GET /membership/private_equity_analyst.html HTTP/1.1" 302 0 "https://uat.decypha.com/en/company-list/------------Al-Hamrani-Industrial-Group---767" "Mozilla/5.0 (Windows NT 6.1; WOW64; Trident/7.0; tb-gmx/2.6.9; rv:11.0) like Gecko" "-"
111.90.145.71 - - [13/Sep/2024:07:10:48 -0400] "GET /membership/trader.html HTTP/1.1" 302 0 "https://uat.decypha.com/en/company-list/------------Al-Hamrani-Industrial-Group---767" "Mozilla/5.0 (Windows NT 10.0; Win64; x64; Trident/7.0; Touch; tb-webde/2.6.0; MASMJS; rv:11.0) like Gecko" "-"
111.90.145.71 - - [13/Sep/2024:07:10:48 -0400] "HEAD /error/404 HTTP/1.1" 404 0 "https://uat.decypha.com/en/company-list/------------Al-Hamrani-Industrial-Group---767" "Mozilla/5.0 (compatible; MSIE 10.0; Windows NT 6.2; WOW64; Trident/7.0; tb-gmx/2.6.8)" "-"
111.90.145.71 - - [13/Sep/2024:07:10:48 -0400] "GET /membership/hedge_funds.html HTTP/1.1" 302 0 "https://uat.decypha.com/en/company-list/------------Al-Hamrani-Industrial-Group---767" "Mozilla/5.0 (Windows NT 6.1) AppleWebKit/537.36 (KHTML, like Gecko) Chrome/53.0.2785.34 Safari/537.36" "-"
111.90.145.71 - - [13/Sep/2024:07:10:49 -0400] "GET /membership/academics.html HTTP/1.1" 302 0 "https://uat.decypha.com/en/company-list/------------Al-Hamrani-Industrial-Group---767" "Mozilla/5.0 (compatible; MSIE 10.0; Windows NT 6.1; WOW64; Trident/6.0; tb-webde/2.6.9; (webde/1.4.0.0))" "-"
111.90.145.71 - - [13/Sep/2024:07:10:49 -0400] "GET /membership/legal_practitioners.html HTTP/1.1" 302 0 "https://uat.decypha.com/en/company-list/------------Al-Hamrani-Industrial-Group---767" "Mozilla/4.0 (compatible; MSIE 7.0; AOL 9.0; Windows NT 6.1; WOW64; Trident/7.0; SLCC2; .NET CLR 2.0.50727; .NET CLR 3.5.30729; .NET CLR 3.0.30729; Media Center PC 6.0; HPNTDF; .NET4.0C; tb-gmx/2.6.7; .NET4.0E)" "-"
111.90.145.71 - - [13/Sep/2024:07:10:49 -0400] "HEAD /membership/Fixed_Income.html HTTP/1.1" 302 0 "https://uat.decypha.com/en/company-list/------------Al-Hamrani-Industrial-Group---767" "Mozilla/5.0 (Windows NT 6.2; WOW64) AppleWebKit/537.36 (KHTML, like Gecko) Chrome/51.0.2704.106 Safari/537.36 ASW/1.51.2220.47" "-"
111.90.145.71 - - [13/Sep/2024:07:10:49 -0400] "GET /error/404 HTTP/1.1" 404 15008 "https://uat.decypha.com/en/company-list/------------Al-Hamrani-Industrial-Group---767" "Mozilla/5.0 (Windows NT 6.1; WOW64; Trident/7.0; tb-gmx/2.6.9; rv:11.0) like Gecko" "-"
111.90.145.71 - - [13/Sep/2024:07:10:49 -0400] "GET /error/404 HTTP/1.1" 404 15008 "https://uat.decypha.com/en/company-list/------------Al-Hamrani-Industrial-Group---767" "Mozilla/5.0 (Windows NT 10.0; Win64; x64; Trident/7.0; Touch; tb-webde/2.6.0; MASMJS; rv:11.0) like Gecko" "-"
111.90.145.71 - - [13/Sep/2024:07:10:49 -0400] "GET /error/404 HTTP/1.1" 404 15008 "https://uat.decypha.com/en/company-list/------------Al-Hamrani-Industrial-Group---767" "Mozilla/5.0 (Windows NT 6.1) AppleWebKit/537.36 (KHTML, like Gecko) Chrome/53.0.2785.34 Safari/537.36" "-"
111.90.145.71 - - [13/Sep/2024:07:10:49 -0400] "GET /error/404 HTTP/1.1" 404 14994 "https://uat.decypha.com/en/company-list/------------Al-Hamrani-Industrial-Group---767" "Mozilla/5.0 (compatible; MSIE 10.0; Windows NT 6.1; WOW64; Trident/6.0; tb-webde/2.6.9; (webde/1.4.0.0))" "-"
111.90.145.71 - - [13/Sep/2024:07:10:49 -0400] "GET /error/404 HTTP/1.1" 404 14994 "https://uat.decypha.com/en/company-list/------------Al-Hamrani-Industrial-Group---767" "Mozilla/4.0 (compatible; MSIE 7.0; AOL 9.0; Windows NT 6.1; WOW64; Trident/7.0; SLCC2; .NET CLR 2.0.50727; .NET CLR 3.5.30729; .NET CLR 3.0.30729; Media Center PC 6.0; HPNTDF; .NET4.0C; tb-gmx/2.6.7; .NET4.0E)" "-"
111.90.145.71 - - [13/Sep/2024:07:10:49 -0400] "HEAD /error/404 HTTP/1.1" 404 0 "https://uat.decypha.com/en/company-list/------------Al-Hamrani-Industrial-Group---767" "Mozilla/5.0 (Windows NT 6.2; WOW64) AppleWebKit/537.36 (KHTML, like Gecko) Chrome/51.0.2704.106 Safari/537.36 ASW/1.51.2220.47" "-"
111.90.145.71 - - [13/Sep/2024:07:10:50 -0400] "GET /membership/Equity.html HTTP/1.1" 302 0 "https://uat.decypha.com/en/company-list/------------Al-Hamrani-Industrial-Group---767" "Mozilla/5.0 (Windows NT 6.1; WOW64; Trident/7.0; MAAU; tb-gmx/2.6.7; (gmx/1.3.0.0); rv:11.0) like Gecko" "-"
111.90.145.71 - - [13/Sep/2024:07:10:50 -0400] "GET /membership/research_equity_analysts.html HTTP/1.1" 302 0 "https://uat.decypha.com/en/company-list/------------Al-Hamrani-Industrial-Group---767" "Mozilla/5.0 (compatible; MSIE 10.0; Windows NT 6.1; Win64; x64; Trident/6.0; tb-webde/2.6.7)" "-"
111.90.145.71 - - [13/Sep/2024:07:10:50 -0400] "GET /error/404 HTTP/1.1" 404 14994 "https://uat.decypha.com/en/company-list/------------Al-Hamrani-Industrial-Group---767" "Mozilla/5.0 (Windows NT 6.1; WOW64; Trident/7.0; MAAU; tb-gmx/2.6.7; (gmx/1.3.0.0); rv:11.0) like Gecko" "-"
111.90.145.71 - - [13/Sep/2024:07:10:50 -0400] "GET /error/404 HTTP/1.1" 404 14994 "https://uat.decypha.com/en/company-list/------------Al-Hamrani-Industrial-Group---767" "Mozilla/5.0 (compatible; MSIE 10.0; Windows NT 6.1; Win64; x64; Trident/6.0; tb-webde/2.6.7)" "-"
111.90.145.71 - - [13/Sep/2024:07:10:50 -0400] "GET /error/404 HTTP/1.1" 404 14994 "https://uat.decypha.com/en/company-list/------------Al-Hamrani-Industrial-Group---767" "Mozilla/4.0 (compatible; MSIE 8.0; Windows NT 5.1; Trident/4.0; .NET CLR 2.0.50727; .NET CLR 3.5.30729; .NET CLR 3.0.4506.2152; .NET4.0C; tb-gmx/2.6.6; (gmx/1.0.0.8))" "-"
111.90.145.71 - - [13/Sep/2024:07:10:51 -0400] "GET /membership/consult_ HTTP/1.1" 302 0 "https://uat.decypha.com/en/company-list/------------Al-Hamrani-Industrial-Group---767" "Mozilla/5.0 (compatible; MSIE 10.0; Windows NT 6.2; WOW64; Trident/7.0; tb-gmx/2.6.8)" "-"
52.167.144.136 - - [13/Sep/2024:07:10:51 -0400] "GET /ar/company-list/----------------------------992 HTTP/2.0" 200 317078 "-" "Mozilla/5.0 AppleWebKit/537.36 (KHTML, like Gecko; compatible; bingbot/2.0; +http://www.bing.com/bingbot.htm) Chrome/116.0.1938.76 Safari/537.36" "-"
3.224.220.101 - - [13/Sep/2024:07:10:51 -0400] "GET /ar/financial/rb/1/ase/jopi HTTP/1.1" 302 0 "-" "Mozilla/5.0 (Macintosh; Intel Mac OS X 10_10_1) AppleWebKit/600.2.5 (KHTML, like Gecko) Version/8.0.2 Safari/600.2.5 (Amazonbot/0.1; +https://developer.amazon.com/support/amazonbot)" "-"
52.167.144.136 - - [13/Sep/2024:07:10:51 -0400] "GET /en/company-list/------------Saudi-ABV-General-Contractors--Co-Ltd---77067 HTTP/2.0" 200 304035 "-" "Mozilla/5.0 AppleWebKit/537.36 (KHTML, like Gecko; compatible; bingbot/2.0; +http://www.bing.com/bingbot.htm) Chrome/116.0.1938.76 Safari/537.36" "-"
111.90.145.71 - - [13/Sep/2024:07:10:51 -0400] "GET /error/404 HTTP/1.1" 404 15008 "https://uat.decypha.com/en/company-list/------------Al-Hamrani-Industrial-Group---767" "Mozilla/5.0 (compatible; MSIE 10.0; Windows NT 6.2; WOW64; Trident/7.0; tb-gmx/2.6.8)" "-"
66.249.79.1 - - [13/Sep/2024:07:10:51 -0400] "GET /en/company-list/------------Gmmostech-Marine-and-Technical-Services--1244 HTTP/1.1" 200 338791 "-" "Mozilla/5.0 (Linux; Android 6.0.1; Nexus 5X Build/MMB29P) AppleWebKit/537.36 (KHTML, like Gecko) Chrome/128.0.6613.137 Mobile Safari/537.36 (compatible; Googlebot/2.1; +http://www.google.com/bot.html)" "-"
66.249.79.7 - - [13/Sep/2024:07:10:51 -0400] "GET /en/company-management/page/QA/Khalifa%20Steel%20Industries-73426 HTTP/1.1" 302 0 "-" "Mozilla/5.0 (Linux; Android 6.0.1; Nexus 5X Build/MMB29P) AppleWebKit/537.36 (KHTML, like Gecko) Chrome/128.0.6613.137 Mobile Safari/537.36 (compatible; Googlebot/2.1; +http://www.google.com/bot.html)" "-"
