159.65.15.172 - - [13/Sep/2024:06:59:13 -0400] "GET /stats.php HTTP/1.1" 302 0 "-" "Mozilla/5.0 (Windows NT 10.0; Win64; x64) AppleWebKit/537.36 (KHTML, like Gecko) Chrome/85.0.4183.102 Safari/537.36" "-"
159.65.15.172 - - [13/Sep/2024:06:59:13 -0400] "GET /error/404 HTTP/1.1" 404 14953 "-" "Mozilla/5.0 (Windows NT 10.0; Win64; x64) AppleWebKit/537.36 (KHTML, like Gecko) Chrome/85.0.4183.102 Safari/537.36" "-"
85.208.96.194 - - [13/Sep/2024:06:59:13 -0400] "GET /ar/company-list/%D9%85%D9%88%D9%83%D9%8A%D8%AA-%D9%85%D8%A7%D9%83o-807 HTTP/1.1" 200 314162 "-" "Mozilla/5.0 (compatible; SemrushBot/7~bl; +http://www.semrush.com/bot.html)" "-"
159.53.174.143 - - [13/Sep/2024:06:59:13 -0400] "GET /resources/js/lib/grid.locale-en.min.js?ver=785 HTTP/1.1" 200 2984 "https://uat.decypha.com/en/company-list/NTS-Saudi-Co-Ltd-132436" "Mozilla/5.0 (Windows NT 10.0; Win64; x64) AppleWebKit/537.36 (KHTML, like Gecko) Chrome/127.0.0.0 Safari/537.36" "-"
159.53.174.143 - - [13/Sep/2024:06:59:13 -0400] "GET /resources/js/min/common.libs-min.js?ver=785 HTTP/1.1" 200 239973 "https://uat.decypha.com/en/company-list/NTS-Saudi-Co-Ltd-132436" "Mozilla/5.0 (Windows NT 10.0; Win64; x64) AppleWebKit/537.36 (KHTML, like Gecko) Chrome/127.0.0.0 Safari/537.36" "-"
159.53.174.143 - - [13/Sep/2024:06:59:13 -0400] "GET /resources/js/min/dfn.chart-min.js?ver=785 HTTP/1.1" 200 212933 "https://uat.decypha.com/en/company-list/NTS-Saudi-Co-Ltd-132436" "Mozilla/5.0 (Windows NT 10.0; Win64; x64) AppleWebKit/537.36 (KHTML, like Gecko) Chrome/127.0.0.0 Safari/537.36" "-"
159.53.174.143 - - [13/Sep/2024:06:59:14 -0400] "GET /resources/js/lib/jquery.jqGrid.min.js?ver=785 HTTP/1.1" 200 638583 "https://uat.decypha.com/en/company-list/NTS-Saudi-Co-Ltd-132436" "Mozilla/5.0 (Windows NT 10.0; Win64; x64) AppleWebKit/537.36 (KHTML, like Gecko) Chrome/127.0.0.0 Safari/537.36" "-"
159.53.174.143 - - [13/Sep/2024:06:59:14 -0400] "GET /resources/js/membership/min/membership.js?version=785 HTTP/1.1" 200 14717 "https://uat.decypha.com/en/company-list/NTS-Saudi-Co-Ltd-132436" "Mozilla/5.0 (Windows NT 10.0; Win64; x64) AppleWebKit/537.36 (KHTML, like Gecko) Chrome/127.0.0.0 Safari/537.36" "-"
159.53.174.143 - - [13/Sep/2024:06:59:14 -0400] "GET /resources/css/images/decypha_logo_optimized.png HTTP/1.1" 200 2981 "https://uat.decypha.com/en/company-list/NTS-Saudi-Co-Ltd-132436" "Mozilla/5.0 (Windows NT 10.0; Win64; x64) AppleWebKit/537.36 (KHTML, like Gecko) Chrome/127.0.0.0 Safari/537.36" "-"
159.53.174.143 - - [13/Sep/2024:06:59:14 -0400] "GET /resources/js/min/dfn.table-min.js?version=785 HTTP/1.1" 200 8021 "https://uat.decypha.com/en/company-list/NTS-Saudi-Co-Ltd-132436" "Mozilla/5.0 (Windows NT 10.0; Win64; x64) AppleWebKit/537.36 (KHTML, like Gecko) Chrome/127.0.0.0 Safari/537.36" "-"
114.119.151.168 - - [13/Sep/2024:06:59:14 -0400] "GET /en/stock-chart/public/bk/WETHAQ%60R HTTP/1.1" 400 5 "https://uat.decypha.com/en/company-list/------------Wethaq-Takaful-Insurance---13433" "Mozilla/5.0 (Linux; Android 7.0;) AppleWebKit/537.36 (KHTML, like Gecko) Mobile Safari/537.36 (compatible; PetalBot;+https://webmaster.petalsearch.com/site/petalbot)" "-"
159.53.174.143 - - [13/Sep/2024:06:59:14 -0400] "GET /resources/css/images/compressed_smile_face.jpg HTTP/1.1" 404 571 "https://uat.decypha.com/en/company-list/NTS-Saudi-Co-Ltd-132436" "Mozilla/5.0 (Windows NT 10.0; Win64; x64) AppleWebKit/537.36 (KHTML, like Gecko) Chrome/127.0.0.0 Safari/537.36" "-"
159.53.174.143 - - [13/Sep/2024:06:59:15 -0400] "GET /resources/js/lib/jquery-1.8.3.min.js?ver=785 HTTP/1.1" 200 93636 "https://uat.decypha.com/en/company-list/NTS-Saudi-Co-Ltd-132436" "Mozilla/5.0 (Windows NT 10.0; Win64; x64) AppleWebKit/537.36 (KHTML, like Gecko) Chrome/127.0.0.0 Safari/537.36" "-"
159.53.174.143 - - [13/Sep/2024:06:59:15 -0400] "GET /resources/js/lib/bootstrap.min.js?ver=785 HTTP/1.1" 200 48944 "https://uat.decypha.com/en/company-list/NTS-Saudi-Co-Ltd-132436" "Mozilla/5.0 (Windows NT 10.0; Win64; x64) AppleWebKit/537.36 (KHTML, like Gecko) Chrome/127.0.0.0 Safari/537.36" "-"
159.65.15.172 - - [13/Sep/2024:06:59:15 -0400] "GET /gec212.php HTTP/1.1" 302 0 "-" "Mozilla/5.0 (Windows NT 10.0; Win64; x64) AppleWebKit/537.36 (KHTML, like Gecko) Chrome/85.0.4183.102 Safari/537.36" "-"
159.53.174.143 - - [13/Sep/2024:06:59:15 -0400] "GET /resources/js/min/jquery.libs-min.js?ver=785 HTTP/1.1" 200 410956 "https://uat.decypha.com/en/company-list/NTS-Saudi-Co-Ltd-132436" "Mozilla/5.0 (Windows NT 10.0; Win64; x64) AppleWebKit/537.36 (KHTML, like Gecko) Chrome/127.0.0.0 Safari/537.36" "-"
159.65.15.172 - - [13/Sep/2024:06:59:15 -0400] "GET /error/404 HTTP/1.1" 404 14953 "-" "Mozilla/5.0 (Windows NT 10.0; Win64; x64) AppleWebKit/537.36 (KHTML, like Gecko) Chrome/85.0.4183.102 Safari/537.36" "-"
159.53.174.143 - - [13/Sep/2024:06:59:15 -0400] "GET /resources/styles/main.css?ver=785 HTTP/1.1" 200 986602 "https://uat.decypha.com/en/company-list/NTS-Saudi-Co-Ltd-132436" "Mozilla/5.0 (Windows NT 10.0; Win64; x64) AppleWebKit/537.36 (KHTML, like Gecko) Chrome/127.0.0.0 Safari/537.36" "-"
159.53.174.143 - - [13/Sep/2024:06:59:16 -0400] "GET /resources/css/images/en/icons.png HTTP/1.1" 200 25349 "https://uat.decypha.com/resources/styles/main.css?ver=785" "Mozilla/5.0 (Windows NT 10.0; Win64; x64) AppleWebKit/537.36 (KHTML, like Gecko) Chrome/127.0.0.0 Safari/537.36" "-"
159.53.174.143 - - [13/Sep/2024:06:59:16 -0400] "GET /en/home/sessionValid?ts=1726225156134 HTTP/1.1" 200 15 "https://uat.decypha.com/en/company-list/NTS-Saudi-Co-Ltd-132436" "Mozilla/5.0 (Windows NT 10.0; Win64; x64) AppleWebKit/537.36 (KHTML, like Gecko) Chrome/127.0.0.0 Safari/537.36" "-"
159.53.174.143 - - [13/Sep/2024:06:59:16 -0400] "GET /resources/fonts/fa-brands-400.woff2 HTTP/1.1" 200 61336 "https://uat.decypha.com/resources/styles/main.css?ver=785" "Mozilla/5.0 (Windows NT 10.0; Win64; x64) AppleWebKit/537.36 (KHTML, like Gecko) Chrome/127.0.0.0 Safari/537.36" "-"
159.53.174.143 - - [13/Sep/2024:06:59:16 -0400] "GET /resources/css/images/footer_map.png HTTP/1.1" 200 8674 "https://uat.decypha.com/resources/styles/main.css?ver=785" "Mozilla/5.0 (Windows NT 10.0; Win64; x64) AppleWebKit/537.36 (KHTML, like Gecko) Chrome/127.0.0.0 Safari/537.36" "-"
159.53.174.143 - - [13/Sep/2024:06:59:16 -0400] "GET /resources/fonts/fa-solid-900.woff2 HTTP/1.1" 200 50372 "https://uat.decypha.com/resources/styles/main.css?ver=785" "Mozilla/5.0 (Windows NT 10.0; Win64; x64) AppleWebKit/537.36 (KHTML, like Gecko) Chrome/127.0.0.0 Safari/537.36" "-"
159.53.174.143 - - [13/Sep/2024:06:59:16 -0400] "GET /EN/menu/20/EG/EGX/reg/a/a/au/785/false?_=1726225156101 HTTP/1.1" 200 21861 "https://uat.decypha.com/en/company-list/NTS-Saudi-Co-Ltd-132436" "Mozilla/5.0 (Windows NT 10.0; Win64; x64) AppleWebKit/537.36 (KHTML, like Gecko) Chrome/127.0.0.0 Safari/537.36" "-"
3.224.220.101 - - [13/Sep/2024:06:59:17 -0400] "GET /ar/ma-deals/public/ase/JETT/615 HTTP/1.1" 200 318412 "-" "Mozilla/5.0 (Macintosh; Intel Mac OS X 10_10_1) AppleWebKit/600.2.5 (KHTML, like Gecko) Version/8.0.2 Safari/600.2.5 (Amazonbot/0.1; +https://developer.amazon.com/support/amazonbot)" "-"
159.53.174.143 - - [13/Sep/2024:06:59:18 -0400] "GET /EN/systemAudit/saveRecord?companyId=132436&individualId=0&url=https://uat.decypha.com/en/company-list/NTS-Saudi-Co-Ltd-132436&pageId=company_profile&ts=1726225156116 HTTP/1.1" 200 11 "https://uat.decypha.com/en/company-list/NTS-Saudi-Co-Ltd-132436" "Mozilla/5.0 (Windows NT 10.0; Win64; x64) AppleWebKit/537.36 (KHTML, like Gecko) Chrome/127.0.0.0 Safari/537.36" "-"
159.53.174.143 - - [13/Sep/2024:06:59:18 -0400] "GET /resources/css/images/favicon.ico?ver=2.0 HTTP/1.1" 200 381 "https://uat.decypha.com/en/company-list/NTS-Saudi-Co-Ltd-132436" "Mozilla/5.0 (Windows NT 10.0; Win64; x64) AppleWebKit/537.36 (KHTML, like Gecko) Chrome/127.0.0.0 Safari/537.36" "-"
52.70.240.171 - - [13/Sep/2024:06:59:19 -0400] "GET /ar/stock-announcement/ase/JETT HTTP/1.1" 302 0 "-" "Mozilla/5.0 (Macintosh; Intel Mac OS X 10_10_1) AppleWebKit/600.2.5 (KHTML, like Gecko) Version/8.0.2 Safari/600.2.5 (Amazonbot/0.1; +https://developer.amazon.com/support/amazonbot)" "-"
159.65.15.172 - - [13/Sep/2024:06:59:20 -0400] "GET /azdare.php HTTP/1.1" 302 0 "-" "Mozilla/5.0 (Windows NT 10.0; Win64; x64) AppleWebKit/537.36 (KHTML, like Gecko) Chrome/85.0.4183.102 Safari/537.36" "-"
159.65.15.172 - - [13/Sep/2024:06:59:20 -0400] "GET /error/404 HTTP/1.1" 404 14953 "-" "Mozilla/5.0 (Windows NT 10.0; Win64; x64) AppleWebKit/537.36 (KHTML, like Gecko) Chrome/85.0.4183.102 Safari/537.36" "-"
159.65.15.172 - - [13/Sep/2024:06:59:21 -0400] "GET /laymu.php HTTP/1.1" 302 0 "-" "Mozilla/5.0 (Windows NT 10.0; Win64; x64) AppleWebKit/537.36 (KHTML, like Gecko) Chrome/85.0.4183.102 Safari/537.36" "-"
159.65.15.172 - - [13/Sep/2024:06:59:21 -0400] "GET /error/404 HTTP/1.1" 404 14953 "-" "Mozilla/5.0 (Windows NT 10.0; Win64; x64) AppleWebKit/537.36 (KHTML, like Gecko) Chrome/85.0.4183.102 Safari/537.36" "-"
159.65.15.172 - - [13/Sep/2024:06:59:22 -0400] "GET /macibay.php HTTP/1.1" 302 0 "-" "Mozilla/5.0 (Windows NT 10.0; Win64; x64) AppleWebKit/537.36 (KHTML, like Gecko) Chrome/85.0.4183.102 Safari/537.36" "-"
159.65.15.172 - - [13/Sep/2024:06:59:22 -0400] "GET /error/404 HTTP/1.1" 404 14953 "-" "Mozilla/5.0 (Windows NT 10.0; Win64; x64) AppleWebKit/537.36 (KHTML, like Gecko) Chrome/85.0.4183.102 Safari/537.36" "-"
52.70.240.171 - - [13/Sep/2024:06:59:24 -0400] "GET /ar/company-management/ase/JETT HTTP/1.1" 302 0 "-" "Mozilla/5.0 (Macintosh; Intel Mac OS X 10_10_1) AppleWebKit/600.2.5 (KHTML, like Gecko) Version/8.0.2 Safari/600.2.5 (Amazonbot/0.1; +https://developer.amazon.com/support/amazonbot)" "-"
159.65.15.172 - - [13/Sep/2024:06:59:24 -0400] "GET /fdgfdgdsfd.php HTTP/1.1" 302 0 "-" "Mozilla/5.0 (Windows NT 10.0; Win64; x64) AppleWebKit/537.36 (KHTML, like Gecko) Chrome/85.0.4183.102 Safari/537.36" "-"
159.65.15.172 - - [13/Sep/2024:06:59:24 -0400] "GET /error/404 HTTP/1.1" 404 14953 "-" "Mozilla/5.0 (Windows NT 10.0; Win64; x64) AppleWebKit/537.36 (KHTML, like Gecko) Chrome/85.0.4183.102 Safari/537.36" "-"
157.55.39.57 - - [13/Sep/2024:06:59:25 -0400] "GET /en/people-list/Hamad-Al-Muftah-475265 HTTP/2.0" 200 328817 "-" "Mozilla/5.0 AppleWebKit/537.36 (KHTML, like Gecko; compatible; bingbot/2.0; +http://www.bing.com/bingbot.htm) Chrome/116.0.1938.76 Safari/537.36" "-"
159.65.15.172 - - [13/Sep/2024:06:59:26 -0400] "GET /wp-update.php HTTP/1.1" 302 0 "-" "Mozilla/5.0 (Windows NT 10.0; Win64; x64) AppleWebKit/537.36 (KHTML, like Gecko) Chrome/85.0.4183.102 Safari/537.36" "-"
159.65.15.172 - - [13/Sep/2024:06:59:26 -0400] "GET /error/404 HTTP/1.1" 404 14953 "-" "Mozilla/5.0 (Windows NT 10.0; Win64; x64) AppleWebKit/537.36 (KHTML, like Gecko) Chrome/85.0.4183.102 Safari/537.36" "-"
3.224.220.101 - - [13/Sep/2024:06:59:27 -0400] "GET /ar/real-time-prices/ase/JETT HTTP/1.1" 302 0 "-" "Mozilla/5.0 (Macintosh; Intel Mac OS X 10_10_1) AppleWebKit/600.2.5 (KHTML, like Gecko) Version/8.0.2 Safari/600.2.5 (Amazonbot/0.1; +https://developer.amazon.com/support/amazonbot)" "-"
159.65.15.172 - - [13/Sep/2024:06:59:27 -0400] "GET /legal.php HTTP/1.1" 302 0 "-" "Mozilla/5.0 (Windows NT 10.0; Win64; x64) AppleWebKit/537.36 (KHTML, like Gecko) Chrome/85.0.4183.102 Safari/537.36" "-"
159.65.15.172 - - [13/Sep/2024:06:59:27 -0400] "GET /error/404 HTTP/1.1" 404 14953 "-" "Mozilla/5.0 (Windows NT 10.0; Win64; x64) AppleWebKit/537.36 (KHTML, like Gecko) Chrome/85.0.4183.102 Safari/537.36" "-"
85.208.96.208 - - [13/Sep/2024:06:59:28 -0400] "GET /en/company-management/public/----Les-Ateliers-M-caniques-du-Sahel---14710 HTTP/1.1" 200 327317 "-" "Mozilla/5.0 (compatible; SemrushBot/7~bl; +http://www.semrush.com/bot.html)" "-"
114.119.130.3 - - [13/Sep/2024:06:59:28 -0400] "GET /EN/stock-news/page/AE/Nettresults-85455 HTTP/1.1" 302 0 "https://uat.decypha.com/en/stock-news/public/Nettresults-85455" "Mozilla/5.0 (Linux; Android 7.0;) AppleWebKit/537.36 (KHTML, like Gecko) Mobile Safari/537.36 (compatible; PetalBot;+https://webmaster.petalsearch.com/site/petalbot)" "-"
159.65.15.172 - - [13/Sep/2024:06:59:29 -0400] "GET /yuuki2.php HTTP/1.1" 302 0 "-" "Mozilla/5.0 (Windows NT 10.0; Win64; x64) AppleWebKit/537.36 (KHTML, like Gecko) Chrome/85.0.4183.102 Safari/537.36" "-"
159.65.15.172 - - [13/Sep/2024:06:59:29 -0400] "GET /error/404 HTTP/1.1" 404 14953 "-" "Mozilla/5.0 (Windows NT 10.0; Win64; x64) AppleWebKit/537.36 (KHTML, like Gecko) Chrome/85.0.4183.102 Safari/537.36" "-"
52.167.144.167 - - [13/Sep/2024:06:59:30 -0400] "GET /en/people-list/Abdullah%C2%A0Al-Sulaiti-120077 HTTP/2.0" 200 331986 "-" "Mozilla/5.0 AppleWebKit/537.36 (KHTML, like Gecko; compatible; bingbot/2.0; +http://www.bing.com/bingbot.htm) Chrome/116.0.1938.76 Safari/537.36" "-"
159.65.15.172 - - [13/Sep/2024:06:59:31 -0400] "GET /rootshell.php HTTP/1.1" 302 0 "-" "Mozilla/5.0 (Windows NT 10.0; Win64; x64) AppleWebKit/537.36 (KHTML, like Gecko) Chrome/85.0.4183.102 Safari/537.36" "-"
52.70.240.171 - - [13/Sep/2024:06:59:31 -0400] "GET /ar/company-profile/ase/JETT HTTP/1.1" 302 0 "-" "Mozilla/5.0 (Macintosh; Intel Mac OS X 10_10_1) AppleWebKit/600.2.5 (KHTML, like Gecko) Version/8.0.2 Safari/600.2.5 (Amazonbot/0.1; +https://developer.amazon.com/support/amazonbot)" "-"
159.65.15.172 - - [13/Sep/2024:06:59:31 -0400] "GET /error/404 HTTP/1.1" 404 14953 "-" "Mozilla/5.0 (Windows NT 10.0; Win64; x64) AppleWebKit/537.36 (KHTML, like Gecko) Chrome/85.0.4183.102 Safari/537.36" "-"
52.167.144.167 - - [13/Sep/2024:06:59:32 -0400] "GET /en/company-list/Gargash-Insurance-Services-LLC-99762 HTTP/2.0" 200 300695 "-" "Mozilla/5.0 AppleWebKit/537.36 (KHTML, like Gecko; compatible; bingbot/2.0; +http://www.bing.com/bingbot.htm) Chrome/116.0.1938.76 Safari/537.36" "-"
159.65.15.172 - - [13/Sep/2024:06:59:32 -0400] "GET /rexx.php HTTP/1.1" 302 0 "-" "Mozilla/5.0 (Windows NT 10.0; Win64; x64) AppleWebKit/537.36 (KHTML, like Gecko) Chrome/85.0.4183.102 Safari/537.36" "-"
159.65.15.172 - - [13/Sep/2024:06:59:33 -0400] "GET /error/404 HTTP/1.1" 404 14953 "-" "Mozilla/5.0 (Windows NT 10.0; Win64; x64) AppleWebKit/537.36 (KHTML, like Gecko) Chrome/85.0.4183.102 Safari/537.36" "-"
3.224.220.101 - - [13/Sep/2024:06:59:35 -0400] "GET /ar/stock-overview/ase/JETT HTTP/1.1" 302 0 "-" "Mozilla/5.0 (Macintosh; Intel Mac OS X 10_10_1) AppleWebKit/600.2.5 (KHTML, like Gecko) Version/8.0.2 Safari/600.2.5 (Amazonbot/0.1; +https://developer.amazon.com/support/amazonbot)" "-"
159.65.15.172 - - [13/Sep/2024:06:59:37 -0400] "GET /adminer.php HTTP/1.1" 302 0 "-" "Mozilla/5.0 (Windows NT 10.0; Win64; x64) AppleWebKit/537.36 (KHTML, like Gecko) Chrome/85.0.4183.102 Safari/537.36" "-"
72.26.216.37 - - [13/Sep/2024:06:59:37 -0400] "GET / HTTP/1.1" 200 565802 "-" "Uptime-Kuma/1.23.13" "-"
3.224.220.101 - - [13/Sep/2024:06:59:39 -0400] "GET /ar/stock-news/ase/JETT HTTP/1.1" 302 0 "-" "Mozilla/5.0 (Macintosh; Intel Mac OS X 10_10_1) AppleWebKit/600.2.5 (KHTML, like Gecko) Version/8.0.2 Safari/600.2.5 (Amazonbot/0.1; +https://developer.amazon.com/support/amazonbot)" "-"
185.191.171.8 - - [13/Sep/2024:06:59:43 -0400] "GET /ar/people-list/%D8%AC%D9%8A%D8%B1%D8%A8%D8%B1%D8%A7%D9%86%D8%AF-%D9%86%D9%8A%D8%AC%D9%85%D8%A7%D9%86-167184 HTTP/1.1" 200 344422 "-" "Mozilla/5.0 (compatible; SemrushBot/7~bl; +http://www.semrush.com/bot.html)" "-"
3.224.220.101 - - [13/Sep/2024:06:59:43 -0400] "GET /ar/investment/ase/JETT HTTP/1.1" 302 0 "-" "Mozilla/5.0 (Macintosh; Intel Mac OS X 10_10_1) AppleWebKit/600.2.5 (KHTML, like Gecko) Version/8.0.2 Safari/600.2.5 (Amazonbot/0.1; +https://developer.amazon.com/support/amazonbot)" "-"
157.55.39.57 - - [13/Sep/2024:06:59:46 -0400] "GET /en/people-list/-467395 HTTP/2.0" 200 325263 "-" "Mozilla/5.0 AppleWebKit/537.36 (KHTML, like Gecko; compatible; bingbot/2.0; +http://www.bing.com/bingbot.htm) Chrome/116.0.1938.76 Safari/537.36" "-"
3.224.220.101 - - [13/Sep/2024:06:59:47 -0400] "GET /ar/financial/fnr/ase/JETT HTTP/1.1" 302 0 "-" "Mozilla/5.0 (Macintosh; Intel Mac OS X 10_10_1) AppleWebKit/600.2.5 (KHTML, like Gecko) Version/8.0.2 Safari/600.2.5 (Amazonbot/0.1; +https://developer.amazon.com/support/amazonbot)" "-"
157.55.39.57 - - [13/Sep/2024:06:59:48 -0400] "GET /EN/corporate-actions/PEX/NAPCO HTTP/2.0" 200 333057 "-" "Mozilla/5.0 AppleWebKit/537.36 (KHTML, like Gecko; compatible; bingbot/2.0; +http://www.bing.com/bingbot.htm) Chrome/116.0.1938.76 Safari/537.36" "-"
66.249.79.7 - - [13/Sep/2024:06:59:51 -0400] "GET /individuals/images/352590.jpg HTTP/1.1" 404 169 "-" "Googlebot-Image/1.0" "-"
52.70.240.171 - - [13/Sep/2024:06:59:53 -0400] "GET /ar/ma-deals/public/ase/NATA/720 HTTP/1.1" 200 318383 "-" "Mozilla/5.0 (Macintosh; Intel Mac OS X 10_10_1) AppleWebKit/600.2.5 (KHTML, like Gecko) Version/8.0.2 Safari/600.2.5 (Amazonbot/0.1; +https://developer.amazon.com/support/amazonbot)" "-"
3.224.220.101 - - [13/Sep/2024:06:59:55 -0400] "GET /ar/stock-announcement/ase/NATA HTTP/1.1" 302 0 "-" "Mozilla/5.0 (Macintosh; Intel Mac OS X 10_10_1) AppleWebKit/600.2.5 (KHTML, like Gecko) Version/8.0.2 Safari/600.2.5 (Amazonbot/0.1; +https://developer.amazon.com/support/amazonbot)" "-"
85.208.96.193 - - [13/Sep/2024:06:59:58 -0400] "GET /EN/investment/public/Tadrees%20Holding-75676 HTTP/1.1" 200 370256 "-" "Mozilla/5.0 (compatible; SemrushBot/7~bl; +http://www.semrush.com/bot.html)" "-"
3.224.220.101 - - [13/Sep/2024:06:59:59 -0400] "GET /ar/company-management/ase/NATA HTTP/1.1" 302 0 "-" "Mozilla/5.0 (Macintosh; Intel Mac OS X 10_10_1) AppleWebKit/600.2.5 (KHTML, like Gecko) Version/8.0.2 Safari/600.2.5 (Amazonbot/0.1; +https://developer.amazon.com/support/amazonbot)" "-"
185.191.171.19 - - [13/Sep/2024:07:00:03 -0400] "GET /en/company-list/ATL-1674 HTTP/1.1" 200 360936 "-" "Mozilla/5.0 (compatible; SemrushBot/7~bl; +http://www.semrush.com/bot.html)" "-"
52.70.240.171 - - [13/Sep/2024:07:00:03 -0400] "GET /ar/real-time-prices/ase/NATA HTTP/1.1" 302 0 "-" "Mozilla/5.0 (Macintosh; Intel Mac OS X 10_10_1) AppleWebKit/600.2.5 (KHTML, like Gecko) Version/8.0.2 Safari/600.2.5 (Amazonbot/0.1; +https://developer.amazon.com/support/amazonbot)" "-"
157.55.39.57 - - [13/Sep/2024:07:00:04 -0400] "GET /ar/stock-announcement/BK/AINS%60R HTTP/2.0" 400 0 "-" "Mozilla/5.0 AppleWebKit/537.36 (KHTML, like Gecko; compatible; bingbot/2.0; +http://www.bing.com/bingbot.htm) Chrome/116.0.1938.76 Safari/537.36" "-"
157.55.39.57 - - [13/Sep/2024:07:00:05 -0400] "GET /resources/js/dfnplus/pages/equity/company/min/corporateActions.js?version=785 HTTP/2.0" 200 22025 "-" "Mozilla/5.0 AppleWebKit/537.36 (KHTML, like Gecko; compatible; bingbot/2.0; +http://www.bing.com/bingbot.htm) Chrome/116.0.1938.76 Safari/537.36" "-"
52.70.240.171 - - [13/Sep/2024:07:00:07 -0400] "GET /ar/company-profile/ase/NATA HTTP/1.1" 302 0 "-" "Mozilla/5.0 (Macintosh; Intel Mac OS X 10_10_1) AppleWebKit/600.2.5 (KHTML, like Gecko) Version/8.0.2 Safari/600.2.5 (Amazonbot/0.1; +https://developer.amazon.com/support/amazonbot)" "-"
52.70.240.171 - - [13/Sep/2024:07:00:11 -0400] "GET /ar/stock-overview/ase/NATA HTTP/1.1" 302 0 "-" "Mozilla/5.0 (Macintosh; Intel Mac OS X 10_10_1) AppleWebKit/600.2.5 (KHTML, like Gecko) Version/8.0.2 Safari/600.2.5 (Amazonbot/0.1; +https://developer.amazon.com/support/amazonbot)" "-"
173.252.107.114 - - [13/Sep/2024:07:00:13 -0400] "GET /en/company-list/Port-Said-Container-and-Cargo-Handling-921 HTTP/2.0" 200 386332 "-" "facebookexternalhit/1.1 (+http://www.facebook.com/externalhit_uatext.php)" "-"
185.191.171.17 - - [13/Sep/2024:07:00:14 -0400] "GET /ar/company-list/-%D8%A7%D9%84%D8%B4%D8%B1%D9%83%D8%A9-%D8%A7%D9%84%D8%B9%D8%A7%D9%85%D8%A9-%D8%A7%D9%84%D9%85%D8%BA%D8%B1%D8%A8%D9%8A%D8%A9-%D9%84%D9%84%D8%A3%D8%A8%D9%86%D8%A7%D9%83o-13134 HTTP/1.1" 200 317617 "-" "Mozilla/5.0 (compatible; SemrushBot/7~bl; +http://www.semrush.com/bot.html)" "-"
52.70.240.171 - - [13/Sep/2024:07:00:15 -0400] "GET /ar/stock-news/ase/NATA HTTP/1.1" 302 0 "-" "Mozilla/5.0 (Macintosh; Intel Mac OS X 10_10_1) AppleWebKit/600.2.5 (KHTML, like Gecko) Version/8.0.2 Safari/600.2.5 (Amazonbot/0.1; +https://developer.amazon.com/support/amazonbot)" "-"
159.138.97.227 - - [13/Sep/2024:07:00:17 -0400] "GET /en/company-list/Egyptian-Transport-and-Commercial-Services-Co-SAE-559 HTTP/2.0" 200 379208 "-" "Mozilla/5.0 (Windows NT 10.0; Win64; x64) AppleWebKit/537.36 (KHTML, like Gecko) Chrome/104.0.0.0 Safari/537.36" "-"
52.70.240.171 - - [13/Sep/2024:07:00:19 -0400] "GET /ar/investment/ase/NATA HTTP/1.1" 302 0 "-" "Mozilla/5.0 (Macintosh; Intel Mac OS X 10_10_1) AppleWebKit/600.2.5 (KHTML, like Gecko) Version/8.0.2 Safari/600.2.5 (Amazonbot/0.1; +https://developer.amazon.com/support/amazonbot)" "-"
85.208.96.212 - - [13/Sep/2024:07:00:22 -0400] "GET /AR/investment/public/%D8%B4%D8%B1%D9%83%D8%A9%20%D8%A7%D9%84%D8%AC%D8%A8%D9%8A%D9%84%20%D8%A7%D9%84%D9%85%D8%AA%D9%83%D8%A7%D9%85%D9%84%D8%A9%20%D9%84%D9%84%D8%AA%D8%BA%D9%84%D9%8A%D9%81%20%D8%A7%D9%84%D9%85%D8%AD%D8%AF%D9%88%D8%AF%D8%A9-36831 HTTP/1.1" 200 378404 "-" "Mozilla/5.0 (compatible; SemrushBot/7~bl; +http://www.semrush.com/bot.html)" "-"
3.224.220.101 - - [13/Sep/2024:07:00:23 -0400] "GET /ar/financial/fnr/ase/NATA HTTP/1.1" 302 0 "-" "Mozilla/5.0 (Macintosh; Intel Mac OS X 10_10_1) AppleWebKit/600.2.5 (KHTML, like Gecko) Version/8.0.2 Safari/600.2.5 (Amazonbot/0.1; +https://developer.amazon.com/support/amazonbot)" "-"
52.70.240.171 - - [13/Sep/2024:07:00:29 -0400] "GET /ar/ma-deals/public/msx/DCFI/170 HTTP/1.1" 200 318486 "-" "Mozilla/5.0 (Macintosh; Intel Mac OS X 10_10_1) AppleWebKit/600.2.5 (KHTML, like Gecko) Version/8.0.2 Safari/600.2.5 (Amazonbot/0.1; +https://developer.amazon.com/support/amazonbot)" "-"
194.29.55.100 - - [13/Sep/2024:07:00:30 -0400] "GET /en/company-management/public/natural-stone-co-llc---oman-71111 HTTP/1.1" 200 285960 "-" "Mozilla/5.0 (Windows NT 10.0; Win64; x64; rv:109.0) Gecko/20100101 Firefox/111.0" "-"
23.22.35.162 - - [13/Sep/2024:07:00:31 -0400] "GET /ar/stock-announcement/msx/DCFI HTTP/1.1" 302 0 "-" "Mozilla/5.0 (Macintosh; Intel Mac OS X 10_10_1) AppleWebKit/600.2.5 (KHTML, like Gecko) Version/8.0.2 Safari/600.2.5 (Amazonbot/0.1; +https://developer.amazon.com/support/amazonbot)" "-"
52.70.240.171 - - [13/Sep/2024:07:00:35 -0400] "GET /ar/company-management/msx/DCFI HTTP/1.1" 302 0 "-" "Mozilla/5.0 (Macintosh; Intel Mac OS X 10_10_1) AppleWebKit/600.2.5 (KHTML, like Gecko) Version/8.0.2 Safari/600.2.5 (Amazonbot/0.1; +https://developer.amazon.com/support/amazonbot)" "-"
52.167.144.167 - - [13/Sep/2024:07:00:35 -0400] "GET /ar/news/details/-%D8%A7%D9%84%D8%AE%D9%84%D9%8A%D8%AC-%D9%84%D9%84%D8%AA%D8%AF%D8%B1%D9%8A%D8%A8--%D9%88-%D8%A7%D9%84%D9%83%D8%A7%D8%A8%D9%84%D8%A7%D8%AA--%D8%AA%D8%B9%D9%84%D9%86%D8%A7%D9%86-%D8%AA%D8%B9%D8%B0%D8%B1%D9%87%D9%85%D8%A7-%D9%86%D8%B4%D8%B1-%D8%A7%D9%84%D9%86%D8%AA%D8%A7%D8%A6%D8%AC-%D8%A7%D9%84%D9%85%D8%A7%D9%84%D9%8A%D8%A9-%D9%84%D9%84%D8%B1%D8%A8%D8%B9-%D8%A7%D9%84%D8%A3%D9%88%D9%84o/23483702?L=AR HTTP/2.0" 200 332773 "-" "Mozilla/5.0 AppleWebKit/537.36 (KHTML, like Gecko; compatible; bingbot/2.0; +http://www.bing.com/bingbot.htm) Chrome/116.0.1938.76 Safari/537.36" "-"
66.249.79.7 - - [13/Sep/2024:07:00:35 -0400] "GET /en/company-list/------------Al-Zahra-PVT-Hospital-Dubai-LLC---29681 HTTP/1.1" 200 305305 "-" "Mozilla/5.0 (Linux; Android 6.0.1; Nexus 5X Build/MMB29P) AppleWebKit/537.36 (KHTML, like Gecko) Chrome/128.0.6613.137 Mobile Safari/537.36 (compatible; Googlebot/2.1; +http://www.google.com/bot.html)" "-"
52.167.144.167 - - [13/Sep/2024:07:00:37 -0400] "GET /en/people-list/Youssef-Attia-467980 HTTP/2.0" 200 325242 "-" "Mozilla/5.0 AppleWebKit/537.36 (KHTML, like Gecko; compatible; bingbot/2.0; +http://www.bing.com/bingbot.htm) Chrome/116.0.1938.76 Safari/537.36" "-"
52.167.144.167 - - [13/Sep/2024:07:00:38 -0400] "GET /en/people-list/Siham-Al-Shaksy-124262 HTTP/2.0" 200 325879 "-" "Mozilla/5.0 AppleWebKit/537.36 (KHTML, like Gecko; compatible; bingbot/2.0; +http://www.bing.com/bingbot.htm) Chrome/116.0.1938.76 Safari/537.36" "-"
66.249.79.1 - - [13/Sep/2024:07:00:38 -0400] "GET /en/company-list/Continental-Trading-Co-74973 HTTP/1.1" 200 297542 "-" "Mozilla/5.0 (Linux; Android 6.0.1; Nexus 5X Build/MMB29P) AppleWebKit/537.36 (KHTML, like Gecko) Chrome/128.0.6613.137 Mobile Safari/537.36 (compatible; Googlebot/2.1; +http://www.google.com/bot.html)" "-"
3.224.220.101 - - [13/Sep/2024:07:00:39 -0400] "GET /ar/real-time-prices/msx/DCFI HTTP/1.1" 302 0 "-" "Mozilla/5.0 (Macintosh; Intel Mac OS X 10_10_1) AppleWebKit/600.2.5 (KHTML, like Gecko) Version/8.0.2 Safari/600.2.5 (Amazonbot/0.1; +https://developer.amazon.com/support/amazonbot)" "-"
66.249.79.8 - - [13/Sep/2024:07:00:39 -0400] "GET /en/investment/public/Etisalat-Services-Holding-LLC-31972 HTTP/1.1" 200 371891 "-" "Mozilla/5.0 (Linux; Android 6.0.1; Nexus 5X Build/MMB29P) AppleWebKit/537.36 (KHTML, like Gecko) Chrome/128.0.6613.137 Mobile Safari/537.36 (compatible; Googlebot/2.1; +http://www.google.com/bot.html)" "-"
85.208.96.207 - - [13/Sep/2024:07:00:41 -0400] "GET /en/people-list/Rafik%20Messai-129013 HTTP/1.1" 200 332300 "-" "Mozilla/5.0 (compatible; SemrushBot/7~bl; +http://www.semrush.com/bot.html)" "-"
3.224.220.101 - - [13/Sep/2024:07:00:43 -0400] "GET /ar/company-profile/msx/DCFI HTTP/1.1" 302 0 "-" "Mozilla/5.0 (Macintosh; Intel Mac OS X 10_10_1) AppleWebKit/600.2.5 (KHTML, like Gecko) Version/8.0.2 Safari/600.2.5 (Amazonbot/0.1; +https://developer.amazon.com/support/amazonbot)" "-"
40.77.167.47 - - [13/Sep/2024:07:00:46 -0400] "GET /en/people-list/Marwan-Algarem-467136 HTTP/2.0" 200 325258 "-" "Mozilla/5.0 AppleWebKit/537.36 (KHTML, like Gecko; compatible; bingbot/2.0; +http://www.bing.com/bingbot.htm) Chrome/116.0.1938.76 Safari/537.36" "-"
52.70.240.171 - - [13/Sep/2024:07:00:47 -0400] "GET /ar/stock-overview/msx/DCFI HTTP/1.1" 302 0 "-" "Mozilla/5.0 (Macintosh; Intel Mac OS X 10_10_1) AppleWebKit/600.2.5 (KHTML, like Gecko) Version/8.0.2 Safari/600.2.5 (Amazonbot/0.1; +https://developer.amazon.com/support/amazonbot)" "-"
57.141.0.9 - - [13/Sep/2024:07:00:50 -0400] "GET /en/company-management/public/Stork-Mechanical-Services-and-Maintenance-Co-Kscc-153995 HTTP/2.0" 200 283037 "-" "facebookexternalhit/1.1 (+http://www.facebook.com/externalhit_uatext.php)" "-"
3.224.220.101 - - [13/Sep/2024:07:00:51 -0400] "GET /ar/stock-news/msx/DCFI HTTP/1.1" 302 0 "-" "Mozilla/5.0 (Macintosh; Intel Mac OS X 10_10_1) AppleWebKit/600.2.5 (KHTML, like Gecko) Version/8.0.2 Safari/600.2.5 (Amazonbot/0.1; +https://developer.amazon.com/support/amazonbot)" "-"
23.22.35.162 - - [13/Sep/2024:07:00:55 -0400] "GET /ar/investment/msx/DCFI HTTP/1.1" 302 0 "-" "Mozilla/5.0 (Macintosh; Intel Mac OS X 10_10_1) AppleWebKit/600.2.5 (KHTML, like Gecko) Version/8.0.2 Safari/600.2.5 (Amazonbot/0.1; +https://developer.amazon.com/support/amazonbot)" "-"
52.167.144.192 - - [13/Sep/2024:07:00:55 -0400] "GET /en/company-list/Al-Dhabi-Trading-and-Contracting-Co-WLL-160651 HTTP/2.0" 200 295889 "-" "Mozilla/5.0 AppleWebKit/537.36 (KHTML, like Gecko; compatible; bingbot/2.0; +http://www.bing.com/bingbot.htm) Chrome/116.0.1938.76 Safari/537.36" "-"
23.22.35.162 - - [13/Sep/2024:07:00:59 -0400] "GET /ar/financial/fnr/msx/DCFI HTTP/1.1" 302 0 "-" "Mozilla/5.0 (Macintosh; Intel Mac OS X 10_10_1) AppleWebKit/600.2.5 (KHTML, like Gecko) Version/8.0.2 Safari/600.2.5 (Amazonbot/0.1; +https://developer.amazon.com/support/amazonbot)" "-"
3.224.220.101 - - [13/Sep/2024:07:01:04 -0400] "GET /ar/ma-deals/public/qe/SIIS/1658 HTTP/1.1" 200 329922 "-" "Mozilla/5.0 (Macintosh; Intel Mac OS X 10_10_1) AppleWebKit/600.2.5 (KHTML, like Gecko) Version/8.0.2 Safari/600.2.5 (Amazonbot/0.1; +https://developer.amazon.com/support/amazonbot)" "-"
185.191.171.1 - - [13/Sep/2024:07:01:05 -0400] "GET /EN/stock-news/ASE/JEDI HTTP/1.1" 302 0 "-" "Mozilla/5.0 (compatible; SemrushBot/7~bl; +http://www.semrush.com/bot.html)" "-"
40.77.167.47 - - [13/Sep/2024:07:01:06 -0400] "GET /en/company-list/Al-Rajhi-Advanced-Construction-LLC-90963 HTTP/2.0" 200 297371 "-" "Mozilla/5.0 AppleWebKit/537.36 (KHTML, like Gecko; compatible; bingbot/2.0; +http://www.bing.com/bingbot.htm) Chrome/116.0.1938.76 Safari/537.36" "-"
3.224.220.101 - - [13/Sep/2024:07:01:07 -0400] "GET /ar/stock-announcement/qe/SIIS HTTP/1.1" 302 0 "-" "Mozilla/5.0 (Macintosh; Intel Mac OS X 10_10_1) AppleWebKit/600.2.5 (KHTML, like Gecko) Version/8.0.2 Safari/600.2.5 (Amazonbot/0.1; +https://developer.amazon.com/support/amazonbot)" "-"
3.224.220.101 - - [13/Sep/2024:07:01:11 -0400] "GET /ar/company-management/qe/SIIS HTTP/1.1" 302 0 "-" "Mozilla/5.0 (Macintosh; Intel Mac OS X 10_10_1) AppleWebKit/600.2.5 (KHTML, like Gecko) Version/8.0.2 Safari/600.2.5 (Amazonbot/0.1; +https://developer.amazon.com/support/amazonbot)" "-"
157.55.39.57 - - [13/Sep/2024:07:01:11 -0400] "GET /ar/stock-news/public/--------------------------166470 HTTP/2.0" 200 290213 "-" "Mozilla/5.0 AppleWebKit/537.36 (KHTML, like Gecko; compatible; bingbot/2.0; +http://www.bing.com/bingbot.htm) Chrome/116.0.1938.76 Safari/537.36" "-"
157.55.39.57 - - [13/Sep/2024:07:01:12 -0400] "GET /ar/company-profile/LBBSE/CBB%60REG HTTP/2.0" 400 0 "-" "Mozilla/5.0 AppleWebKit/537.36 (KHTML, like Gecko; compatible; bingbot/2.0; +http://www.bing.com/bingbot.htm) Chrome/116.0.1938.76 Safari/537.36" "-"
23.22.35.162 - - [13/Sep/2024:07:01:15 -0400] "GET /ar/real-time-prices/qe/SIIS HTTP/1.1" 302 0 "-" "Mozilla/5.0 (Macintosh; Intel Mac OS X 10_10_1) AppleWebKit/600.2.5 (KHTML, like Gecko) Version/8.0.2 Safari/600.2.5 (Amazonbot/0.1; +https://developer.amazon.com/support/amazonbot)" "-"
52.70.240.171 - - [13/Sep/2024:07:01:19 -0400] "GET /ar/company-profile/qe/SIIS HTTP/1.1" 302 0 "-" "Mozilla/5.0 (Macintosh; Intel Mac OS X 10_10_1) AppleWebKit/600.2.5 (KHTML, like Gecko) Version/8.0.2 Safari/600.2.5 (Amazonbot/0.1; +https://developer.amazon.com/support/amazonbot)" "-"
72.26.216.37 - - [13/Sep/2024:07:01:20 -0400] "GET / HTTP/1.1" 200 565816 "-" "Uptime-Kuma/1.23.13" "-"
40.77.167.47 - - [13/Sep/2024:07:01:20 -0400] "GET /ar/stock-overview/public/TDWL/1030 HTTP/2.0" 200 349958 "-" "Mozilla/5.0 AppleWebKit/537.36 (KHTML, like Gecko; compatible; bingbot/2.0; +http://www.bing.com/bingbot.htm) Chrome/116.0.1938.76 Safari/537.36" "-"
52.70.240.171 - - [13/Sep/2024:07:01:23 -0400] "GET /ar/stock-overview/qe/SIIS HTTP/1.1" 302 0 "-" "Mozilla/5.0 (Macintosh; Intel Mac OS X 10_10_1) AppleWebKit/600.2.5 (KHTML, like Gecko) Version/8.0.2 Safari/600.2.5 (Amazonbot/0.1; +https://developer.amazon.com/support/amazonbot)" "-"
185.191.171.11 - - [13/Sep/2024:07:01:25 -0400] "GET /en/company-list/----Intermediate-Petrochemicals-Industries--1421 HTTP/1.1" 200 409416 "-" "Mozilla/5.0 (compatible; SemrushBot/7~bl; +http://www.semrush.com/bot.html)" "-"
3.224.220.101 - - [13/Sep/2024:07:01:27 -0400] "GET /ar/stock-news/qe/SIIS HTTP/1.1" 302 0 "-" "Mozilla/5.0 (Macintosh; Intel Mac OS X 10_10_1) AppleWebKit/600.2.5 (KHTML, like Gecko) Version/8.0.2 Safari/600.2.5 (Amazonbot/0.1; +https://developer.amazon.com/support/amazonbot)" "-"
23.22.35.162 - - [13/Sep/2024:07:01:31 -0400] "GET /ar/investment/qe/SIIS HTTP/1.1" 302 0 "-" "Mozilla/5.0 (Macintosh; Intel Mac OS X 10_10_1) AppleWebKit/600.2.5 (KHTML, like Gecko) Version/8.0.2 Safari/600.2.5 (Amazonbot/0.1; +https://developer.amazon.com/support/amazonbot)" "-"
57.141.0.9 - - [13/Sep/2024:07:01:32 -0400] "GET /en/investment/public/Siraj-Finance-PJSC-33354 HTTP/2.0" 200 367610 "-" "facebookexternalhit/1.1 (+http://www.facebook.com/externalhit_uatext.php)" "-"
57.141.0.19 - - [13/Sep/2024:07:01:35 -0400] "GET /EN/stock-news/page/SA/Alkan-Co-Saudi-Arabia-89527 HTTP/2.0" 302 0 "-" "facebookexternalhit/1.1 (+http://www.facebook.com/externalhit_uatext.php)" "-"
52.70.240.171 - - [13/Sep/2024:07:01:35 -0400] "GET /ar/financial/fnr/qe/SIIS HTTP/1.1" 302 0 "-" "Mozilla/5.0 (Macintosh; Intel Mac OS X 10_10_1) AppleWebKit/600.2.5 (KHTML, like Gecko) Version/8.0.2 Safari/600.2.5 (Amazonbot/0.1; +https://developer.amazon.com/support/amazonbot)" "-"
40.77.167.47 - - [13/Sep/2024:07:01:37 -0400] "GET /en/people-list/Adel-Aldahnan-424715 HTTP/2.0" 200 323606 "-" "Mozilla/5.0 AppleWebKit/537.36 (KHTML, like Gecko; compatible; bingbot/2.0; +http://www.bing.com/bingbot.htm) Chrome/116.0.1938.76 Safari/537.36" "-"
40.77.167.47 - - [13/Sep/2024:07:01:38 -0400] "GET /ar/announcement-details/4182630?L=AR HTTP/2.0" 200 334554 "-" "Mozilla/5.0 AppleWebKit/537.36 (KHTML, like Gecko; compatible; bingbot/2.0; +http://www.bing.com/bingbot.htm) Chrome/116.0.1938.76 Safari/537.36" "-"
57.141.0.15 - - [13/Sep/2024:07:01:38 -0400] "GET /ar/company-list/%D8%A7%D9%84%D9%85%D8%AC%D9%85%D9%88%D8%B9%D9%87-%D8%A7%D9%84%D9%85%D8%A7%D9%84%D9%8A%D9%87-%D9%87%D9%8A%D8%B1%D9%85%D8%B3-%D8%A7%D9%84%D9%82%D8%A7%D8%A8%D8%B6%D9%87o-1174 HTTP/2.0" 200 424411 "-" "meta-externalagent/1.1 (+https://developers.facebook.com/docs/sharing/webmasters/crawler)" "-"
52.70.240.171 - - [13/Sep/2024:07:01:40 -0400] "GET /ar/ma-deals/public/tdwl/1080/43 HTTP/1.1" 200 318296 "-" "Mozilla/5.0 (Macintosh; Intel Mac OS X 10_10_1) AppleWebKit/600.2.5 (KHTML, like Gecko) Version/8.0.2 Safari/600.2.5 (Amazonbot/0.1; +https://developer.amazon.com/support/amazonbot)" "-"
52.70.240.171 - - [13/Sep/2024:07:01:43 -0400] "GET /ar/company-profile/tdwl/1080 HTTP/1.1" 302 0 "-" "Mozilla/5.0 (Macintosh; Intel Mac OS X 10_10_1) AppleWebKit/600.2.5 (KHTML, like Gecko) Version/8.0.2 Safari/600.2.5 (Amazonbot/0.1; +https://developer.amazon.com/support/amazonbot)" "-"
57.141.0.21 - - [13/Sep/2024:07:01:44 -0400] "GET /ar/people-list/%D9%81%D9%88%D8%A7%D8%B2-%D8%A7%D9%84%D8%AD%D9%83%D9%8A%D8%B1-73838 HTTP/2.0" 200 368751 "-" "facebookexternalhit/1.1 (+http://www.facebook.com/externalhit_uatext.php)" "-"
111.119.195.191 - - [13/Sep/2024:07:01:45 -0400] "GET /en/company-list/------------INVENTO-Co----206004 HTTP/2.0" 200 293251 "-" "Mozilla/5.0 (Windows NT 10.0; Win64; x64) AppleWebKit/537.36 (KHTML, like Gecko) Chrome/104.0.0.0 Safari/537.36" "-"
157.55.39.57 - - [13/Sep/2024:07:01:46 -0400] "GET /ar/people-list/%D9%85%D8%AD%D9%85%D8%AF-%D8%B9%D8%B3%D9%82%D9%84%D8%A7%D9%86%D9%8A-477425 HTTP/2.0" 200 339842 "-" "Mozilla/5.0 AppleWebKit/537.36 (KHTML, like Gecko; compatible; bingbot/2.0; +http://www.bing.com/bingbot.htm) Chrome/116.0.1938.76 Safari/537.36" "-"
23.22.35.162 - - [13/Sep/2024:07:01:47 -0400] "GET /ar/stock-announcement/tdwl/1080 HTTP/1.1" 302 0 "-" "Mozilla/5.0 (Macintosh; Intel Mac OS X 10_10_1) AppleWebKit/600.2.5 (KHTML, like Gecko) Version/8.0.2 Safari/600.2.5 (Amazonbot/0.1; +https://developer.amazon.com/support/amazonbot)" "-"
157.55.39.57 - - [13/Sep/2024:07:01:47 -0400] "GET /ar/news/details/--------------------1-25--------------------------------------------2022/21308907?TSID=,3382183,&EDT=,62,9, HTTP/2.0" 200 343865 "-" "Mozilla/5.0 AppleWebKit/537.36 (KHTML, like Gecko; compatible; bingbot/2.0; +http://www.bing.com/bingbot.htm) Chrome/116.0.1938.76 Safari/537.36" "-"
66.249.79.8 - - [13/Sep/2024:07:01:48 -0400] "GET /en/people-list/Murshed-Al-Redaini-146788 HTTP/1.1" 200 331194 "-" "Mozilla/5.0 (Linux; Android 6.0.1; Nexus 5X Build/MMB29P) AppleWebKit/537.36 (KHTML, like Gecko) Chrome/128.0.6613.137 Mobile Safari/537.36 (compatible; Googlebot/2.1; +http://www.google.com/bot.html)" "-"
66.249.79.1 - - [13/Sep/2024:07:01:48 -0400] "GET /en/company-management/page/SA/Oasis%20Ameron%20Co%20Ltd-78176 HTTP/1.1" 302 0 "-" "Mozilla/5.0 (Linux; Android 6.0.1; Nexus 5X Build/MMB29P) AppleWebKit/537.36 (KHTML, like Gecko) Chrome/128.0.6613.137 Mobile Safari/537.36 (compatible; Googlebot/2.1; +http://www.google.com/bot.html)" "-"
66.249.79.7 - - [13/Sep/2024:07:01:50 -0400] "GET /EN/individual-profile/Bandar%20Sulaiman%20Mohammed%20Albohiry/SA/92169 HTTP/1.1" 302 0 "-" "Mozilla/5.0 (Linux; Android 6.0.1; Nexus 5X Build/MMB29P) AppleWebKit/537.36 (KHTML, like Gecko) Chrome/128.0.6613.137 Mobile Safari/537.36 (compatible; Googlebot/2.1; +http://www.google.com/bot.html)" "-"
20.245.48.97 - - [13/Sep/2024:07:01:51 -0400] "GET /en/company-list/------------core-engineering-consultancy-llc---157101 HTTP/1.1" 200 316025 "-" "Mozilla/5.0 (Windows NT 10.0; Win64; x64; rv:109.0) Gecko/20100101 Firefox/111.0" "-"
3.224.220.101 - - [13/Sep/2024:07:01:51 -0400] "GET /ar/company-management/tdwl/1080 HTTP/1.1" 302 0 "-" "Mozilla/5.0 (Macintosh; Intel Mac OS X 10_10_1) AppleWebKit/600.2.5 (KHTML, like Gecko) Version/8.0.2 Safari/600.2.5 (Amazonbot/0.1; +https://developer.amazon.com/support/amazonbot)" "-"
85.208.96.208 - - [13/Sep/2024:07:01:51 -0400] "GET /en/company-management/public/Jeddah-Chamber-of-Commerce-and-Industry-88421 HTTP/1.1" 200 311332 "-" "Mozilla/5.0 (compatible; SemrushBot/7~bl; +http://www.semrush.com/bot.html)" "-"
52.70.240.171 - - [13/Sep/2024:07:01:55 -0400] "GET /ar/real-time-prices/tdwl/1080 HTTP/1.1" 302 0 "-" "Mozilla/5.0 (Macintosh; Intel Mac OS X 10_10_1) AppleWebKit/600.2.5 (KHTML, like Gecko) Version/8.0.2 Safari/600.2.5 (Amazonbot/0.1; +https://developer.amazon.com/support/amazonbot)" "-"
52.70.240.171 - - [13/Sep/2024:07:01:59 -0400] "GET /ar/stock-overview/tdwl/1080 HTTP/1.1" 302 0 "-" "Mozilla/5.0 (Macintosh; Intel Mac OS X 10_10_1) AppleWebKit/600.2.5 (KHTML, like Gecko) Version/8.0.2 Safari/600.2.5 (Amazonbot/0.1; +https://developer.amazon.com/support/amazonbot)" "-"
185.191.171.2 - - [13/Sep/2024:07:02:00 -0400] "GET /en/investment/public/----Egyptian-Arabian-Themar-Securities-Brokerage---586 HTTP/1.1" 200 401148 "-" "Mozilla/5.0 (compatible; SemrushBot/7~bl; +http://www.semrush.com/bot.html)" "-"
52.70.240.171 - - [13/Sep/2024:07:02:03 -0400] "GET /ar/stock-news/tdwl/1080 HTTP/1.1" 302 0 "-" "Mozilla/5.0 (Macintosh; Intel Mac OS X 10_10_1) AppleWebKit/600.2.5 (KHTML, like Gecko) Version/8.0.2 Safari/600.2.5 (Amazonbot/0.1; +https://developer.amazon.com/support/amazonbot)" "-"
185.191.171.10 - - [13/Sep/2024:07:02:04 -0400] "GET /en/corporate-actions/tdwl/4051 HTTP/1.1" 200 334777 "-" "Mozilla/5.0 (compatible; SemrushBot/7~bl; +http://www.semrush.com/bot.html)" "-"
40.77.167.47 - - [13/Sep/2024:07:02:04 -0400] "GET /en/company-profile/TDWL/1302 HTTP/2.0" 302 0 "-" "Mozilla/5.0 AppleWebKit/537.36 (KHTML, like Gecko; compatible; bingbot/2.0; +http://www.bing.com/bingbot.htm) Chrome/116.0.1938.76 Safari/537.36" "-"
185.191.171.6 - - [13/Sep/2024:07:02:07 -0400] "GET /en/company-list/ADCM-Altus-Investment-Management-Limited-125258 HTTP/1.1" 200 282806 "-" "Mozilla/5.0 (compatible; SemrushBot/7~bl; +http://www.semrush.com/bot.html)" "-"
52.70.240.171 - - [13/Sep/2024:07:02:07 -0400] "GET /ar/investment/tdwl/1080 HTTP/1.1" 302 0 "-" "Mozilla/5.0 (Macintosh; Intel Mac OS X 10_10_1) AppleWebKit/600.2.5 (KHTML, like Gecko) Version/8.0.2 Safari/600.2.5 (Amazonbot/0.1; +https://developer.amazon.com/support/amazonbot)" "-"
52.167.144.192 - - [13/Sep/2024:07:02:07 -0400] "GET /en/people-list/Mohamed-El-Sayed-466758 HTTP/2.0" 200 325295 "-" "Mozilla/5.0 AppleWebKit/537.36 (KHTML, like Gecko; compatible; bingbot/2.0; +http://www.bing.com/bingbot.htm) Chrome/116.0.1938.76 Safari/537.36" "-"
157.55.39.57 - - [13/Sep/2024:07:02:09 -0400] "GET /en/company-management/public/Global-Export-Marketing-SAL-OffShore-191030 HTTP/2.0" 200 282846 "-" "Mozilla/5.0 AppleWebKit/537.36 (KHTML, like Gecko; compatible; bingbot/2.0; +http://www.bing.com/bingbot.htm) Chrome/116.0.1938.76 Safari/537.36" "-"
52.70.240.171 - - [13/Sep/2024:07:02:11 -0400] "GET /ar/financial/fnr/tdwl/1080 HTTP/1.1" 302 0 "-" "Mozilla/5.0 (Macintosh; Intel Mac OS X 10_10_1) AppleWebKit/600.2.5 (KHTML, like Gecko) Version/8.0.2 Safari/600.2.5 (Amazonbot/0.1; +https://developer.amazon.com/support/amazonbot)" "-"
85.208.96.205 - - [13/Sep/2024:07:02:15 -0400] "GET /EN/investment/public/Specialized%20Glass%20Industries%20Group%20KSCC-43920 HTTP/1.1" 200 371893 "-" "Mozilla/5.0 (compatible; SemrushBot/7~bl; +http://www.semrush.com/bot.html)" "-"
52.70.240.171 - - [13/Sep/2024:07:02:17 -0400] "GET /ar/ma-deals/public/ase/JTEL/612 HTTP/1.1" 200 323701 "-" "Mozilla/5.0 (Macintosh; Intel Mac OS X 10_10_1) AppleWebKit/600.2.5 (KHTML, like Gecko) Version/8.0.2 Safari/600.2.5 (Amazonbot/0.1; +https://developer.amazon.com/support/amazonbot)" "-"
57.141.0.4 - - [13/Sep/2024:07:02:18 -0400] "GET /en/people-list/Faisal%C2%A0Al-Thani-415616 HTTP/2.0" 200 325848 "-" "meta-externalagent/1.1 (+https://developers.facebook.com/docs/sharing/webmasters/crawler)" "-"
23.22.35.162 - - [13/Sep/2024:07:02:19 -0400] "GET /ar/stock-announcement/ase/JTEL HTTP/1.1" 302 0 "-" "Mozilla/5.0 (Macintosh; Intel Mac OS X 10_10_1) AppleWebKit/600.2.5 (KHTML, like Gecko) Version/8.0.2 Safari/600.2.5 (Amazonbot/0.1; +https://developer.amazon.com/support/amazonbot)" "-"
57.141.0.9 - - [13/Sep/2024:07:02:22 -0400] "GET /EN/company-list/----Allied-Cooperative-Insurance-Group---633 HTTP/2.0" 200 377045 "-" "facebookexternalhit/1.1 (+http://www.facebook.com/externalhit_uatext.php)" "-"
52.70.240.171 - - [13/Sep/2024:07:02:23 -0400] "GET /ar/company-management/ase/JTEL HTTP/1.1" 302 0 "-" "Mozilla/5.0 (Macintosh; Intel Mac OS X 10_10_1) AppleWebKit/600.2.5 (KHTML, like Gecko) Version/8.0.2 Safari/600.2.5 (Amazonbot/0.1; +https://developer.amazon.com/support/amazonbot)" "-"
57.141.0.25 - - [13/Sep/2024:07:02:23 -0400] "GET /ar/people-list/%D8%B9%D8%AF%D9%88%D8%A7%D9%86-%D8%A7%D9%84%D8%B9%D8%AF%D9%88%D8%A7%D9%86%D9%8A-75724 HTTP/2.0" 200 368998 "-" "meta-externalagent/1.1 (+https://developers.facebook.com/docs/sharing/webmasters/crawler)" "-"
57.141.0.23 - - [13/Sep/2024:07:02:24 -0400] "GET /en/company-management/public/NI-Capital-118414 HTTP/2.0" 200 285084 "-" "meta-externalagent/1.1 (+https://developers.facebook.com/docs/sharing/webmasters/crawler)" "-"
57.141.0.2 - - [13/Sep/2024:07:02:24 -0400] "GET /ar/company-list/--------------------------33018 HTTP/2.0" 200 325636 "-" "facebookexternalhit/1.1 (+http://www.facebook.com/externalhit_uatext.php)" "-"
52.70.240.171 - - [13/Sep/2024:07:02:27 -0400] "GET /ar/real-time-prices/ase/JTEL HTTP/1.1" 302 0 "-" "Mozilla/5.0 (Macintosh; Intel Mac OS X 10_10_1) AppleWebKit/600.2.5 (KHTML, like Gecko) Version/8.0.2 Safari/600.2.5 (Amazonbot/0.1; +https://developer.amazon.com/support/amazonbot)" "-"
173.252.83.8 - - [13/Sep/2024:07:02:29 -0400] "GET /en/company-management/public/NI-Capital-118414 HTTP/2.0" 200 285084 "-" "meta-externalagent/1.1 (+https://developers.facebook.com/docs/sharing/webmasters/crawler)" "-"
69.171.249.1 - - [13/Sep/2024:07:02:30 -0400] "GET /en/company-list/FTV-Proclad-LLC-92290 HTTP/2.0" 200 295602 "-" "meta-externalagent/1.1 (+https://developers.facebook.com/docs/sharing/webmasters/crawler)" "-"
23.22.35.162 - - [13/Sep/2024:07:02:32 -0400] "GET /ar/company-profile/ase/JTEL HTTP/1.1" 302 0 "-" "Mozilla/5.0 (Macintosh; Intel Mac OS X 10_10_1) AppleWebKit/600.2.5 (KHTML, like Gecko) Version/8.0.2 Safari/600.2.5 (Amazonbot/0.1; +https://developer.amazon.com/support/amazonbot)" "-"
57.141.0.4 - - [13/Sep/2024:07:02:33 -0400] "GET /en/company-list/Deyaar-Facilities-Management-LLC-103985 HTTP/2.0" 200 302131 "-" "facebookexternalhit/1.1 (+http://www.facebook.com/externalhit_uatext.php)" "-"
85.208.96.195 - - [13/Sep/2024:07:02:34 -0400] "GET /en/company-list/----Ismailia-National-Food-Industries---556 HTTP/1.1" 200 387072 "-" "Mozilla/5.0 (compatible; SemrushBot/7~bl; +http://www.semrush.com/bot.html)" "-"
3.224.220.101 - - [13/Sep/2024:07:02:35 -0400] "GET /ar/stock-overview/ase/JTEL HTTP/1.1" 302 0 "-" "Mozilla/5.0 (Macintosh; Intel Mac OS X 10_10_1) AppleWebKit/600.2.5 (KHTML, like Gecko) Version/8.0.2 Safari/600.2.5 (Amazonbot/0.1; +https://developer.amazon.com/support/amazonbot)" "-"
57.141.0.13 - - [13/Sep/2024:07:02:35 -0400] "GET /en/people-list/Butti%20Bin%20Maktoum%20Bin%20Juma%20Al%20Maktoum-72700 HTTP/2.0" 200 329657 "-" "facebookexternalhit/1.1 (+http://www.facebook.com/externalhit_uatext.php)" "-"
57.141.0.2 - - [13/Sep/2024:07:02:36 -0400] "GET /en/company-management/public/----Gulf-Cement-Co---1623 HTTP/2.0" 200 328127 "-" "facebookexternalhit/1.1 (+http://www.facebook.com/externalhit_uatext.php)" "-"
40.77.167.47 - - [13/Sep/2024:07:02:36 -0400] "GET /ar/ma-deals/public/msx/NRED/229 HTTP/2.0" 200 318691 "-" "Mozilla/5.0 AppleWebKit/537.36 (KHTML, like Gecko; compatible; bingbot/2.0; +http://www.bing.com/bingbot.htm) Chrome/116.0.1938.76 Safari/537.36" "-"
114.119.146.88 - - [13/Sep/2024:07:02:38 -0400] "GET /en/company-profile/BK/KCEM%60R HTTP/1.1" 400 5 "https://uat.decypha.com/en/company-list/------------Kuwait-Cement-K-P-S-C----13760" "Mozilla/5.0 (Linux; Android 7.0;) AppleWebKit/537.36 (KHTML, like Gecko) Mobile Safari/537.36 (compatible; PetalBot;+https://webmaster.petalsearch.com/site/petalbot)" "-"
3.224.220.101 - - [13/Sep/2024:07:02:39 -0400] "GET /ar/stock-news/ase/JTEL HTTP/1.1" 302 0 "-" "Mozilla/5.0 (Macintosh; Intel Mac OS X 10_10_1) AppleWebKit/600.2.5 (KHTML, like Gecko) Version/8.0.2 Safari/600.2.5 (Amazonbot/0.1; +https://developer.amazon.com/support/amazonbot)" "-"
69.171.249.13 - - [13/Sep/2024:07:02:39 -0400] "GET /en/company-list/AF-Construction-LLC-157660 HTTP/2.0" 200 313823 "-" "facebookexternalhit/1.1 (+http://www.facebook.com/externalhit_uatext.php)" "-"
40.77.167.47 - - [13/Sep/2024:07:02:40 -0400] "GET /en/company-list/------------Lesha-Bank-LLC---67020 HTTP/2.0" 200 372230 "-" "Mozilla/5.0 AppleWebKit/537.36 (KHTML, like Gecko; compatible; bingbot/2.0; +http://www.bing.com/bingbot.htm) Chrome/116.0.1938.76 Safari/537.36" "-"
23.22.35.162 - - [13/Sep/2024:07:02:43 -0400] "GET /ar/investment/ase/JTEL HTTP/1.1" 302 0 "-" "Mozilla/5.0 (Macintosh; Intel Mac OS X 10_10_1) AppleWebKit/600.2.5 (KHTML, like Gecko) Version/8.0.2 Safari/600.2.5 (Amazonbot/0.1; +https://developer.amazon.com/support/amazonbot)" "-"
23.22.35.162 - - [13/Sep/2024:07:02:47 -0400] "GET /ar/financial/fnr/ase/JTEL HTTP/1.1" 302 0 "-" "Mozilla/5.0 (Macintosh; Intel Mac OS X 10_10_1) AppleWebKit/600.2.5 (KHTML, like Gecko) Version/8.0.2 Safari/600.2.5 (Amazonbot/0.1; +https://developer.amazon.com/support/amazonbot)" "-"
52.70.240.171 - - [13/Sep/2024:07:02:53 -0400] "GET /ar/ma-deals/public/adx/IH/13920 HTTP/1.1" 200 323001 "-" "Mozilla/5.0 (Macintosh; Intel Mac OS X 10_10_1) AppleWebKit/600.2.5 (KHTML, like Gecko) Version/8.0.2 Safari/600.2.5 (Amazonbot/0.1; +https://developer.amazon.com/support/amazonbot)" "-"
66.249.78.35 - - [13/Sep/2024:07:02:54 -0400] "GET /ar/real-time-prices/public/--------------------------14606 HTTP/1.1" 200 327500 "-" "Mozilla/5.0 (Linux; Android 6.0.1; Nexus 5X Build/MMB29P) AppleWebKit/537.36 (KHTML, like Gecko) Chrome/128.0.6613.137 Mobile Safari/537.36 (compatible; Googlebot/2.1; +http://www.google.com/bot.html)" "-"
3.224.220.101 - - [13/Sep/2024:07:02:55 -0400] "GET /ar/stock-announcement/adx/IH HTTP/1.1" 302 0 "-" "Mozilla/5.0 (Macintosh; Intel Mac OS X 10_10_1) AppleWebKit/600.2.5 (KHTML, like Gecko) Version/8.0.2 Safari/600.2.5 (Amazonbot/0.1; +https://developer.amazon.com/support/amazonbot)" "-"
157.55.39.57 - - [13/Sep/2024:07:02:55 -0400] "GET /ar/news/details/29-%D8%A3%D8%A8%D8%B1%D9%8A%D9%84---%D8%B9%D9%85%D9%88%D9%85%D9%8A%D8%A9-%D8%A3%D9%83%D8%B1%D9%88-%D9%85%D8%B5%D8%B1-%D9%84%D9%84%D8%B4%D8%AF%D8%A7%D8%AA-%D8%AA%D9%86%D8%A7%D9%82%D8%B4-%D9%86%D8%AA%D8%A7%D8%A6%D8%AC-%D8%A7%D9%84%D8%A3%D8%B9%D9%85%D8%A7%D9%84-%D9%88%D8%AA%D9%88%D8%B2%D9%8A%D8%B9-%D8%A7%D9%84%D8%A3%D8%B1%D8%A8%D8%A7%D8%ADo/21225112?TSID=,1056,&EDT=,62,65,66,9,&L=AR HTTP/2.0" 200 341632 "-" "Mozilla/5.0 AppleWebKit/537.36 (KHTML, like Gecko; compatible; bingbot/2.0; +http://www.bing.com/bingbot.htm) Chrome/116.0.1938.76 Safari/537.36" "-"
66.249.79.1 - - [13/Sep/2024:07:02:55 -0400] "GET /en/company-management/public/Tatweer-Dubai-LLC-74585 HTTP/1.1" 200 287791 "-" "Mozilla/5.0 (Linux; Android 6.0.1; Nexus 5X Build/MMB29P) AppleWebKit/537.36 (KHTML, like Gecko) Chrome/128.0.6613.137 Mobile Safari/537.36 (compatible; Googlebot/2.1; +http://www.google.com/bot.html)" "-"
66.249.79.8 - - [13/Sep/2024:07:02:57 -0400] "GET /ar/company-list/%D8%A7%D9%86%D8%A7%D9%83%D9%88%D8%B1%D9%86-%D9%84%D9%84%D8%AA%D9%83%D9%86%D9%88%D9%84%D9%88%D8%AC%D9%8A%D8%A7o-195221 HTTP/1.1" 200 314843 "-" "Mozilla/5.0 (Linux; Android 6.0.1; Nexus 5X Build/MMB29P) AppleWebKit/537.36 (KHTML, like Gecko) Chrome/128.0.6613.137 Mobile Safari/537.36 (compatible; Googlebot/2.1; +http://www.google.com/bot.html)" "-"
85.208.96.194 - - [13/Sep/2024:07:02:59 -0400] "GET /ar/people-list/%D8%B2%D8%A7%D9%8A%D8%AF-%D8%A7%D9%84%D8%B7%D9%88%D9%8A%D8%A7%D9%86-339310 HTTP/1.1" 200 340909 "-" "Mozilla/5.0 (compatible; SemrushBot/7~bl; +http://www.semrush.com/bot.html)" "-"
66.249.79.8 - - [13/Sep/2024:07:02:59 -0400] "GET /en/company-list/------------Al-Fanar-Gas-Services-Group---72086 HTTP/1.1" 200 314244 "-" "Mozilla/5.0 (Linux; Android 6.0.1; Nexus 5X Build/MMB29P) AppleWebKit/537.36 (KHTML, like Gecko) Chrome/128.0.6613.137 Mobile Safari/537.36 (compatible; Googlebot/2.1; +http://www.google.com/bot.html)" "-"
52.70.240.171 - - [13/Sep/2024:07:02:59 -0400] "GET /ar/company-management/adx/IH HTTP/1.1" 302 0 "-" "Mozilla/5.0 (Macintosh; Intel Mac OS X 10_10_1) AppleWebKit/600.2.5 (KHTML, like Gecko) Version/8.0.2 Safari/600.2.5 (Amazonbot/0.1; +https://developer.amazon.com/support/amazonbot)" "-"
40.77.167.47 - - [13/Sep/2024:07:02:59 -0400] "GET /en/company-list/------------Al-Qatami-Auto-Spare-Parts---72008 HTTP/2.0" 200 327937 "-" "Mozilla/5.0 AppleWebKit/537.36 (KHTML, like Gecko; compatible; bingbot/2.0; +http://www.bing.com/bingbot.htm) Chrome/116.0.1938.76 Safari/537.36" "-"
143.58.242.155 - - [13/Sep/2024:07:03:00 -0400] "GET /individuals/images/85240.jpg HTTP/2.0" 200 39179 "https://www.google.com/" "Mozilla/5.0 (iPhone; CPU iPhone OS 17_5_1 like Mac OS X) AppleWebKit/605.1.15 (KHTML, like Gecko) Version/17.5 Mobile/15E148 Safari/604.1" "-"
66.249.79.8 - - [13/Sep/2024:07:03:00 -0400] "GET /en/company-list/Water-In-Motion-LLC-84164 HTTP/1.1" 200 305250 "-" "Mozilla/5.0 (Linux; Android 6.0.1; Nexus 5X Build/MMB29P) AppleWebKit/537.36 (KHTML, like Gecko) Chrome/128.0.6613.137 Mobile Safari/537.36 (compatible; Googlebot/2.1; +http://www.google.com/bot.html)" "-"
