111.90.145.71 - - [13/Sep/2024:07:10:52 -0400] "GET /membership/Fixed_Income.html HTTP/1.1" 302 0 "https://uat.decypha.com/en/company-list/------------Al-Hamrani-Industrial-Group---767" "Mozilla/5.0 (Windows NT 6.2; WOW64) AppleWebKit/537.36 (KHTML, like Gecko) Chrome/51.0.2704.106 Safari/537.36 ASW/1.51.2220.47" "-"
111.90.145.71 - - [13/Sep/2024:07:10:52 -0400] "HEAD /membership/wealth_managers.html HTTP/1.1" 302 0 "https://uat.decypha.com/en/company-list/------------Al-Hamrani-Industrial-Group---767" "Mozilla/5.0 (Macintosh; Intel Mac OS X 10_11_6) AppleWebKit/537.36 (KHTML, like Gecko) Chrome/53.0.2752.0 Safari/537.36" "-"
111.90.145.71 - - [13/Sep/2024:07:10:52 -0400] "HEAD /membership/corporate_banks.html HTTP/1.1" 302 0 "https://uat.decypha.com/en/company-list/------------Al-Hamrani-Industrial-Group---767" "Mozilla/5.0 (Windows NT 10.0) AppleWebKit/537.36 (KHTML, like Gecko) Chrome/51.36.2704.63 Safari/537.36" "-"
111.90.145.71 - - [13/Sep/2024:07:10:52 -0400] "HEAD /membership/investment_managers.html HTTP/1.1" 302 0 "https://uat.decypha.com/en/company-list/------------Al-Hamrani-Industrial-Group---767" "Mozilla/5.0 (Windows NT 10.0; WOW64) AppleWebKit/537.36 (KHTML, like Gecko) Chrome/54.0.2810.1 Safari/537.36" "-"
111.90.145.71 - - [13/Sep/2024:07:10:53 -0400] "HEAD /membership/asset_managers.html HTTP/1.1" 302 0 "https://uat.decypha.com/en/company-list/------------Al-Hamrani-Industrial-Group---767" "Mozilla/5.0 (Macintosh; Intel Mac OS X 10_9_3) AppleWebKit/537.36 (KHTML, like Gecko) Chrome/48.0.2564.10 Safari/537.36" "-"
111.90.145.71 - - [13/Sep/2024:07:10:53 -0400] "HEAD /error/404 HTTP/1.1" 404 0 "https://uat.decypha.com/en/company-list/------------Al-Hamrani-Industrial-Group---767" "Mozilla/5.0 (Macintosh; Intel Mac OS X 10_11_6) AppleWebKit/537.36 (KHTML, like Gecko) Chrome/53.0.2752.0 Safari/537.36" "-"
111.90.145.71 - - [13/Sep/2024:07:10:53 -0400] "HEAD /en/packages HTTP/1.1" 200 0 "https://uat.decypha.com/en/company-list/------------Al-Hamrani-Industrial-Group---767" "Mozilla/4.0 (compatible; MSIE 7.0; Windows NT 6.3; WOW64; Trident/7.0; .NET4.0E; .NET4.0C; .NET CLR 3.5.30729; .NET CLR 2.0.50727; .NET CLR 3.0.30729; GWX:DOWNLOADED; GWX:RESERVED; MAARJS)" "-"
111.90.145.71 - - [13/Sep/2024:07:10:53 -0400] "HEAD /error/404 HTTP/1.1" 404 0 "https://uat.decypha.com/en/company-list/------------Al-Hamrani-Industrial-Group---767" "Mozilla/5.0 (Windows NT 10.0; WOW64) AppleWebKit/537.36 (KHTML, like Gecko) Chrome/54.0.2810.1 Safari/537.36" "-"
111.90.145.71 - - [13/Sep/2024:07:10:53 -0400] "HEAD /error/404 HTTP/1.1" 404 0 "https://uat.decypha.com/en/company-list/------------Al-Hamrani-Industrial-Group---767" "Mozilla/5.0 (Windows NT 10.0) AppleWebKit/537.36 (KHTML, like Gecko) Chrome/51.36.2704.63 Safari/537.36" "-"
111.90.145.71 - - [13/Sep/2024:07:10:53 -0400] "HEAD /error/404 HTTP/1.1" 404 0 "https://uat.decypha.com/en/company-list/------------Al-Hamrani-Industrial-Group---767" "Mozilla/5.0 (Macintosh; Intel Mac OS X 10_9_3) AppleWebKit/537.36 (KHTML, like Gecko) Chrome/48.0.2564.10 Safari/537.36" "-"
111.90.145.71 - - [13/Sep/2024:07:10:54 -0400] "HEAD /en/company-list/Product/Data HTTP/1.1" 404 0 "https://uat.decypha.com/en/company-list/------------Al-Hamrani-Industrial-Group---767" "Mozilla/5.0 (Macintosh; Intel Mac OS X 10_9_5) AppleWebKit/537.36 (KHTML, like Gecko) Chrome/53.0.2785.8 Safari/537.36 OPR/40.0.2301.0 (Edition developer)" "-"
111.90.145.71 - - [13/Sep/2024:07:10:54 -0400] "HEAD / HTTP/1.1" 500 0 "https://uat.decypha.com/en/company-list/------------Al-Hamrani-Industrial-Group---767" "Mozilla/5.0 (Windows NT 10.0; WOW64) AppleWebKit/537.36 (KHTML, like Gecko) Chrome/54.0.2810.1 Safari/537.36" "-"
111.90.145.71 - - [13/Sep/2024:07:10:54 -0400] "GET /error/404 HTTP/1.1" 404 14994 "https://uat.decypha.com/en/company-list/------------Al-Hamrani-Industrial-Group---767" "Mozilla/5.0 (Windows NT 6.2; WOW64) AppleWebKit/537.36 (KHTML, like Gecko) Chrome/51.0.2704.106 Safari/537.36 ASW/1.51.2220.47" "-"
111.90.145.71 - - [13/Sep/2024:07:10:55 -0400] "HEAD /en/company-list/Q2FzZXM=/ HTTP/1.1" 405 0 "https://uat.decypha.com/en/company-list/------------Al-Hamrani-Industrial-Group---767" "Mozilla/5.0 (Macintosh; Intel Mac OS X 10_9_3) AppleWebKit/537.36 (KHTML, like Gecko) Chrome/48.0.2564.10 Safari/537.36" "-"
111.90.145.71 - - [13/Sep/2024:07:10:55 -0400] "HEAD /en/company-list/url; HTTP/1.1" 405 0 "https://uat.decypha.com/en/company-list/------------Al-Hamrani-Industrial-Group---767" "Mozilla/5.0 (Windows NT 10.0; WOW64; Trident/7.0; tb-gmx/2.6.9; rv:11.0) like Gecko" "-"
111.90.145.71 - - [13/Sep/2024:07:10:55 -0400] "GET /membership/wealth_managers.html HTTP/1.1" 302 0 "https://uat.decypha.com/en/company-list/------------Al-Hamrani-Industrial-Group---767" "Mozilla/5.0 (Macintosh; Intel Mac OS X 10_11_6) AppleWebKit/537.36 (KHTML, like Gecko) Chrome/53.0.2752.0 Safari/537.36" "-"
66.249.79.7 - - [13/Sep/2024:07:10:55 -0400] "GET /en/company-list/Kuwait-Holding-Co-38778 HTTP/1.1" 200 299347 "-" "Mozilla/5.0 (Linux; Android 6.0.1; Nexus 5X Build/MMB29P) AppleWebKit/537.36 (KHTML, like Gecko) Chrome/128.0.6613.137 Mobile Safari/537.36 (compatible; Googlebot/2.1; +http://www.google.com/bot.html)" "-"
111.90.145.71 - - [13/Sep/2024:07:10:55 -0400] "GET /membership/asset_managers.html HTTP/1.1" 302 0 "https://uat.decypha.com/en/company-list/------------Al-Hamrani-Industrial-Group---767" "Mozilla/5.0 (Macintosh; Intel Mac OS X 10_9_3) AppleWebKit/537.36 (KHTML, like Gecko) Chrome/48.0.2564.10 Safari/537.36" "-"
111.90.145.71 - - [13/Sep/2024:07:10:56 -0400] "GET /error/404 HTTP/1.1" 404 14994 "https://uat.decypha.com/en/company-list/------------Al-Hamrani-Industrial-Group---767" "Mozilla/5.0 (Macintosh; Intel Mac OS X 10_11_6) AppleWebKit/537.36 (KHTML, like Gecko) Chrome/53.0.2752.0 Safari/537.36" "-"
3.224.220.101 - - [13/Sep/2024:07:10:56 -0400] "GET /ar/news/details/-%D8%A3%D9%86%D8%A7%D8%A8%D9%8A%D8%A8-%D8%A7%D9%84%D8%B3%D8%B9%D9%88%D8%AF%D9%8A%D8%A9--%D8%AA%D9%81%D9%88%D8%B2-%D8%A8%D8%B9%D9%82%D8%AF-%D8%AA%D9%88%D8%B1%D9%8A%D8%AF-%D9%85%D8%B9-%D8%A3%D8%B1%D8%A7%D9%85%D9%83%D9%88-%D8%A7%D9%84%D8%B3%D8%B9%D9%88%D8%AF%D9%8A%D8%A9-%D8%A8%D9%80-96-8-%D9%85%D9%84%D9%8A%D9%88%D9%86-%D8%B1%D9%8A%D8%A7%D9%84o/23458518?EDT=&L=AR&TSID= HTTP/1.1" 200 332914 "-" "Mozilla/5.0 (Macintosh; Intel Mac OS X 10_10_1) AppleWebKit/600.2.5 (KHTML, like Gecko) Version/8.0.2 Safari/600.2.5 (Amazonbot/0.1; +https://developer.amazon.com/support/amazonbot)" "-"
111.90.145.71 - - [13/Sep/2024:07:10:56 -0400] "GET /en/company-list/Product/Data HTTP/1.1" 404 14994 "https://uat.decypha.com/en/company-list/------------Al-Hamrani-Industrial-Group---767" "Mozilla/5.0 (Macintosh; Intel Mac OS X 10_9_5) AppleWebKit/537.36 (KHTML, like Gecko) Chrome/53.0.2785.8 Safari/537.36 OPR/40.0.2301.0 (Edition developer)" "-"
111.90.145.71 - - [13/Sep/2024:07:10:56 -0400] "GET /error/404 HTTP/1.1" 404 14994 "https://uat.decypha.com/en/company-list/------------Al-Hamrani-Industrial-Group---767" "Mozilla/5.0 (Macintosh; Intel Mac OS X 10_9_3) AppleWebKit/537.36 (KHTML, like Gecko) Chrome/48.0.2564.10 Safari/537.36" "-"
111.90.145.71 - - [13/Sep/2024:07:10:56 -0400] "GET / HTTP/1.1" 500 15674 "https://uat.decypha.com/en/company-list/------------Al-Hamrani-Industrial-Group---767" "Mozilla/5.0 (Windows NT 10.0; WOW64) AppleWebKit/537.36 (KHTML, like Gecko) Chrome/54.0.2810.1 Safari/537.36" "-"
111.90.145.71 - - [13/Sep/2024:07:10:56 -0400] "GET /membership/corporate_banks.html HTTP/1.1" 302 0 "https://uat.decypha.com/en/company-list/------------Al-Hamrani-Industrial-Group---767" "Mozilla/5.0 (Windows NT 10.0) AppleWebKit/537.36 (KHTML, like Gecko) Chrome/51.36.2704.63 Safari/537.36" "-"
111.90.145.71 - - [13/Sep/2024:07:10:56 -0400] "GET /membership/investment_managers.html HTTP/1.1" 302 0 "https://uat.decypha.com/en/company-list/------------Al-Hamrani-Industrial-Group---767" "Mozilla/5.0 (Windows NT 10.0; WOW64) AppleWebKit/537.36 (KHTML, like Gecko) Chrome/54.0.2810.1 Safari/537.36" "-"
111.90.145.71 - - [13/Sep/2024:07:10:57 -0400] "GET /en/company-list/Q2FzZXM=/ HTTP/1.1" 404 14957 "https://uat.decypha.com/en/company-list/------------Al-Hamrani-Industrial-Group---767" "Mozilla/5.0 (Macintosh; Intel Mac OS X 10_9_3) AppleWebKit/537.36 (KHTML, like Gecko) Chrome/48.0.2564.10 Safari/537.36" "-"
111.90.145.71 - - [13/Sep/2024:07:10:57 -0400] "GET /error/404 HTTP/1.1" 404 15008 "https://uat.decypha.com/en/company-list/------------Al-Hamrani-Industrial-Group---767" "Mozilla/5.0 (Windows NT 10.0; WOW64) AppleWebKit/537.36 (KHTML, like Gecko) Chrome/54.0.2810.1 Safari/537.36" "-"
111.90.145.71 - - [13/Sep/2024:07:10:57 -0400] "GET /error/404 HTTP/1.1" 404 15008 "https://uat.decypha.com/en/company-list/------------Al-Hamrani-Industrial-Group---767" "Mozilla/5.0 (Windows NT 10.0) AppleWebKit/537.36 (KHTML, like Gecko) Chrome/51.36.2704.63 Safari/537.36" "-"
114.119.146.88 - - [13/Sep/2024:07:10:57 -0400] "GET /EN/stock-news/page/EG/Gamma-Pack-160909 HTTP/1.1" 302 0 "https://uat.decypha.com/en/stock-news/public/Gamma-Pack-160909" "Mozilla/5.0 (Linux; Android 7.0;) AppleWebKit/537.36 (KHTML, like Gecko) Mobile Safari/537.36 (compatible; PetalBot;+https://webmaster.petalsearch.com/site/petalbot)" "-"
111.90.145.71 - - [13/Sep/2024:07:10:57 -0400] "HEAD /en/company-list/TGVhZHM=/ HTTP/1.1" 405 0 "https://uat.decypha.com/en/company-list/------------Al-Hamrani-Industrial-Group---767" "Mozilla/5.0 (Windows NT 10.0; WOW64) AppleWebKit/537.36 (KHTML, like Gecko) Chrome/47.0.0.11536 Safari/537.36" "-"
111.90.145.71 - - [13/Sep/2024:07:10:57 -0400] "GET /en/company-list/url; HTTP/1.1" 404 14951 "https://uat.decypha.com/en/company-list/------------Al-Hamrani-Industrial-Group---767" "Mozilla/5.0 (Windows NT 10.0; WOW64; Trident/7.0; tb-gmx/2.6.9; rv:11.0) like Gecko" "-"
111.90.145.71 - - [13/Sep/2024:07:10:59 -0400] "HEAD /usermgr/account/resetView HTTP/1.1" 500 0 "https://uat.decypha.com/en/company-list/------------Al-Hamrani-Industrial-Group---767" "Mozilla/5.0 (Macintosh; Intel Mac OS X 10_11_0) AppleWebKit/537.36 (KHTML, like Gecko) Chrome/53.0.2785.34 Safari/537.36" "-"
111.90.145.71 - - [13/Sep/2024:07:11:00 -0400] "GET /en/company-list/TGVhZHM=/ HTTP/1.1" 404 14957 "https://uat.decypha.com/en/company-list/------------Al-Hamrani-Industrial-Group---767" "Mozilla/5.0 (Windows NT 10.0; WOW64) AppleWebKit/537.36 (KHTML, like Gecko) Chrome/47.0.0.11536 Safari/537.36" "-"
3.224.220.101 - - [13/Sep/2024:07:11:00 -0400] "GET /ar/news/details/%D9%85%D8%B9%D8%A7%D9%82%D8%A8%D8%A9-%D9%85%D8%AE%D8%A7%D9%84%D9%81-%D9%84%D9%84%D8%AA%D8%AF%D8%A7%D9%88%D9%84-%D8%B9%D9%84%D9%89-%D8%A3%D8%B3%D9%87%D9%85-%D8%A3%D8%B3%D9%85%D9%86%D8%AA-%D8%A7%D9%84%D8%B9%D8%B1%D8%A8%D9%8A%D8%A9-%D8%A8%D9%86%D8%A7%D8%A1-%D8%B9%D9%84%D9%89-%D9%85%D8%B9%D9%84%D9%88%D9%85%D8%A9-%D9%82%D8%A8%D9%84-%D8%A5%D8%B9%D9%84%D8%A7%D9%86%D9%87%D8%A7o/21313980?EDT=&L=AR&TSID= HTTP/1.1" 200 345174 "-" "Mozilla/5.0 (Macintosh; Intel Mac OS X 10_10_1) AppleWebKit/600.2.5 (KHTML, like Gecko) Version/8.0.2 Safari/600.2.5 (Amazonbot/0.1; +https://developer.amazon.com/support/amazonbot)" "-"
111.90.145.71 - - [13/Sep/2024:07:11:00 -0400] "HEAD /membership/Features/Equity/company_profile.html HTTP/1.1" 302 0 "https://uat.decypha.com/en/company-list/------------Al-Hamrani-Industrial-Group---767" "Mozilla/5.0 (compatible; MSIE 10.0; Windows NT 6.2; Trident/6.0; Touch; tb-webde/2.6.8; (webde/1.4.0.0); WebView/1.0)" "-"
111.90.145.71 - - [13/Sep/2024:07:11:00 -0400] "HEAD /membership/Features/Equity/financials.html HTTP/1.1" 302 0 "https://uat.decypha.com/en/company-list/------------Al-Hamrani-Industrial-Group---767" "Mozilla/5.0 (Windows NT 6.1) AppleWebKit/537.36 (KHTML, like Gecko) Chrome/49.5.2623.92 Safari/537.36" "-"
111.90.145.71 - - [13/Sep/2024:07:11:00 -0400] "HEAD /membership/Features/Equity/research.html HTTP/1.1" 302 0 "https://uat.decypha.com/en/company-list/------------Al-Hamrani-Industrial-Group---767" "Mozilla/5.0 (Windows NT 10.0; Win64; x64; Trident/7.0; Touch; tb-gmx/2.6.8; MASEJS; rv:11.0) like Gecko" "-"
111.90.145.71 - - [13/Sep/2024:07:11:01 -0400] "HEAD /error/404 HTTP/1.1" 404 0 "https://uat.decypha.com/en/company-list/------------Al-Hamrani-Industrial-Group---767" "Mozilla/5.0 (Windows NT 6.1) AppleWebKit/537.36 (KHTML, like Gecko) Chrome/49.5.2623.92 Safari/537.36" "-"
111.90.145.71 - - [13/Sep/2024:07:11:01 -0400] "HEAD /error/404 HTTP/1.1" 404 0 "https://uat.decypha.com/en/company-list/------------Al-Hamrani-Industrial-Group---767" "Mozilla/5.0 (Windows NT 10.0; Win64; x64; Trident/7.0; Touch; tb-gmx/2.6.8; MASEJS; rv:11.0) like Gecko" "-"
111.90.145.71 - - [13/Sep/2024:07:11:01 -0400] "HEAD /error/404 HTTP/1.1" 404 0 "https://uat.decypha.com/en/company-list/------------Al-Hamrani-Industrial-Group---767" "Mozilla/5.0 (compatible; MSIE 10.0; Windows NT 6.2; Trident/6.0; Touch; tb-webde/2.6.8; (webde/1.4.0.0); WebView/1.0)" "-"
111.90.145.71 - - [13/Sep/2024:07:11:01 -0400] "HEAD /en/company-list?region=MENA-20&country=Egypt-EG&page=0 HTTP/1.1" 200 0 "https://uat.decypha.com/en/company-list/------------Al-Hamrani-Industrial-Group---767" "Mozilla/5.0 (Macintosh; Intel Mac OS X 10_11_5) AppleWebKit/537.36 (KHTML, like Gecko) Chrome/54.0.2811.0 Safari/537.36" "-"
111.90.145.71 - - [13/Sep/2024:07:11:01 -0400] "HEAD /en/stock-news/public/Misr-Financial-Investments-767 HTTP/1.1" 200 0 "https://uat.decypha.com/en/company-list/------------Al-Hamrani-Industrial-Group---767" "Mozilla/5.0 (Windows NT 10.0) AppleWebKit/537.36 (KHTML, like Gecko) Chrome/51.36.2704.63 Safari/537.36" "-"
57.141.0.24 - - [13/Sep/2024:07:11:01 -0400] "GET /en/financial/snp/egx/ABUK HTTP/2.0" 499 0 "-" "facebookexternalhit/1.1 (+http://www.facebook.com/externalhit_uatext.php)" "-"
111.90.145.71 - - [13/Sep/2024:07:11:02 -0400] "HEAD /membership/Features/Equity/related_securities.html HTTP/1.1" 302 0 "https://uat.decypha.com/en/company-list/------------Al-Hamrani-Industrial-Group---767" "Mozilla/5.0 (Windows NT 6.3; WOW64; Trident/7.0; tb-gmx/2.6.9; rv:11.0) like Gecko" "-"
111.90.145.71 - - [13/Sep/2024:07:11:02 -0400] "GET /usermgr/account/resetView HTTP/1.1" 500 15674 "https://uat.decypha.com/en/company-list/------------Al-Hamrani-Industrial-Group---767" "Mozilla/5.0 (Macintosh; Intel Mac OS X 10_11_0) AppleWebKit/537.36 (KHTML, like Gecko) Chrome/53.0.2785.34 Safari/537.36" "-"
111.90.145.71 - - [13/Sep/2024:07:11:02 -0400] "HEAD /error/404 HTTP/1.1" 404 0 "https://uat.decypha.com/en/company-list/------------Al-Hamrani-Industrial-Group---767" "Mozilla/5.0 (Windows NT 6.3; WOW64; Trident/7.0; tb-gmx/2.6.9; rv:11.0) like Gecko" "-"
111.90.145.71 - - [13/Sep/2024:07:11:03 -0400] "HEAD /en/company-list/id=ajaxCaptchaImage HTTP/1.1" 405 0 "https://uat.decypha.com/en/company-list/------------Al-Hamrani-Industrial-Group---767" "Mozilla/5.0 (compatible; MSIE 10.0; Windows NT 6.1; Win64; x64; Trident/6.0; tb-webde/2.6.7)" "-"
111.90.145.71 - - [13/Sep/2024:07:11:03 -0400] "GET /membership/Features/Equity/financials.html HTTP/1.1" 302 0 "https://uat.decypha.com/en/company-list/------------Al-Hamrani-Industrial-Group---767" "Mozilla/5.0 (Windows NT 6.1) AppleWebKit/537.36 (KHTML, like Gecko) Chrome/49.5.2623.92 Safari/537.36" "-"
111.90.145.71 - - [13/Sep/2024:07:11:03 -0400] "GET /membership/Features/Equity/research.html HTTP/1.1" 302 0 "https://uat.decypha.com/en/company-list/------------Al-Hamrani-Industrial-Group---767" "Mozilla/5.0 (Windows NT 10.0; Win64; x64; Trident/7.0; Touch; tb-gmx/2.6.8; MASEJS; rv:11.0) like Gecko" "-"
111.90.145.71 - - [13/Sep/2024:07:11:03 -0400] "GET /membership/Features/Equity/company_profile.html HTTP/1.1" 302 0 "https://uat.decypha.com/en/company-list/------------Al-Hamrani-Industrial-Group---767" "Mozilla/5.0 (compatible; MSIE 10.0; Windows NT 6.2; Trident/6.0; Touch; tb-webde/2.6.8; (webde/1.4.0.0); WebView/1.0)" "-"
111.90.145.71 - - [13/Sep/2024:07:11:03 -0400] "HEAD /en/investment/public/Misr-Financial-Investments-767 HTTP/1.1" 200 0 "https://uat.decypha.com/en/company-list/------------Al-Hamrani-Industrial-Group---767" "Mozilla/5.0 (Windows NT 6.2; WOW64) AppleWebKit/537.36 (KHTML, like Gecko) Chrome/51.0.2704.106 Safari/537.36 ASW/1.51.2220.47" "-"
3.224.220.101 - - [13/Sep/2024:07:11:04 -0400] "GET /ar/news/details/%D8%A7%D9%84%D8%A8%D9%88%D8%B1%D8%B5%D8%A9-%D8%A7%D9%84%D9%83%D9%88%D9%8A%D8%AA%D9%8A%D8%A9-%D8%AA%D9%82%D8%A8%D9%84-%D8%A7%D8%B3%D8%AA%D9%82%D8%A7%D9%84%D8%A9--%D8%A7%D9%84%D8%B1%D9%82%D8%A8%D8%A9--%D8%A8%D8%B9%D8%AF-%D8%AA%D9%88%D9%84%D9%8A%D9%87-%D9%88%D8%B2%D8%A7%D8%B1%D8%AA%D9%8A-%D8%A7%D9%84%D8%B9%D8%AF%D9%84-%D9%88%D8%A7%D9%84%D8%A5%D8%B3%D9%83%D8%A7%D9%86o/21359380?EDT=&L=AR&TSID= HTTP/1.1" 200 344872 "-" "Mozilla/5.0 (Macintosh; Intel Mac OS X 10_10_1) AppleWebKit/600.2.5 (KHTML, like Gecko) Version/8.0.2 Safari/600.2.5 (Amazonbot/0.1; +https://developer.amazon.com/support/amazonbot)" "-"
111.90.145.71 - - [13/Sep/2024:07:11:04 -0400] "GET /error/404 HTTP/1.1" 404 14994 "https://uat.decypha.com/en/company-list/------------Al-Hamrani-Industrial-Group---767" "Mozilla/5.0 (Windows NT 6.1) AppleWebKit/537.36 (KHTML, like Gecko) Chrome/49.5.2623.92 Safari/537.36" "-"
111.90.145.71 - - [13/Sep/2024:07:11:04 -0400] "GET /error/404 HTTP/1.1" 404 14994 "https://uat.decypha.com/en/company-list/------------Al-Hamrani-Industrial-Group---767" "Mozilla/5.0 (compatible; MSIE 10.0; Windows NT 6.2; Trident/6.0; Touch; tb-webde/2.6.8; (webde/1.4.0.0); WebView/1.0)" "-"
111.90.145.71 - - [13/Sep/2024:07:11:04 -0400] "GET /error/404 HTTP/1.1" 404 14994 "https://uat.decypha.com/en/company-list/------------Al-Hamrani-Industrial-Group---767" "Mozilla/5.0 (Windows NT 10.0; Win64; x64; Trident/7.0; Touch; tb-gmx/2.6.8; MASEJS; rv:11.0) like Gecko" "-"
111.90.145.71 - - [13/Sep/2024:07:11:04 -0400] "GET /membership/Features/Equity/related_securities.html HTTP/1.1" 302 0 "https://uat.decypha.com/en/company-list/------------Al-Hamrani-Industrial-Group---767" "Mozilla/5.0 (Windows NT 6.3; WOW64; Trident/7.0; tb-gmx/2.6.9; rv:11.0) like Gecko" "-"
111.90.145.71 - - [13/Sep/2024:07:11:05 -0400] "GET /error/404 HTTP/1.1" 404 15008 "https://uat.decypha.com/en/company-list/------------Al-Hamrani-Industrial-Group---767" "Mozilla/5.0 (Windows NT 6.3; WOW64; Trident/7.0; tb-gmx/2.6.9; rv:11.0) like Gecko" "-"
111.90.145.71 - - [13/Sep/2024:07:11:05 -0400] "HEAD /membership/Features/Equity/management&shareholders.html HTTP/1.1" 302 0 "https://uat.decypha.com/en/company-list/------------Al-Hamrani-Industrial-Group---767" "Mozilla/5.0 (Macintosh; Intel Mac OS X 10_11_5) AppleWebKit/537.36 (KHTML, like Gecko) Chrome/54.0.2811.0 Safari/537.36" "-"
111.90.145.71 - - [13/Sep/2024:07:11:05 -0400] "GET /en/company-list/id=ajaxCaptchaImage HTTP/1.1" 404 14957 "https://uat.decypha.com/en/company-list/------------Al-Hamrani-Industrial-Group---767" "Mozilla/5.0 (compatible; MSIE 10.0; Windows NT 6.1; Win64; x64; Trident/6.0; tb-webde/2.6.7)" "-"
111.90.145.71 - - [13/Sep/2024:07:11:06 -0400] "HEAD /error/404 HTTP/1.1" 404 0 "https://uat.decypha.com/en/company-list/------------Al-Hamrani-Industrial-Group---767" "Mozilla/5.0 (Macintosh; Intel Mac OS X 10_11_5) AppleWebKit/537.36 (KHTML, like Gecko) Chrome/54.0.2811.0 Safari/537.36" "-"
23.22.35.162 - - [13/Sep/2024:07:11:07 -0400] "GET /dfnplusmoc/newsImage?FILEID=21359380&ITC=1&L=AR&MIMG=1&RT=62 HTTP/1.1" 200 7926 "-" "Mozilla/5.0 (Macintosh; Intel Mac OS X 10_10_1) AppleWebKit/600.2.5 (KHTML, like Gecko) Version/8.0.2 Safari/600.2.5 (Amazonbot/0.1; +https://developer.amazon.com/support/amazonbot)" "-"
66.220.149.44 - - [13/Sep/2024:07:11:07 -0400] "GET /en/news/details/Remco-reports-lower-losses-in-Q1-22-results/21291632?TSID=,105366,&EDT=,21,70, HTTP/2.0" 200 324941 "-" "facebookexternalhit/1.1 (+http://www.facebook.com/externalhit_uatext.php)" "-"
111.90.145.71 - - [13/Sep/2024:07:11:07 -0400] "HEAD /en/company-management/public/Misr-Financial-Investments-767 HTTP/1.1" 200 0 "https://uat.decypha.com/en/company-list/------------Al-Hamrani-Industrial-Group---767" "Mozilla/5.0 (Macintosh; Intel Mac OS X 10_11_5) AppleWebKit/537.36 (KHTML, like Gecko) Chrome/54.0.2811.0 Safari/537.36" "-"
111.90.145.71 - - [13/Sep/2024:07:11:07 -0400] "HEAD /en/company-screener HTTP/1.1" 302 0 "https://uat.decypha.com/en/company-list/------------Al-Hamrani-Industrial-Group---767" "Mozilla/5.0 (Windows NT 6.1; WOW64; Trident/7.0; MAAU; tb-gmx/2.6.7; (gmx/1.3.0.0); rv:11.0) like Gecko" "-"
111.90.145.71 - - [13/Sep/2024:07:11:07 -0400] "HEAD /en/company-list/Misr-Financial-Investments-767 HTTP/1.1" 405 0 "https://uat.decypha.com/en/company-list/------------Al-Hamrani-Industrial-Group---767" "Mozilla/4.0 (compatible; MSIE 7.0; AOL 9.0; Windows NT 6.1; WOW64; Trident/7.0; SLCC2; .NET CLR 2.0.50727; .NET CLR 3.5.30729; .NET CLR 3.0.30729; Media Center PC 6.0; HPNTDF; .NET4.0C; tb-gmx/2.6.7; .NET4.0E)" "-"
40.77.167.47 - - [13/Sep/2024:07:11:07 -0400] "GET /en/people-list/Shilpa-Ashar-251655 HTTP/2.0" 200 323228 "-" "Mozilla/5.0 AppleWebKit/537.36 (KHTML, like Gecko; compatible; bingbot/2.0; +http://www.bing.com/bingbot.htm) Chrome/116.0.1938.76 Safari/537.36" "-"
111.90.145.71 - - [13/Sep/2024:07:11:08 -0400] "GET /membership/Features/Equity/management&shareholders.html HTTP/1.1" 302 0 "https://uat.decypha.com/en/company-list/------------Al-Hamrani-Industrial-Group---767" "Mozilla/5.0 (Macintosh; Intel Mac OS X 10_11_5) AppleWebKit/537.36 (KHTML, like Gecko) Chrome/54.0.2811.0 Safari/537.36" "-"
40.77.167.47 - - [13/Sep/2024:07:11:08 -0400] "GET /en/investment/public/Advanced-Telecom-Systems-for-Contracting-Co-150195 HTTP/2.0" 200 367910 "-" "Mozilla/5.0 AppleWebKit/537.36 (KHTML, like Gecko; compatible; bingbot/2.0; +http://www.bing.com/bingbot.htm) Chrome/116.0.1938.76 Safari/537.36" "-"
185.191.171.2 - - [13/Sep/2024:07:11:08 -0400] "GET /ar/people-list/%D8%B9%D9%8A%D8%B3%D9%89-%D8%A7%D9%84%D9%85%D8%B2%D9%8A%D9%86%D9%8A-298609 HTTP/1.1" 200 346372 "-" "Mozilla/5.0 (compatible; SemrushBot/7~bl; +http://www.semrush.com/bot.html)" "-"
111.90.145.71 - - [13/Sep/2024:07:11:09 -0400] "GET /error/404 HTTP/1.1" 404 15002 "https://uat.decypha.com/en/company-list/------------Al-Hamrani-Industrial-Group---767" "Mozilla/5.0 (Macintosh; Intel Mac OS X 10_11_5) AppleWebKit/537.36 (KHTML, like Gecko) Chrome/54.0.2811.0 Safari/537.36" "-"
79.110.129.34 - - [13/Sep/2024:07:11:09 -0400] "GET /en/company-management/public/Ahmed-Abdullah-Bajnied---Co-Ltd-192168 HTTP/2.0" 200 284922 "https://www.google.com/" "Mozilla/5.0 (Macintosh; Intel Mac OS X 10_15_7) AppleWebKit/605.1.15 (KHTML, like Gecko) Version/17.6 Safari/605.1.15" "-"
111.90.145.71 - - [13/Sep/2024:07:11:09 -0400] "HEAD /en/analysis-tools/view HTTP/1.1" 302 0 "https://uat.decypha.com/en/company-list/------------Al-Hamrani-Industrial-Group---767" "Mozilla/5.0 (Windows NT 6.2; WOW64; Trident/7.0; tb-gmx/2.6.6; MAARJS; rv:11.0) like Gecko" "-"
79.110.129.34 - - [13/Sep/2024:07:11:09 -0400] "GET /resources/js/dfnplus/pages/equity/company/min/companyManagements.js?version=785 HTTP/2.0" 200 9278 "https://uat.decypha.com/en/company-management/public/Ahmed-Abdullah-Bajnied---Co-Ltd-192168" "Mozilla/5.0 (Macintosh; Intel Mac OS X 10_15_7) AppleWebKit/605.1.15 (KHTML, like Gecko) Version/17.6 Safari/605.1.15" "-"
79.110.129.34 - - [13/Sep/2024:07:11:09 -0400] "GET /resources/js/dfnplus/modules/exportToExcelPopup.js?version=785 HTTP/2.0" 200 11774 "https://uat.decypha.com/en/company-management/public/Ahmed-Abdullah-Bajnied---Co-Ltd-192168" "Mozilla/5.0 (Macintosh; Intel Mac OS X 10_15_7) AppleWebKit/605.1.15 (KHTML, like Gecko) Version/17.6 Safari/605.1.15" "-"
79.110.129.34 - - [13/Sep/2024:07:11:09 -0400] "GET /resources/css/images/compressed_smile_face.jpg HTTP/2.0" 404 169 "https://uat.decypha.com/en/company-management/public/Ahmed-Abdullah-Bajnied---Co-Ltd-192168" "Mozilla/5.0 (Macintosh; Intel Mac OS X 10_15_7) AppleWebKit/605.1.15 (KHTML, like Gecko) Version/17.6 Safari/605.1.15" "-"
79.110.129.34 - - [13/Sep/2024:07:11:09 -0400] "GET /resources/css/images/ui-bg_flat_75_ffffff_40x100.png HTTP/2.0" 200 178 "https://uat.decypha.com/en/company-management/public/Ahmed-Abdullah-Bajnied---Co-Ltd-192168" "Mozilla/5.0 (Macintosh; Intel Mac OS X 10_15_7) AppleWebKit/605.1.15 (KHTML, like Gecko) Version/17.6 Safari/605.1.15" "-"
79.110.129.34 - - [13/Sep/2024:07:11:09 -0400] "GET /en/home/sessionValid?ts=1726225869510 HTTP/2.0" 200 5 "https://uat.decypha.com/en/company-management/public/Ahmed-Abdullah-Bajnied---Co-Ltd-192168" "Mozilla/5.0 (Macintosh; Intel Mac OS X 10_15_7) AppleWebKit/605.1.15 (KHTML, like Gecko) Version/17.6 Safari/605.1.15" "-"
79.110.129.34 - - [13/Sep/2024:07:11:09 -0400] "GET /EN/menu/20/EG/EGX/reg/a/a/au/785/false?_=1726225869474 HTTP/2.0" 200 21826 "https://uat.decypha.com/en/company-management/public/Ahmed-Abdullah-Bajnied---Co-Ltd-192168" "Mozilla/5.0 (Macintosh; Intel Mac OS X 10_15_7) AppleWebKit/605.1.15 (KHTML, like Gecko) Version/17.6 Safari/605.1.15" "-"
79.110.129.34 - - [13/Sep/2024:07:11:09 -0400] "GET /resources/css/images/ui-icons_888888_256x240.png HTTP/2.0" 200 4369 "https://uat.decypha.com/en/company-management/public/Ahmed-Abdullah-Bajnied---Co-Ltd-192168" "Mozilla/5.0 (Macintosh; Intel Mac OS X 10_15_7) AppleWebKit/605.1.15 (KHTML, like Gecko) Version/17.6 Safari/605.1.15" "-"
79.110.129.34 - - [13/Sep/2024:07:11:09 -0400] "GET /resources/css/images/loader/preloader-m.svg HTTP/2.0" 200 6182 "https://uat.decypha.com/en/company-management/public/Ahmed-Abdullah-Bajnied---Co-Ltd-192168" "Mozilla/5.0 (Macintosh; Intel Mac OS X 10_15_7) AppleWebKit/605.1.15 (KHTML, like Gecko) Version/17.6 Safari/605.1.15" "-"
79.110.129.34 - - [13/Sep/2024:07:11:09 -0400] "GET /EN/systemAudit/saveRecord?companyId=192168&individualId=0&url=https://uat.decypha.com/en/company-management/public/Ahmed-Abdullah-Bajnied---Co-Ltd-192168&pageId=company_management&ts=1726225869503 HTTP/2.0" 200 1 "https://uat.decypha.com/en/company-management/public/Ahmed-Abdullah-Bajnied---Co-Ltd-192168" "Mozilla/5.0 (Macintosh; Intel Mac OS X 10_15_7) AppleWebKit/605.1.15 (KHTML, like Gecko) Version/17.6 Safari/605.1.15" "-"
79.110.129.34 - - [13/Sep/2024:07:11:09 -0400] "GET /resources/css/images/share/linkedin.png HTTP/2.0" 200 4753 "https://uat.decypha.com/en/company-management/public/Ahmed-Abdullah-Bajnied---Co-Ltd-192168" "Mozilla/5.0 (Macintosh; Intel Mac OS X 10_15_7) AppleWebKit/605.1.15 (KHTML, like Gecko) Version/17.6 Safari/605.1.15" "-"
40.77.167.47 - - [13/Sep/2024:07:11:10 -0400] "GET /en/company-list/National-Center-for-Digital-Certification-229480 HTTP/2.0" 200 282594 "-" "Mozilla/5.0 AppleWebKit/537.36 (KHTML, like Gecko; compatible; bingbot/2.0; +http://www.bing.com/bingbot.htm) Chrome/116.0.1938.76 Safari/537.36" "-"
111.90.145.71 - - [13/Sep/2024:07:11:10 -0400] "HEAD /en/home/MENA-20/EG HTTP/1.1" 200 0 "https://uat.decypha.com/en/company-list/------------Al-Hamrani-Industrial-Group---767" "Mozilla/5.0 (Windows NT 6.2; Win64; x64) AppleWebKit/537.36 (KHTML, like Gecko) Chrome/53.0.2785.34 Safari/537.36" "-"
40.77.167.47 - - [13/Sep/2024:07:11:12 -0400] "GET /en/people-list/Bassel-Al-Sultan-419654 HTTP/2.0" 200 325905 "-" "Mozilla/5.0 AppleWebKit/537.36 (KHTML, like Gecko; compatible; bingbot/2.0; +http://www.bing.com/bingbot.htm) Chrome/116.0.1938.76 Safari/537.36" "-"
3.224.220.101 - - [13/Sep/2024:07:11:12 -0400] "GET /ar/news/details/-%D8%A3%D9%86%D8%A7%D8%A8%D9%8A%D8%A8-%D8%A7%D9%84%D8%B3%D8%B9%D9%88%D8%AF%D9%8A%D8%A9--%D8%AA%D8%B3%D8%AA%D8%AD%D9%88%D8%B0-%D8%B9%D9%84%D9%89-%D8%AD%D8%B5%D8%A9-%D8%A5%D8%B6%D8%A7%D9%81%D9%8A%D8%A9-%D9%81%D9%8A--%D8%A7%D9%84%D8%B9%D8%A7%D9%84%D9%85%D9%8A%D8%A9-%D9%84%D9%84%D8%A3%D9%86%D8%A7%D8%A8%D9%8A%D8%A8--%D8%A8%D9%806-3-%D9%85%D9%84%D9%8A%D9%88%D9%86-%D8%AF%D9%88%D9%84%D8%A7%D8%B1o/23468760?EDT=&L=AR&TSID= HTTP/1.1" 200 332955 "-" "Mozilla/5.0 (Macintosh; Intel Mac OS X 10_10_1) AppleWebKit/600.2.5 (KHTML, like Gecko) Version/8.0.2 Safari/600.2.5 (Amazonbot/0.1; +https://developer.amazon.com/support/amazonbot)" "-"
111.90.145.71 - - [13/Sep/2024:07:11:12 -0400] "GET /en/packages HTTP/1.1" 200 341960 "https://uat.decypha.com/en/company-list/------------Al-Hamrani-Industrial-Group---767" "Mozilla/4.0 (compatible; MSIE 7.0; Windows NT 6.3; WOW64; Trident/7.0; .NET4.0E; .NET4.0C; .NET CLR 3.5.30729; .NET CLR 2.0.50727; .NET CLR 3.0.30729; GWX:DOWNLOADED; GWX:RESERVED; MAARJS)" "-"
111.90.145.71 - - [13/Sep/2024:07:11:12 -0400] "GET /en/stock-news/public/Misr-Financial-Investments-767 HTTP/1.1" 200 283647 "https://uat.decypha.com/en/company-list/------------Al-Hamrani-Industrial-Group---767" "Mozilla/5.0 (Windows NT 10.0) AppleWebKit/537.36 (KHTML, like Gecko) Chrome/51.36.2704.63 Safari/537.36" "-"
114.119.143.75 - - [13/Sep/2024:07:11:12 -0400] "GET /EN/stock-news/page/AE/Concrete-Repairs-and-Contracting-Company-LLC-Dubai-155853 HTTP/1.1" 302 0 "https://uat.decypha.com/en/stock-news/public/Concrete-Repairs-and-Contracting-Company-LLC-Dubai-155853" "Mozilla/5.0 (Linux; Android 7.0;) AppleWebKit/537.36 (KHTML, like Gecko) Mobile Safari/537.36 (compatible; PetalBot;+https://webmaster.petalsearch.com/site/petalbot)" "-"
111.90.145.71 - - [13/Sep/2024:07:11:12 -0400] "HEAD /en/advanced-search HTTP/1.1" 200 0 "https://uat.decypha.com/en/company-list/------------Al-Hamrani-Industrial-Group---767" "Mozilla/5.0 (Windows NT 6.1; Trident/7.0; rv:11.0) like Gecko Core/1.47.640.400 QQBrowser/9.4.8309.400" "-"
57.141.0.26 - - [13/Sep/2024:07:11:14 -0400] "GET /en/company-management/public/AF-Construction-LLC-157660 HTTP/2.0" 200 282349 "-" "facebookexternalhit/1.1 (+http://www.facebook.com/externalhit_uatext.php)" "-"
57.141.0.23 - - [13/Sep/2024:07:11:15 -0400] "GET /en/company-list/Saline-Water-Conversion-Corporation-77126 HTTP/2.0" 200 290509 "-" "facebookexternalhit/1.1 (+http://www.facebook.com/externalhit_uatext.php)" "-"
52.70.240.171 - - [13/Sep/2024:07:11:16 -0400] "GET /ar/news/details/-%D8%A3%D9%86%D8%A7%D8%A8%D9%8A%D8%A8-%D8%A7%D9%84%D8%B5%D9%84%D8%A8--%D8%AA%D9%88%D8%B5%D9%8A-%D8%A8%D8%B9%D8%AF%D9%85-%D8%AA%D9%88%D8%B2%D9%8A%D8%B9-%D8%A3%D8%B1%D8%A8%D8%A7%D8%AD-%D9%86%D9%82%D8%AF%D9%8A%D8%A9-%D8%B9%D9%86-2022-%D9%84%D9%88%D8%AC%D9%88%D8%AF-%D8%AE%D8%B3%D8%A7%D8%A6%D8%B1-%D9%85%D8%AA%D8%B1%D8%A7%D9%83%D9%85%D8%A9o/23488921?EDT=&L=AR&TSID= HTTP/1.1" 200 332910 "-" "Mozilla/5.0 (Macintosh; Intel Mac OS X 10_10_1) AppleWebKit/600.2.5 (KHTML, like Gecko) Version/8.0.2 Safari/600.2.5 (Amazonbot/0.1; +https://developer.amazon.com/support/amazonbot)" "-"
111.90.145.71 - - [13/Sep/2024:07:11:16 -0400] "GET /en/company-management/public/Misr-Financial-Investments-767 HTTP/1.1" 200 290937 "https://uat.decypha.com/en/company-list/------------Al-Hamrani-Industrial-Group---767" "Mozilla/5.0 (Macintosh; Intel Mac OS X 10_11_5) AppleWebKit/537.36 (KHTML, like Gecko) Chrome/54.0.2811.0 Safari/537.36" "-"
111.90.145.71 - - [13/Sep/2024:07:11:17 -0400] "HEAD /en/company-list/name=globItem HTTP/1.1" 405 0 "https://uat.decypha.com/en/company-list/------------Al-Hamrani-Industrial-Group---767" "Mozilla/5.0 (Macintosh; Intel Mac OS X 10_9_5) AppleWebKit/537.36 (KHTML, like Gecko) Chrome/53.0.2785.8 Safari/537.36 OPR/40.0.2301.0 (Edition developer)" "-"
57.141.0.13 - - [13/Sep/2024:07:11:18 -0400] "GET /en/corporate-actions/egx/CLHO HTTP/2.0" 200 331479 "-" "facebookexternalhit/1.1 (+http://www.facebook.com/externalhit_uatext.php)" "-"
111.90.145.71 - - [13/Sep/2024:07:11:18 -0400] "GET /en/company-list/Misr-Financial-Investments-767 HTTP/1.1" 200 352470 "https://uat.decypha.com/en/company-list/------------Al-Hamrani-Industrial-Group---767" "Mozilla/4.0 (compatible; MSIE 7.0; AOL 9.0; Windows NT 6.1; WOW64; Trident/7.0; SLCC2; .NET CLR 2.0.50727; .NET CLR 3.5.30729; .NET CLR 3.0.30729; Media Center PC 6.0; HPNTDF; .NET4.0C; tb-gmx/2.6.7; .NET4.0E)" "-"
85.208.96.203 - - [13/Sep/2024:07:11:18 -0400] "GET /en/company-list/----Alexandria-Medical-Services---Alexandria-New-Medical-Center-SAE---1516 HTTP/1.1" 200 395060 "-" "Mozilla/5.0 (compatible; SemrushBot/7~bl; +http://www.semrush.com/bot.html)" "-"
111.90.145.71 - - [13/Sep/2024:07:11:18 -0400] "GET /en/investment/public/Misr-Financial-Investments-767 HTTP/1.1" 200 370001 "https://uat.decypha.com/en/company-list/------------Al-Hamrani-Industrial-Group---767" "Mozilla/5.0 (Windows NT 6.2; WOW64) AppleWebKit/537.36 (KHTML, like Gecko) Chrome/51.0.2704.106 Safari/537.36 ASW/1.51.2220.47" "-"
111.90.145.71 - - [13/Sep/2024:07:11:18 -0400] "GET /en/company-list?region=MENA-20&country=Egypt-EG&page=0 HTTP/1.1" 200 328372 "https://uat.decypha.com/en/company-list/------------Al-Hamrani-Industrial-Group---767" "Mozilla/5.0 (Macintosh; Intel Mac OS X 10_11_5) AppleWebKit/537.36 (KHTML, like Gecko) Chrome/54.0.2811.0 Safari/537.36" "-"
173.252.69.116 - - [13/Sep/2024:07:11:19 -0400] "GET /en/people-list/Taya-Sawiris-282625 HTTP/2.0" 200 325823 "-" "meta-externalagent/1.1 (+https://developers.facebook.com/docs/sharing/webmasters/crawler)" "-"
57.141.0.27 - - [13/Sep/2024:07:11:20 -0400] "GET /en/stock-announcement/public/----A-Capital-Holding---208853 HTTP/2.0" 200 315546 "-" "meta-externalagent/1.1 (+https://developers.facebook.com/docs/sharing/webmasters/crawler)" "-"
111.90.145.71 - - [13/Sep/2024:07:11:20 -0400] "GET /en/company-list/name=globItem HTTP/1.1" 404 14943 "https://uat.decypha.com/en/company-list/------------Al-Hamrani-Industrial-Group---767" "Mozilla/5.0 (Macintosh; Intel Mac OS X 10_9_5) AppleWebKit/537.36 (KHTML, like Gecko) Chrome/53.0.2785.8 Safari/537.36 OPR/40.0.2301.0 (Edition developer)" "-"
52.70.240.171 - - [13/Sep/2024:07:11:20 -0400] "GET /ar/news/details/-%D8%A7%D9%84%D8%A7%D8%B1%D8%AF%D9%86%D9%8A%D8%A9-%D9%84%D8%B5%D9%86%D8%A7%D8%B9%D8%A9-%D8%A7%D9%84%D8%A7%D9%86%D8%A7%D8%A8%D9%8A%D8%A8--%D8%AA%D8%A4%D9%83%D8%AF-%D8%B9%D9%84%D9%89-%D8%B9%D8%AF%D9%85-%D9%88%D8%AC%D9%88%D8%AF-%D8%A7%D9%8A%D8%A9-%D8%A7%D8%AD%D8%AF%D8%A7%D8%AB-%D8%AC%D9%88%D9%87%D8%B1%D9%8A%D8%A9-%D8%AA%D8%A4%D8%AB%D8%B1-%D8%B9%D9%84%D9%89-%D8%B3%D8%B9%D8%B1-%D8%A7%D9%84%D8%B3%D9%87%D9%85o/16214733?EDT=&L=AR&TSID= HTTP/1.1" 200 332954 "-" "Mozilla/5.0 (Macintosh; Intel Mac OS X 10_10_1) AppleWebKit/600.2.5 (KHTML, like Gecko) Version/8.0.2 Safari/600.2.5 (Amazonbot/0.1; +https://developer.amazon.com/support/amazonbot)" "-"
3.224.220.101 - - [13/Sep/2024:07:11:24 -0400] "GET /ar/news/details/145-9-%D8%A3%D9%84%D9%81-%D8%AF%D9%8A%D9%86%D8%A7%D8%B1-%D8%A3%D8%B1%D8%A8%D8%A7%D8%AD--%D8%A7%D9%84%D8%A3%D8%B1%D8%AF%D9%86%D9%8A%D8%A9-%D9%84%D8%B5%D9%86%D8%A7%D8%B9%D8%A9-%D8%A7%D9%84%D8%A7%D9%86%D8%A7%D8%A8%D9%8A%D8%A8-%D9%88%D8%AA%D9%88%D8%B5%D9%8A%D8%A9-%D8%A8%D8%AA%D9%88%D8%B2%D9%8A%D8%B9-8--%D9%86%D9%82%D8%AF%D8%A7%D9%8Bo/16458785?EDT=&L=AR&TSID= HTTP/1.1" 200 332908 "-" "Mozilla/5.0 (Macintosh; Intel Mac OS X 10_10_1) AppleWebKit/600.2.5 (KHTML, like Gecko) Version/8.0.2 Safari/600.2.5 (Amazonbot/0.1; +https://developer.amazon.com/support/amazonbot)" "-"
85.208.96.208 - - [13/Sep/2024:07:11:24 -0400] "GET /en/stock-news/public/First-Bahrain-Real-Estate-Development-Co---Bahrain-82555 HTTP/1.1" 200 282267 "-" "Mozilla/5.0 (compatible; SemrushBot/7~bl; +http://www.semrush.com/bot.html)" "-"
3.224.220.101 - - [13/Sep/2024:07:11:28 -0400] "GET /ar/news/details/%D8%A5%D9%8A%D8%B1%D8%A7%D8%AF%D8%A7%D8%AA-%D9%85%D8%B4%D8%BA%D9%84%D8%A7%D8%AA-%D8%A7%D9%84%D9%87%D9%88%D8%A7%D8%AA%D9%81-%D8%A7%D9%84%D8%A3%D8%B1%D8%AF%D9%86%D9%8A%D8%A9--%D8%B2%D9%8A%D9%86--%D9%88-%D8%A3%D9%88%D8%B1%D9%86%D8%AC--%D9%88-%D8%A3%D9%85%D9%86%D9%8A%D8%A9--%D8%AA%D8%B1%D8%AA%D9%81%D8%B9-%D8%B9%D8%A7%D9%85-2021o/21300218?EDT=&L=AR&TSID= HTTP/1.1" 200 453127 "-" "Mozilla/5.0 (Macintosh; Intel Mac OS X 10_10_1) AppleWebKit/600.2.5 (KHTML, like Gecko) Version/8.0.2 Safari/600.2.5 (Amazonbot/0.1; +https://developer.amazon.com/support/amazonbot)" "-"
111.90.145.71 - - [13/Sep/2024:07:11:28 -0400] "GET /en/home/MENA-20/EG HTTP/1.1" 200 582109 "https://uat.decypha.com/en/company-list/------------Al-Hamrani-Industrial-Group---767" "Mozilla/5.0 (Windows NT 6.2; Win64; x64) AppleWebKit/537.36 (KHTML, like Gecko) Chrome/53.0.2785.34 Safari/537.36" "-"
111.90.145.71 - - [13/Sep/2024:07:11:31 -0400] "GET /en/company-screener HTTP/1.1" 302 0 "https://uat.decypha.com/en/company-list/------------Al-Hamrani-Industrial-Group---767" "Mozilla/5.0 (Windows NT 6.1; WOW64; Trident/7.0; MAAU; tb-gmx/2.6.7; (gmx/1.3.0.0); rv:11.0) like Gecko" "-"
52.70.240.171 - - [13/Sep/2024:07:11:32 -0400] "GET /ar/news/details/%D8%B3%D9%87%D9%85--%D9%85%D9%88%D8%A8%D8%A7%D9%8A%D9%84%D9%8A--%D8%A8%D8%A3%D8%B9%D9%84%D9%89-%D9%85%D8%B3%D8%AA%D9%88%D9%8A%D8%A7%D8%AA%D9%87-%D9%85%D9%86%D8%B0-%D8%A7%D9%84%D8%B9%D8%A7%D9%85-2015-%D9%85%D8%B9-%D8%A5%D8%B9%D9%84%D8%A7%D9%86-%D9%86%D8%AA%D8%A7%D8%A6%D8%AC-%D8%A7%D9%84%D8%B1%D8%A8%D8%B9-%D8%A7%D9%84%D8%A3%D9%88%D9%84o/23449938?EDT=&L=AR&TSID= HTTP/1.1" 200 332917 "-" "Mozilla/5.0 (Macintosh; Intel Mac OS X 10_10_1) AppleWebKit/600.2.5 (KHTML, like Gecko) Version/8.0.2 Safari/600.2.5 (Amazonbot/0.1; +https://developer.amazon.com/support/amazonbot)" "-"
111.90.145.71 - - [13/Sep/2024:07:11:32 -0400] "GET /en/analysis-tools/view HTTP/1.1" 302 0 "https://uat.decypha.com/en/company-list/------------Al-Hamrani-Industrial-Group---767" "Mozilla/5.0 (Windows NT 6.2; WOW64; Trident/7.0; tb-gmx/2.6.6; MAARJS; rv:11.0) like Gecko" "-"
72.26.216.37 - - [13/Sep/2024:07:11:35 -0400] "GET / HTTP/1.1" 200 565802 "-" "Uptime-Kuma/1.23.13" "-"
3.224.220.101 - - [13/Sep/2024:07:11:35 -0400] "GET /ar/news/details/-%D8%A5%D8%B3-%D8%AA%D9%8A-%D8%B3%D9%8A--%D8%AA%D9%82%D9%88%D8%AF-%D9%82%D8%B7%D8%A7%D8%B9-%D8%A7%D9%84%D8%A7%D8%AA%D8%B5%D8%A7%D9%84%D8%A7%D8%AA-%D8%A7%D9%84%D8%B3%D8%B9%D9%88%D8%AF%D9%8A-%D9%84%D8%A3%D8%B1%D8%A8%D8%A7%D8%AD-4-14-%D9%85%D9%84%D9%8A%D8%A7%D8%B1-%D8%B1%D9%8A%D8%A7%D9%84-%D8%A8%D8%A7%D9%84%D8%B1%D8%A8%D8%B9-%D8%A7%D9%84%D8%A3%D9%88%D9%84-2023o/23496159?EDT=&L=AR&TSID= HTTP/1.1" 200 332934 "-" "Mozilla/5.0 (Macintosh; Intel Mac OS X 10_10_1) AppleWebKit/600.2.5 (KHTML, like Gecko) Version/8.0.2 Safari/600.2.5 (Amazonbot/0.1; +https://developer.amazon.com/support/amazonbot)" "-"
111.90.145.71 - - [13/Sep/2024:07:11:36 -0400] "GET /en/advanced-search HTTP/1.1" 200 346039 "https://uat.decypha.com/en/company-list/------------Al-Hamrani-Industrial-Group---767" "Mozilla/5.0 (Windows NT 6.1; Trident/7.0; rv:11.0) like Gecko Core/1.47.640.400 QQBrowser/9.4.8309.400" "-"
185.191.171.13 - - [13/Sep/2024:07:11:38 -0400] "GET /en/company-list/Stream-Industrial-and-Engineering-WLL-29823 HTTP/1.1" 200 302385 "-" "Mozilla/5.0 (compatible; SemrushBot/7~bl; +http://www.semrush.com/bot.html)" "-"
52.167.144.136 - - [13/Sep/2024:07:11:38 -0400] "GET /en/financial/cf/cse/lbv?viewType=A&currency=MAD&fromPeriod=&toPeriod=&periodB=C&est=0&periodType=A&brk=E HTTP/2.0" 302 0 "-" "Mozilla/5.0 AppleWebKit/537.36 (KHTML, like Gecko; compatible; bingbot/2.0; +http://www.bing.com/bingbot.htm) Chrome/116.0.1938.76 Safari/537.36" "-"
3.224.220.101 - - [13/Sep/2024:07:11:40 -0400] "GET /ar/news/details/%D8%A5%D9%8A%D8%B1%D8%A7%D8%AF%D8%A7%D8%AA-%D8%A7%D9%84%D9%81%D9%88%D8%A7%D8%A6%D8%AF-%D9%88%D8%A7%D9%84%D8%AA%D9%85%D9%88%D9%8A%D9%84%D8%A7%D8%AA-%D8%A7%D9%84%D8%A5%D8%B3%D9%84%D8%A7%D9%85%D9%8A%D8%A9-%D8%AA%D8%B1%D8%AA%D9%81%D8%B9-%D8%A8%D8%A3%D8%B1%D8%A8%D8%A7%D8%AD-%D8%A8%D9%86%D9%83-%D9%85%D8%B3%D9%82%D8%B7-%D8%A7%D9%84%D9%86%D8%B5%D9%81-%D8%B3%D9%86%D9%88%D9%8A%D8%A9o/21362255?EDT=&L=AR&TSID= HTTP/1.1" 200 346156 "-" "Mozilla/5.0 (Macintosh; Intel Mac OS X 10_10_1) AppleWebKit/600.2.5 (KHTML, like Gecko) Version/8.0.2 Safari/600.2.5 (Amazonbot/0.1; +https://developer.amazon.com/support/amazonbot)" "-"
3.224.220.101 - - [13/Sep/2024:07:11:43 -0400] "GET /dfnplusmoc/newsImage?FILEID=21362255&ITC=1&L=AR&MIMG=1&RT=62 HTTP/1.1" 200 7661 "-" "Mozilla/5.0 (Macintosh; Intel Mac OS X 10_10_1) AppleWebKit/600.2.5 (KHTML, like Gecko) Version/8.0.2 Safari/600.2.5 (Amazonbot/0.1; +https://developer.amazon.com/support/amazonbot)" "-"
101.44.162.220 - - [13/Sep/2024:07:11:45 -0400] "GET /EN/news/details/National-Investments-inks-KWD-13m-loan-deal/ HTTP/2.0" 404 14930 "-" "Mozilla/5.0 (Windows NT 10.0; Win64; x64) AppleWebKit/537.36 (KHTML, like Gecko) Chrome/101.0.4951.67 Safari/537.36" "-"
3.224.220.101 - - [13/Sep/2024:07:11:48 -0400] "GET /ar/news/details/%D8%B9%D9%85%D9%88%D9%85%D9%8A%D8%A9-%D8%B1%D9%8A%D9%83%D8%A7%D8%A8-%D9%84%D9%84%D8%A7%D8%B3%D8%AA%D8%AB%D9%85%D8%A7%D8%B1%D8%A7%D8%AA-%D8%AA%D9%82%D8%B1%D8%B1-%D8%AA%D8%AE%D9%81%D9%8A%D8%B6-%D8%B1%D8%A3%D8%B3-%D8%A7%D9%84%D9%85%D8%A7%D9%84-%D8%B9%D9%86-%D8%B7%D8%B1%D9%8A%D9%82-%D8%A5%D8%B9%D8%AF%D8%A7%D9%85-%D8%A3%D8%B3%D9%87%D9%85-%D8%AE%D8%B2%D9%8A%D9%86%D8%A9o/23366563?EDT=&L=AR&TSID= HTTP/1.1" 200 332915 "-" "Mozilla/5.0 (Macintosh; Intel Mac OS X 10_10_1) AppleWebKit/600.2.5 (KHTML, like Gecko) Version/8.0.2 Safari/600.2.5 (Amazonbot/0.1; +https://developer.amazon.com/support/amazonbot)" "-"
23.22.35.162 - - [13/Sep/2024:07:11:51 -0400] "GET /ar/news/details/%D8%A8%D9%81%D8%B9%D9%84-%D8%B2%D9%8A%D8%A7%D8%AF%D8%A9-%D8%A7%D9%84%D8%AA%D9%83%D8%A7%D9%84%D9%8A%D9%81---%D8%A7%D9%84%D8%A3%D8%B1%D8%A8%D8%A7%D8%AD-%D8%A7%D9%84%D9%86%D8%B5%D9%81%D9%8A%D8%A9-%D9%84%D8%A3%D9%83%D8%A8%D8%B1-3-%D8%B4%D8%B1%D9%83%D8%A7%D8%AA-%D8%B9%D9%82%D8%A7%D8%B1%D9%8A%D8%A9-%D8%A8%D8%A3%D8%A8%D9%88%D8%B8%D8%A8%D9%8A-%D8%AA%D8%AA%D8%B1%D8%A7%D8%AC%D8%B9-23-o/21169829?EDT=&L=AR&TSID= HTTP/1.1" 200 345336 "-" "Mozilla/5.0 (Macintosh; Intel Mac OS X 10_10_1) AppleWebKit/600.2.5 (KHTML, like Gecko) Version/8.0.2 Safari/600.2.5 (Amazonbot/0.1; +https://developer.amazon.com/support/amazonbot)" "-"
66.249.79.8 - - [13/Sep/2024:07:11:54 -0400] "GET /en/company-list/Al-Dar-National-Real-Estate-Co-KSCC-14438 HTTP/1.1" 200 308482 "-" "Mozilla/5.0 (Linux; Android 6.0.1; Nexus 5X Build/MMB29P) AppleWebKit/537.36 (KHTML, like Gecko) Chrome/128.0.6613.137 Mobile Safari/537.36 (compatible; Googlebot/2.1; +http://www.google.com/bot.html)" "-"
66.249.78.35 - - [13/Sep/2024:07:11:55 -0400] "GET /en/people-list/Yasser-Al-Zahrani-442420 HTTP/1.1" 200 325880 "-" "Mozilla/5.0 (Linux; Android 6.0.1; Nexus 5X Build/MMB29P) AppleWebKit/537.36 (KHTML, like Gecko) Chrome/128.0.6613.137 Mobile Safari/537.36 (compatible; Googlebot/2.1; +http://www.google.com/bot.html)" "-"
185.191.171.16 - - [13/Sep/2024:07:11:55 -0400] "GET /EN/company-list/----ESG-Emirates-Stallions-Group-PrJSC---31900 HTTP/1.1" 200 366272 "-" "Mozilla/5.0 (compatible; SemrushBot/7~bl; +http://www.semrush.com/bot.html)" "-"
3.224.220.101 - - [13/Sep/2024:07:11:56 -0400] "GET /ar/news/details/31-%D9%8A%D9%88%D9%84%D9%8A%D9%88---%D9%85%D8%B3%D8%A7%D9%87%D9%85%D9%88--%D8%A3%D8%B3%D9%85%D9%86%D8%AA-%D8%AD%D8%A7%D8%A6%D9%84--%D9%8A%D9%86%D8%A7%D9%82%D8%B4%D9%88%D9%86-%D8%AA%D8%AD%D9%88%D9%8A%D9%84-58-35-%D9%85%D9%84%D9%8A%D9%88%D9%86-%D8%B1%D9%8A%D8%A7%D9%84-%D9%84%D9%84%D8%A3%D8%B1%D8%A8%D8%A7%D8%AD-%D8%A7%D9%84%D9%85%D8%A8%D9%82%D8%A7%D8%A9o/21360908?EDT=&L=AR&TSID= HTTP/1.1" 200 347647 "-" "Mozilla/5.0 (Macintosh; Intel Mac OS X 10_10_1) AppleWebKit/600.2.5 (KHTML, like Gecko) Version/8.0.2 Safari/600.2.5 (Amazonbot/0.1; +https://developer.amazon.com/support/amazonbot)" "-"
66.249.78.36 - - [13/Sep/2024:07:11:57 -0400] "GET /en/company-list/------------Xpence-Ltd--151774 HTTP/1.1" 200 301356 "-" "Mozilla/5.0 (Linux; Android 6.0.1; Nexus 5X Build/MMB29P) AppleWebKit/537.36 (KHTML, like Gecko) Chrome/128.0.6613.137 Mobile Safari/537.36 (compatible; Googlebot/2.1; +http://www.google.com/bot.html)" "-"
66.249.78.34 - - [13/Sep/2024:07:11:57 -0400] "GET /en/company-management/page/EG/Hot%20Shot%20Egypt%20Petroleum-80554 HTTP/1.1" 302 0 "-" "Mozilla/5.0 (Linux; Android 6.0.1; Nexus 5X Build/MMB29P) AppleWebKit/537.36 (KHTML, like Gecko) Chrome/128.0.6613.137 Mobile Safari/537.36 (compatible; Googlebot/2.1; +http://www.google.com/bot.html)" "-"
185.191.171.9 - - [13/Sep/2024:07:11:58 -0400] "GET /en/people-list/Ahmed-Morsy-279434 HTTP/1.1" 200 324288 "-" "Mozilla/5.0 (compatible; SemrushBot/7~bl; +http://www.semrush.com/bot.html)" "-"
3.224.220.101 - - [13/Sep/2024:07:12:00 -0400] "GET /ar/news/details/4-%D8%B9%D9%88%D8%A7%D9%85%D9%84-%D8%AA%D8%AA%D8%B1%D8%A7%D8%AC%D8%B9-%D8%A8%D8%A3%D8%B1%D8%A8%D8%A7%D8%AD-%D8%AD%D9%84%D9%88%D8%A7%D9%86%D9%8A-%D8%A5%D8%AE%D9%88%D8%A7%D9%86-%D8%A5%D9%84%D9%89-19-7-%D9%85%D9%84%D9%8A%D9%88%D9%86-%D8%B1%D9%8A%D8%A7%D9%84-%D9%81%D9%8A-%D8%A7%D9%84%D8%B1%D8%A8%D8%B9-%D8%A7%D9%84%D8%A3%D9%88%D9%84-%D9%84%D8%B9%D8%A7%D9%85-2022o/21291739?EDT=&L=AR&TSID= HTTP/1.1" 200 344197 "-" "Mozilla/5.0 (Macintosh; Intel Mac OS X 10_10_1) AppleWebKit/600.2.5 (KHTML, like Gecko) Version/8.0.2 Safari/600.2.5 (Amazonbot/0.1; +https://developer.amazon.com/support/amazonbot)" "-"
185.191.171.1 - - [13/Sep/2024:07:12:02 -0400] "GET /ar/people-list/%D8%A7%D9%85%D9%8A%D9%86%20%D8%A7%D9%84%D8%B9%D8%B1%D9%8A%D8%B6-299766 HTTP/1.1" 200 344915 "-" "Mozilla/5.0 (compatible; SemrushBot/7~bl; +http://www.semrush.com/bot.html)" "-"
57.141.0.20 - - [13/Sep/2024:07:12:03 -0400] "GET /ar/people-list/%D8%AD%D8%B3%D9%8A%D9%86-%D8%A7%D9%84%D8%BA%D8%A7%D9%86%D9%85-87528 HTTP/2.0" 200 340593 "-" "facebookexternalhit/1.1 (+http://www.facebook.com/externalhit_uatext.php)" "-"
3.224.220.101 - - [13/Sep/2024:07:12:03 -0400] "GET /ar/news/details/%D9%85%D8%AC%D9%85%D9%88%D8%B9%D8%A9-%D8%B5%D8%A7%D9%81%D9%88%D9%84%D8%A7-%D9%88%D8%A7%D9%84%D9%85%D8%B1%D8%A7%D8%B9%D9%8A-%D8%AA%D8%B5%D8%B9%D8%AF%D8%A7%D9%86-%D8%A8%D8%A3%D8%B1%D8%A8%D8%A7%D8%AD-%D9%82%D8%B7%D8%A7%D8%B9-%D8%A5%D9%86%D8%AA%D8%A7%D8%AC-%D8%A7%D9%84%D8%A3%D8%BA%D8%B0%D9%8A%D8%A9-%D9%81%D9%8A-%D8%A7%D9%84%D8%B1%D8%A8%D8%B9-%D8%A7%D9%84%D8%AB%D8%A7%D9%86%D9%8A-2022o/21310535?EDT=&L=AR&TSID= HTTP/1.1" 200 365300 "-" "Mozilla/5.0 (Macintosh; Intel Mac OS X 10_10_1) AppleWebKit/600.2.5 (KHTML, like Gecko) Version/8.0.2 Safari/600.2.5 (Amazonbot/0.1; +https://developer.amazon.com/support/amazonbot)" "-"
5.192.185.33 - - [13/Sep/2024:07:12:04 -0400] "GET /en/company-list/aamal-readymix-wll-81473 HTTP/1.1" 200 304037 "-" "Mozilla/5.0 (Windows NT 10.0; Win64; x64; rv:109.0) Gecko/20100101 Firefox/111.0" "-"
157.55.39.48 - - [13/Sep/2024:07:12:07 -0400] "GET /ar/news/details/16-%D9%85%D8%A7%D9%8A%D9%88---%D9%85%D8%B3%D8%A7%D9%87%D9%85%D9%88--%D8%A7%D9%84%D8%A8%D8%AD%D8%B1%D9%8A--%D9%8A%D9%86%D8%A7%D9%82%D8%B4%D9%88%D9%86-%D8%B2%D9%8A%D8%A7%D8%AF%D8%A9-%D8%B1%D8%A3%D8%B3-%D8%A7%D9%84%D9%85%D8%A7%D9%84-25--%D8%A8%D9%85%D9%86%D8%AD-%D8%A3%D8%B3%D9%87%D9%85-%D9%85%D8%AC%D8%A7%D9%86%D9%8A%D8%A9o/ HTTP/2.0" 404 15066 "-" "Mozilla/5.0 AppleWebKit/537.36 (KHTML, like Gecko; compatible; bingbot/2.0; +http://www.bing.com/bingbot.htm) Chrome/116.0.1938.76 Safari/537.36" "-"
52.70.240.171 - - [13/Sep/2024:07:12:07 -0400] "GET /ar/news/details/-%D8%A3%D8%B3%D9%85%D9%86%D8%AA-%D8%A7%D9%84%D8%AC%D9%88%D9%81--%D8%AA%D9%88%D8%B6%D8%AD-%D8%A7%D9%84%D8%A3%D8%AB%D8%B1-%D8%A7%D9%84%D9%85%D8%A7%D9%84%D9%8A-%D9%84%D9%82%D8%B1%D8%A7%D8%B1--%D8%A7%D9%84%D9%85%D9%86%D8%A7%D9%81%D8%B3%D8%A9--%D8%A8%D8%AA%D8%BA%D8%B1%D9%8A%D9%85-%D8%A7%D9%84%D8%B4%D8%B1%D9%83%D8%A9-10-%D9%85%D9%84%D8%A7%D9%8A%D9%8A%D9%86-%D8%B1%D9%8A%D8%A7%D9%84o/23366461?EDT=&L=AR&TSID= HTTP/1.1" 200 332924 "-" "Mozilla/5.0 (Macintosh; Intel Mac OS X 10_10_1) AppleWebKit/600.2.5 (KHTML, like Gecko) Version/8.0.2 Safari/600.2.5 (Amazonbot/0.1; +https://developer.amazon.com/support/amazonbot)" "-"
173.252.107.113 - - [13/Sep/2024:07:12:08 -0400] "GET /en/stock-overview/public/CSE/CIH HTTP/2.0" 200 328244 "-" "meta-externalagent/1.1 (+https://developers.facebook.com/docs/sharing/webmasters/crawler)" "-"
57.141.0.21 - - [13/Sep/2024:07:12:10 -0400] "GET /en/company-management/public/Wared-Logistics-Co-Ltd-13100 HTTP/2.0" 200 286350 "-" "facebookexternalhit/1.1 (+http://www.facebook.com/externalhit_uatext.php)" "-"
52.70.240.171 - - [13/Sep/2024:07:12:12 -0400] "GET /ar/news/details/%D8%B4%D8%B1%D9%83%D8%A7%D8%AA-%D8%A7%D9%84%D8%A3%D8%B3%D9%85%D9%86%D8%AA-%D8%A7%D9%84%D8%B3%D8%B9%D9%88%D8%AF%D9%8A%D8%A9-%D8%AA%D8%B1%D8%A8%D8%AD-2-16-%D9%85%D9%84%D9%8A%D8%A7%D8%B1-%D8%B1%D9%8A%D8%A7%D9%84-%D9%81%D9%8A-%D8%B9%D8%A7%D9%85-2022--%D9%88%D9%82%D9%81%D8%B2%D8%A9-%D8%A8%D8%A7%D9%84%D8%B1%D8%A8%D8%B9-%D8%A7%D9%84%D8%B1%D8%A7%D8%A8%D8%B9o/23333641?EDT=&L=AR&TSID= HTTP/1.1" 200 332919 "-" "Mozilla/5.0 (Macintosh; Intel Mac OS X 10_10_1) AppleWebKit/600.2.5 (KHTML, like Gecko) Version/8.0.2 Safari/600.2.5 (Amazonbot/0.1; +https://developer.amazon.com/support/amazonbot)" "-"
185.191.171.13 - - [13/Sep/2024:07:12:17 -0400] "GET /ar/company-list/--------------------------------64621 HTTP/1.1" 200 306626 "-" "Mozilla/5.0 (compatible; SemrushBot/7~bl; +http://www.semrush.com/bot.html)" "-"
40.77.167.35 - - [13/Sep/2024:07:12:17 -0400] "GET /en/company-list/------------Al-Angari-Holding-Co--Abdullah-Al-Angari---Co----76022 HTTP/2.0" 200 306176 "-" "Mozilla/5.0 AppleWebKit/537.36 (KHTML, like Gecko; compatible; bingbot/2.0; +http://www.bing.com/bingbot.htm) Chrome/116.0.1938.76 Safari/537.36" "-"
23.22.35.162 - - [13/Sep/2024:07:12:19 -0400] "GET /ar/news/details/%D9%87%D9%8A%D8%A6%D8%A9-%D8%A7%D9%84%D8%A7%D8%AA%D8%B5%D8%A7%D9%84%D8%A7%D8%AA-%D8%AA%D8%B3%D8%AC%D9%84-%D8%AA%D8%AD%D8%A7%D9%84%D9%81%D8%A7%D9%8B-%D8%A8%D9%8A%D9%86-3-%D8%B4%D8%B1%D9%83%D8%A7%D8%AA-%D9%84%D8%AA%D9%82%D8%AF%D9%8A%D9%85-%D8%A7%D9%84%D8%AD%D9%84%D9%88%D9%84-%D8%A7%D9%84%D9%85%D8%A8%D8%AA%D9%83%D8%B1%D8%A9-%D9%84%D9%84%D8%AC%D9%87%D8%A7%D8%AA-%D8%A7%D9%84%D8%AD%D9%83%D9%88%D9%85%D9%8A%D8%A9o/21361458?EDT=&L=AR&TSID= HTTP/1.1" 200 345355 "-" "Mozilla/5.0 (Macintosh; Intel Mac OS X 10_10_1) AppleWebKit/600.2.5 (KHTML, like Gecko) Version/8.0.2 Safari/600.2.5 (Amazonbot/0.1; +https://developer.amazon.com/support/amazonbot)" "-"
