52.70.240.171 - - [13/Sep/2024:07:08:39 -0400] "GET /AR/reports/company/PEX/SAFABANK/*/* HTTP/1.1" 302 0 "-" "Mozilla/5.0 (Macintosh; Intel Mac OS X 10_10_1) AppleWebKit/600.2.5 (KHTML, like Gecko) Version/8.0.2 Safari/600.2.5 (Amazonbot/0.1; +https://developer.amazon.com/support/amazonbot)" "-"
66.249.79.7 - - [13/Sep/2024:07:08:39 -0400] "GET /ar/real-time-prices/public/--------------------80550 HTTP/1.1" 200 327998 "-" "Mozilla/5.0 (Linux; Android 6.0.1; Nexus 5X Build/MMB29P) AppleWebKit/537.36 (KHTML, like Gecko) Chrome/128.0.6613.137 Mobile Safari/537.36 (compatible; Googlebot/2.1; +http://www.google.com/bot.html)" "-"
157.55.39.48 - - [13/Sep/2024:07:08:40 -0400] "GET /en/people-list/Bertille-Pereira-255770 HTTP/2.0" 200 323667 "-" "Mozilla/5.0 AppleWebKit/537.36 (KHTML, like Gecko; compatible; bingbot/2.0; +http://www.bing.com/bingbot.htm) Chrome/116.0.1938.76 Safari/537.36" "-"
66.249.78.34 - - [13/Sep/2024:07:08:41 -0400] "GET /en/company-list/------------Arabtec-Construction-LLC---Abu-Dhabi--64261 HTTP/1.1" 200 297855 "-" "Mozilla/5.0 (Linux; Android 6.0.1; Nexus 5X Build/MMB29P) AppleWebKit/537.36 (KHTML, like Gecko) Chrome/128.0.6613.137 Mobile Safari/537.36 (compatible; Googlebot/2.1; +http://www.google.com/bot.html)" "-"
157.55.39.48 - - [13/Sep/2024:07:08:42 -0400] "GET /en/people-list/Vikas-Mishra-255545 HTTP/2.0" 200 323268 "-" "Mozilla/5.0 AppleWebKit/537.36 (KHTML, like Gecko; compatible; bingbot/2.0; +http://www.bing.com/bingbot.htm) Chrome/116.0.1938.76 Safari/537.36" "-"
173.252.70.112 - - [13/Sep/2024:07:08:42 -0400] "GET /en/people-list/Gilles-Dupin-223547 HTTP/2.0" 200 325716 "-" "facebookexternalhit/1.1 (+http://www.facebook.com/externalhit_uatext.php)" "-"
157.55.39.48 - - [13/Sep/2024:07:08:43 -0400] "GET /en/people-list/Hari-Iyer-255544 HTTP/2.0" 200 323205 "-" "Mozilla/5.0 AppleWebKit/537.36 (KHTML, like Gecko; compatible; bingbot/2.0; +http://www.bing.com/bingbot.htm) Chrome/116.0.1938.76 Safari/537.36" "-"
52.167.144.192 - - [13/Sep/2024:07:08:43 -0400] "GET /en/people-list/Dilip-Samanthilaka-255748 HTTP/2.0" 200 323287 "-" "Mozilla/5.0 AppleWebKit/537.36 (KHTML, like Gecko; compatible; bingbot/2.0; +http://www.bing.com/bingbot.htm) Chrome/116.0.1938.76 Safari/537.36" "-"
52.70.240.171 - - [13/Sep/2024:07:08:44 -0400] "GET /ar/news/details/-%D8%A3%D9%86%D8%A7%D8%A8%D9%8A%D8%A8-%D8%A7%D9%84%D8%B3%D8%B9%D9%88%D8%AF%D9%8A%D8%A9--%D8%AA%D8%B9%D9%8A%D9%86-%D8%B1%D9%8A%D9%86%D9%88%D8%A7%D8%B1-%D8%A8%D9%8A%D8%B1%D8%B2%D9%86%D8%AC%D9%8A-%D8%A8%D9%85%D9%86%D8%B5%D8%A8-%D8%A7%D9%84%D8%B1%D8%A6%D9%8A%D8%B3-%D8%A7%D9%84%D8%AA%D9%86%D9%81%D9%8A%D8%B0%D9%8A-%D9%88%D8%A7%D9%84%D8%B9%D8%B6%D9%88-%D8%A7%D9%84%D9%85%D9%86%D8%AA%D8%AF%D8%A8o/23427941?EDT=&L=AR&TSID= HTTP/1.1" 200 332931 "-" "Mozilla/5.0 (Macintosh; Intel Mac OS X 10_10_1) AppleWebKit/600.2.5 (KHTML, like Gecko) Version/8.0.2 Safari/600.2.5 (Amazonbot/0.1; +https://developer.amazon.com/support/amazonbot)" "-"
173.252.83.23 - - [13/Sep/2024:07:08:44 -0400] "GET /en/people-list/Alia-Al-Sabah-162969 HTTP/2.0" 200 326021 "-" "facebookexternalhit/1.1 (+http://www.facebook.com/externalhit_uatext.php)" "-"
157.55.39.48 - - [13/Sep/2024:07:08:45 -0400] "GET /en/people-list/Hussain-Al-Zubaidi-255558 HTTP/2.0" 200 325854 "-" "Mozilla/5.0 AppleWebKit/537.36 (KHTML, like Gecko; compatible; bingbot/2.0; +http://www.bing.com/bingbot.htm) Chrome/116.0.1938.76 Safari/537.36" "-"
66.249.78.35 - - [13/Sep/2024:07:08:45 -0400] "GET /price/intraday?SID=BD584E3E-DB9B-9ECF-E040-007F01005D49&UID=51562&RT=37&E=CASE&S=ISPH&INS=0&CT=3&CM=1&NOD=5&AE=0&UE=&SO=ASC&TMST=202491300 HTTP/1.1" 200 42368 "https://uat.decypha.com/ar/real-time-prices/public/--------------------80550" "Mozilla/5.0 (Linux; Android 6.0.1; Nexus 5X Build/MMB29P) AppleWebKit/537.36 (KHTML, like Gecko) Chrome/128.0.6613.113 Mobile Safari/537.36 (compatible; Googlebot/2.1; +http://www.google.com/bot.html)" "-"
52.167.144.192 - - [13/Sep/2024:07:08:45 -0400] "GET /en/people-list/Sami-Al-Sahib-255555 HTTP/2.0" 200 325865 "-" "Mozilla/5.0 AppleWebKit/537.36 (KHTML, like Gecko; compatible; bingbot/2.0; +http://www.bing.com/bingbot.htm) Chrome/116.0.1938.76 Safari/537.36" "-"
40.77.167.47 - - [13/Sep/2024:07:08:46 -0400] "GET /en/people-list/Said-Al-Shanfari-255589 HTTP/2.0" 200 327295 "-" "Mozilla/5.0 AppleWebKit/537.36 (KHTML, like Gecko; compatible; bingbot/2.0; +http://www.bing.com/bingbot.htm) Chrome/116.0.1938.76 Safari/537.36" "-"
52.167.144.192 - - [13/Sep/2024:07:08:46 -0400] "GET /en/people-list/Ali-Al-Waili-255560 HTTP/2.0" 200 322373 "-" "Mozilla/5.0 AppleWebKit/537.36 (KHTML, like Gecko; compatible; bingbot/2.0; +http://www.bing.com/bingbot.htm) Chrome/116.0.1938.76 Safari/537.36" "-"
157.55.39.48 - - [13/Sep/2024:07:08:46 -0400] "GET /en/people-list/Jim-Low-255824 HTTP/2.0" 200 327412 "-" "Mozilla/5.0 AppleWebKit/537.36 (KHTML, like Gecko; compatible; bingbot/2.0; +http://www.bing.com/bingbot.htm) Chrome/116.0.1938.76 Safari/537.36" "-"
157.55.39.48 - - [13/Sep/2024:07:08:47 -0400] "GET /en/people-list/Abbas-Al-Lawatti-255552 HTTP/2.0" 200 325918 "-" "Mozilla/5.0 AppleWebKit/537.36 (KHTML, like Gecko; compatible; bingbot/2.0; +http://www.bing.com/bingbot.htm) Chrome/116.0.1938.76 Safari/537.36" "-"
52.167.144.192 - - [13/Sep/2024:07:08:47 -0400] "GET /en/people-list/Abdul-Aziz-Al-Nadabi-125544 HTTP/2.0" 200 325984 "-" "Mozilla/5.0 AppleWebKit/537.36 (KHTML, like Gecko; compatible; bingbot/2.0; +http://www.bing.com/bingbot.htm) Chrome/116.0.1938.76 Safari/537.36" "-"
23.22.35.162 - - [13/Sep/2024:07:08:48 -0400] "GET /ar/news/details/%D8%A7%D9%84%D8%A8%D9%86%D9%88%D9%83-%D8%A7%D9%84%D8%B3%D8%B9%D9%88%D8%AF%D9%8A%D8%A9-%D8%A7%D9%84%D9%85%D8%AF%D8%B1%D8%AC%D8%A9-%D8%AA%D8%B1%D9%81%D8%B9-%D8%A7%D8%B3%D8%AA%D8%AB%D9%85%D8%A7%D8%B1%D8%A7%D8%AA%D9%87%D8%A7-%D8%A5%D9%84%D9%89-739-%D9%85%D9%84%D9%8A%D8%A7%D8%B1-%D8%B1%D9%8A%D8%A7%D9%84-%D9%81%D9%8A-%D8%A7%D9%84%D8%B1%D8%A8%D8%B9-%D8%A7%D9%84%D8%A3%D9%88%D9%84o/23469478?EDT=&L=AR&TSID= HTTP/1.1" 200 332918 "-" "Mozilla/5.0 (Macintosh; Intel Mac OS X 10_10_1) AppleWebKit/600.2.5 (KHTML, like Gecko) Version/8.0.2 Safari/600.2.5 (Amazonbot/0.1; +https://developer.amazon.com/support/amazonbot)" "-"
157.55.39.48 - - [13/Sep/2024:07:08:49 -0400] "GET /ar/news/details/%D8%A7%D9%84%D9%85%D8%B5%D8%B1%D9%8A%D8%A9-%D9%84%D9%86%D8%B8%D9%85-%D8%A7%D9%84%D8%AA%D8%B9%D9%84%D9%8A%D9%85-%D8%AA%D8%AF%D8%B1%D8%B3-%D8%A5%D9%86%D8%B4%D8%A7%D8%A1-%D8%AC%D8%A7%D9%85%D8%B9%D8%A9-%D8%AE%D8%A7%D8%B5%D8%A9-%D9%81%D9%8A-%D8%A7%D9%84%D8%B9%D8%A7%D8%B5%D9%85%D8%A9-%D8%A7%D9%84%D8%A5%D8%AF%D8%A7%D8%B1%D9%8A%D8%A9-%D8%A7%D9%84%D8%AC%D8%AF%D9%8A%D8%AF%D8%A9o/21313237?L=AR HTTP/2.0" 200 341888 "-" "Mozilla/5.0 AppleWebKit/537.36 (KHTML, like Gecko; compatible; bingbot/2.0; +http://www.bing.com/bingbot.htm) Chrome/116.0.1938.76 Safari/537.36" "-"
85.208.96.207 - - [13/Sep/2024:07:08:50 -0400] "GET /en/people-list/Shamsheer%20Hashim-225317 HTTP/1.1" 200 337547 "-" "Mozilla/5.0 (compatible; SemrushBot/7~bl; +http://www.semrush.com/bot.html)" "-"
157.55.39.48 - - [13/Sep/2024:07:08:50 -0400] "GET /ar/packages HTTP/2.0" 200 354040 "-" "Mozilla/5.0 AppleWebKit/537.36 (KHTML, like Gecko; compatible; bingbot/2.0; +http://www.bing.com/bingbot.htm) Chrome/116.0.1938.76 Safari/537.36" "-"
52.70.240.171 - - [13/Sep/2024:07:08:52 -0400] "GET /ar/news/details/%D8%AF%D9%8A%D8%A7%D8%B1-%D9%84%D9%84%D8%AA%D8%B7%D9%88%D9%8A%D8%B1-%D8%AA%D8%B3%D8%B9%D9%89-%D9%84%D9%84%D8%AA%D9%88%D8%B3%D8%B9-%D8%A8%D8%A3%D8%A8%D9%88%D8%B8%D8%A8%D9%8A-%D9%88%D8%A7%D9%84%D8%A5%D8%B9%D9%84%D8%A7%D9%86-%D8%B9%D9%86-%D9%85%D8%B4%D8%A7%D8%B1%D9%8A%D8%B9-%D8%AC%D8%AF%D9%8A%D8%AF%D8%A9-%D8%A8%D9%803-5-%D9%85%D9%84%D9%8A%D8%A7%D8%B1-%D8%AF%D8%B1%D9%87%D9%85o/23444527?EDT=&L=AR&TSID= HTTP/1.1" 200 332918 "-" "Mozilla/5.0 (Macintosh; Intel Mac OS X 10_10_1) AppleWebKit/600.2.5 (KHTML, like Gecko) Version/8.0.2 Safari/600.2.5 (Amazonbot/0.1; +https://developer.amazon.com/support/amazonbot)" "-"
52.167.144.192 - - [13/Sep/2024:07:08:52 -0400] "GET /en/company-list/Al-Kamal-Import-Office-Co--Ltd-168285 HTTP/2.0" 200 314362 "-" "Mozilla/5.0 AppleWebKit/537.36 (KHTML, like Gecko; compatible; bingbot/2.0; +http://www.bing.com/bingbot.htm) Chrome/116.0.1938.76 Safari/537.36" "-"
52.167.144.192 - - [13/Sep/2024:07:08:55 -0400] "GET /en/company-list/------------Fama-Holding-Co-Ltd---168371 HTTP/2.0" 200 317315 "-" "Mozilla/5.0 AppleWebKit/537.36 (KHTML, like Gecko; compatible; bingbot/2.0; +http://www.bing.com/bingbot.htm) Chrome/116.0.1938.76 Safari/537.36" "-"
119.8.162.110 - - [13/Sep/2024:07:08:55 -0400] "GET /en/people-list/Sonia-Sellami-187153 HTTP/2.0" 200 322297 "-" "Mozilla/5.0 (Windows NT 10.0; Win64; x64) AppleWebKit/537.36 (KHTML, like Gecko) Chrome/104.0.0.0 Safari/537.36" "-"
52.70.240.171 - - [13/Sep/2024:07:08:56 -0400] "GET /ar/news/details/%D9%82%D9%8A%D9%85%D8%A9-%D8%A7%D9%84%D8%B7%D8%B1%D9%88%D8%AD%D8%A7%D8%AA-%D8%A7%D9%84%D8%AC%D8%AF%D9%8A%D8%AF%D8%A9-%D8%A8%D8%B3%D9%88%D9%82-%D8%A7%D9%84%D8%A3%D8%B3%D9%87%D9%85-%D8%A7%D9%84%D8%B3%D8%B9%D9%88%D8%AF%D9%8A%D8%A9-%D8%AA%D8%AA%D8%B6%D8%A7%D8%B9%D9%81-12-%D9%85%D8%B1%D8%A9-%D8%A8%D8%A7%D9%84%D9%86%D8%B5%D9%81-%D8%A7%D9%84%D8%A3%D9%88%D9%84-2022o/21301488?EDT=&L=AR&TSID= HTTP/1.1" 200 460195 "-" "Mozilla/5.0 (Macintosh; Intel Mac OS X 10_10_1) AppleWebKit/600.2.5 (KHTML, like Gecko) Version/8.0.2 Safari/600.2.5 (Amazonbot/0.1; +https://developer.amazon.com/support/amazonbot)" "-"
85.208.96.207 - - [13/Sep/2024:07:08:56 -0400] "GET /en/people-list/Ayman%20Soliman-94021 HTTP/1.1" 200 338327 "-" "Mozilla/5.0 (compatible; SemrushBot/7~bl; +http://www.semrush.com/bot.html)" "-"
40.77.167.47 - - [13/Sep/2024:07:08:57 -0400] "GET /en/people-list/Varghese-Abraham-255592 HTTP/2.0" 200 323629 "-" "Mozilla/5.0 AppleWebKit/537.36 (KHTML, like Gecko; compatible; bingbot/2.0; +http://www.bing.com/bingbot.htm) Chrome/116.0.1938.76 Safari/537.36" "-"
40.77.167.47 - - [13/Sep/2024:07:08:59 -0400] "GET /en/people-list/Surya-Narayan-255752 HTTP/2.0" 200 326734 "-" "Mozilla/5.0 AppleWebKit/537.36 (KHTML, like Gecko; compatible; bingbot/2.0; +http://www.bing.com/bingbot.htm) Chrome/116.0.1938.76 Safari/537.36" "-"
3.224.220.101 - - [13/Sep/2024:07:08:59 -0400] "GET /ar/news/details/%D8%B9%D9%85%D9%88%D9%85%D9%8A%D8%A9-%D8%B1%D9%8A%D9%83%D8%A7%D8%A8-%D9%84%D9%84%D8%A7%D8%B3%D8%AA%D8%AB%D9%85%D8%A7%D8%B1%D8%A7%D8%AA-%D8%A7%D9%84%D9%85%D8%A7%D9%84%D9%8A%D8%A9-%D8%AA%D8%B9%D8%AA%D9%85%D8%AF-%D8%A7%D9%84%D9%82%D9%88%D8%A7%D8%A6%D9%85-%D8%A7%D9%84%D8%B3%D9%86%D9%88%D9%8A%D8%A9-%D9%88%D8%AA%D8%B4%D9%83%D9%8A%D9%84-%D9%85%D8%AC%D9%84%D8%B3-%D8%A7%D9%84%D8%A5%D8%AF%D8%A7%D8%B1%D8%A9o/23344078?EDT=&L=AR&TSID= HTTP/1.1" 200 332935 "-" "Mozilla/5.0 (Macintosh; Intel Mac OS X 10_10_1) AppleWebKit/600.2.5 (KHTML, like Gecko) Version/8.0.2 Safari/600.2.5 (Amazonbot/0.1; +https://developer.amazon.com/support/amazonbot)" "-"
40.77.167.47 - - [13/Sep/2024:07:09:00 -0400] "GET /en/people-list/Mohammed-Almamari-255620 HTTP/2.0" 200 322414 "-" "Mozilla/5.0 AppleWebKit/537.36 (KHTML, like Gecko; compatible; bingbot/2.0; +http://www.bing.com/bingbot.htm) Chrome/116.0.1938.76 Safari/537.36" "-"
40.77.167.47 - - [13/Sep/2024:07:09:02 -0400] "GET /en/company-list/Operation-Excellence-LLC-33429 HTTP/2.0" 200 303137 "-" "Mozilla/5.0 AppleWebKit/537.36 (KHTML, like Gecko; compatible; bingbot/2.0; +http://www.bing.com/bingbot.htm) Chrome/116.0.1938.76 Safari/537.36" "-"
40.77.167.47 - - [13/Sep/2024:07:09:03 -0400] "GET /ar/people-list/%D8%AC%D9%8A%D9%84%D8%A7%D9%86%D9%8A-%D8%A3%D8%A8%D9%88%D8%B3%D8%A7%D9%85-477502 HTTP/2.0" 200 337730 "-" "Mozilla/5.0 AppleWebKit/537.36 (KHTML, like Gecko; compatible; bingbot/2.0; +http://www.bing.com/bingbot.htm) Chrome/116.0.1938.76 Safari/537.36" "-"
3.224.220.101 - - [13/Sep/2024:07:09:03 -0400] "GET /ar/news/details/-%D8%B3%D9%84%D9%88%D8%B4%D9%86%D8%B2--%D8%AA%D9%88%D9%82%D8%B9-%D8%B9%D9%82%D8%AF%D8%A7%D9%8B-%D9%85%D8%B9-%D8%A7%D9%84%D9%85%D8%B1%D9%83%D8%B2-%D8%A7%D9%84%D9%88%D8%B7%D9%86%D9%8A-%D9%84%D9%84%D9%85%D9%88%D8%A7%D8%B1%D8%AF-%D8%A7%D9%84%D8%AD%D9%83%D9%88%D9%85%D9%8A%D8%A9-%D8%A8%D9%80444-13-%D9%85%D9%84%D9%8A%D9%88%D9%86-%D8%B1%D9%8A%D8%A7%D9%84o/21357355?EDT=&L=AR&TSID= HTTP/1.1" 200 343640 "-" "Mozilla/5.0 (Macintosh; Intel Mac OS X 10_10_1) AppleWebKit/600.2.5 (KHTML, like Gecko) Version/8.0.2 Safari/600.2.5 (Amazonbot/0.1; +https://developer.amazon.com/support/amazonbot)" "-"
40.77.167.47 - - [13/Sep/2024:07:09:05 -0400] "GET /en/company-management/EGX/WCDF HTTP/2.0" 302 0 "-" "Mozilla/5.0 AppleWebKit/537.36 (KHTML, like Gecko; compatible; bingbot/2.0; +http://www.bing.com/bingbot.htm) Chrome/116.0.1938.76 Safari/537.36" "-"
79.110.129.34 - - [13/Sep/2024:07:09:07 -0400] "GET /en/company-list/Ahmed-Abdullah-Bajnied---Co-Ltd-192168 HTTP/2.0" 200 321927 "https://www.google.com/" "Mozilla/5.0 (Macintosh; Intel Mac OS X 10_15_7) AppleWebKit/605.1.15 (KHTML, like Gecko) Version/17.6 Safari/605.1.15" "-"
79.110.129.34 - - [13/Sep/2024:07:09:07 -0400] "GET /resources/css/external-min.css?ver=785 HTTP/2.0" 200 36763 "https://uat.decypha.com/en/company-list/Ahmed-Abdullah-Bajnied---Co-Ltd-192168" "Mozilla/5.0 (Macintosh; Intel Mac OS X 10_15_7) AppleWebKit/605.1.15 (KHTML, like Gecko) Version/17.6 Safari/605.1.15" "-"
79.110.129.34 - - [13/Sep/2024:07:09:07 -0400] "GET /resources/styles/main.css?ver=785 HTTP/2.0" 200 986602 "https://uat.decypha.com/en/company-list/Ahmed-Abdullah-Bajnied---Co-Ltd-192168" "Mozilla/5.0 (Macintosh; Intel Mac OS X 10_15_7) AppleWebKit/605.1.15 (KHTML, like Gecko) Version/17.6 Safari/605.1.15" "-"
79.110.129.34 - - [13/Sep/2024:07:09:07 -0400] "GET /resources/js/min/dfn.chart-min.js?ver=785 HTTP/2.0" 200 212933 "https://uat.decypha.com/en/company-list/Ahmed-Abdullah-Bajnied---Co-Ltd-192168" "Mozilla/5.0 (Macintosh; Intel Mac OS X 10_15_7) AppleWebKit/605.1.15 (KHTML, like Gecko) Version/17.6 Safari/605.1.15" "-"
79.110.129.34 - - [13/Sep/2024:07:09:07 -0400] "GET /resources/js/lib/jquery-1.8.3.min.js?ver=785 HTTP/2.0" 200 93636 "https://uat.decypha.com/en/company-list/Ahmed-Abdullah-Bajnied---Co-Ltd-192168" "Mozilla/5.0 (Macintosh; Intel Mac OS X 10_15_7) AppleWebKit/605.1.15 (KHTML, like Gecko) Version/17.6 Safari/605.1.15" "-"
79.110.129.34 - - [13/Sep/2024:07:09:07 -0400] "GET /resources/js/lib/bootstrap.min.js?ver=785 HTTP/2.0" 200 48944 "https://uat.decypha.com/en/company-list/Ahmed-Abdullah-Bajnied---Co-Ltd-192168" "Mozilla/5.0 (Macintosh; Intel Mac OS X 10_15_7) AppleWebKit/605.1.15 (KHTML, like Gecko) Version/17.6 Safari/605.1.15" "-"
79.110.129.34 - - [13/Sep/2024:07:09:07 -0400] "GET /resources/js/min/jquery.libs-min.js?ver=785 HTTP/2.0" 200 410956 "https://uat.decypha.com/en/company-list/Ahmed-Abdullah-Bajnied---Co-Ltd-192168" "Mozilla/5.0 (Macintosh; Intel Mac OS X 10_15_7) AppleWebKit/605.1.15 (KHTML, like Gecko) Version/17.6 Safari/605.1.15" "-"
79.110.129.34 - - [13/Sep/2024:07:09:07 -0400] "GET /resources/js/lib/grid.locale-en.min.js?ver=785 HTTP/2.0" 200 2984 "https://uat.decypha.com/en/company-list/Ahmed-Abdullah-Bajnied---Co-Ltd-192168" "Mozilla/5.0 (Macintosh; Intel Mac OS X 10_15_7) AppleWebKit/605.1.15 (KHTML, like Gecko) Version/17.6 Safari/605.1.15" "-"
79.110.129.34 - - [13/Sep/2024:07:09:07 -0400] "GET /resources/js/membership/min/membership.js?version=785 HTTP/2.0" 200 14717 "https://uat.decypha.com/en/company-list/Ahmed-Abdullah-Bajnied---Co-Ltd-192168" "Mozilla/5.0 (Macintosh; Intel Mac OS X 10_15_7) AppleWebKit/605.1.15 (KHTML, like Gecko) Version/17.6 Safari/605.1.15" "-"
79.110.129.34 - - [13/Sep/2024:07:09:07 -0400] "GET /resources/js/min/common.libs-min.js?ver=785 HTTP/2.0" 200 239973 "https://uat.decypha.com/en/company-list/Ahmed-Abdullah-Bajnied---Co-Ltd-192168" "Mozilla/5.0 (Macintosh; Intel Mac OS X 10_15_7) AppleWebKit/605.1.15 (KHTML, like Gecko) Version/17.6 Safari/605.1.15" "-"
79.110.129.34 - - [13/Sep/2024:07:09:07 -0400] "GET /resources/js/min/dfn.table-min.js?version=785 HTTP/2.0" 200 8021 "https://uat.decypha.com/en/company-list/Ahmed-Abdullah-Bajnied---Co-Ltd-192168" "Mozilla/5.0 (Macintosh; Intel Mac OS X 10_15_7) AppleWebKit/605.1.15 (KHTML, like Gecko) Version/17.6 Safari/605.1.15" "-"
79.110.129.34 - - [13/Sep/2024:07:09:07 -0400] "GET /resources/js/lib/jquery.jqGrid.min.js?ver=785 HTTP/2.0" 200 638583 "https://uat.decypha.com/en/company-list/Ahmed-Abdullah-Bajnied---Co-Ltd-192168" "Mozilla/5.0 (Macintosh; Intel Mac OS X 10_15_7) AppleWebKit/605.1.15 (KHTML, like Gecko) Version/17.6 Safari/605.1.15" "-"
79.110.129.34 - - [13/Sep/2024:07:09:07 -0400] "GET /resources/css/images/decypha_logo_optimized.png HTTP/2.0" 200 2981 "https://uat.decypha.com/en/company-list/Ahmed-Abdullah-Bajnied---Co-Ltd-192168" "Mozilla/5.0 (Macintosh; Intel Mac OS X 10_15_7) AppleWebKit/605.1.15 (KHTML, like Gecko) Version/17.6 Safari/605.1.15" "-"
79.110.129.34 - - [13/Sep/2024:07:09:07 -0400] "GET /resources/css/images/compressed_smile_face.jpg HTTP/2.0" 404 169 "https://uat.decypha.com/en/company-list/Ahmed-Abdullah-Bajnied---Co-Ltd-192168" "Mozilla/5.0 (Macintosh; Intel Mac OS X 10_15_7) AppleWebKit/605.1.15 (KHTML, like Gecko) Version/17.6 Safari/605.1.15" "-"
79.110.129.34 - - [13/Sep/2024:07:09:07 -0400] "GET /resources/fonts/fa-solid-900.woff2 HTTP/2.0" 200 50372 "https://uat.decypha.com/en/company-list/Ahmed-Abdullah-Bajnied---Co-Ltd-192168" "Mozilla/5.0 (Macintosh; Intel Mac OS X 10_15_7) AppleWebKit/605.1.15 (KHTML, like Gecko) Version/17.6 Safari/605.1.15" "-"
79.110.129.34 - - [13/Sep/2024:07:09:07 -0400] "GET /resources/css/images/compressed_smile_face.jpg HTTP/2.0" 404 169 "https://uat.decypha.com/en/company-list/Ahmed-Abdullah-Bajnied---Co-Ltd-192168" "Mozilla/5.0 (Macintosh; Intel Mac OS X 10_15_7) AppleWebKit/605.1.15 (KHTML, like Gecko) Version/17.6 Safari/605.1.15" "-"
79.110.129.34 - - [13/Sep/2024:07:09:07 -0400] "GET /resources/fonts/fa-brands-400.woff2 HTTP/2.0" 200 61336 "https://uat.decypha.com/en/company-list/Ahmed-Abdullah-Bajnied---Co-Ltd-192168" "Mozilla/5.0 (Macintosh; Intel Mac OS X 10_15_7) AppleWebKit/605.1.15 (KHTML, like Gecko) Version/17.6 Safari/605.1.15" "-"
79.110.129.34 - - [13/Sep/2024:07:09:07 -0400] "GET /resources/css/images/en/icons.png HTTP/2.0" 200 25349 "https://uat.decypha.com/en/company-list/Ahmed-Abdullah-Bajnied---Co-Ltd-192168" "Mozilla/5.0 (Macintosh; Intel Mac OS X 10_15_7) AppleWebKit/605.1.15 (KHTML, like Gecko) Version/17.6 Safari/605.1.15" "-"
79.110.129.34 - - [13/Sep/2024:07:09:07 -0400] "GET /resources/fonts/fa-regular-400.woff2 HTTP/2.0" 200 12188 "https://uat.decypha.com/en/company-list/Ahmed-Abdullah-Bajnied---Co-Ltd-192168" "Mozilla/5.0 (Macintosh; Intel Mac OS X 10_15_7) AppleWebKit/605.1.15 (KHTML, like Gecko) Version/17.6 Safari/605.1.15" "-"
79.110.129.34 - - [13/Sep/2024:07:09:07 -0400] "GET /en/home/sessionValid?ts=1726225747714 HTTP/2.0" 200 5 "https://uat.decypha.com/en/company-list/Ahmed-Abdullah-Bajnied---Co-Ltd-192168" "Mozilla/5.0 (Macintosh; Intel Mac OS X 10_15_7) AppleWebKit/605.1.15 (KHTML, like Gecko) Version/17.6 Safari/605.1.15" "-"
79.110.129.34 - - [13/Sep/2024:07:09:07 -0400] "GET /EN/menu/20/EG/EGX/reg/a/a/au/785/false?_=1726225747691 HTTP/2.0" 200 21826 "https://uat.decypha.com/en/company-list/Ahmed-Abdullah-Bajnied---Co-Ltd-192168" "Mozilla/5.0 (Macintosh; Intel Mac OS X 10_15_7) AppleWebKit/605.1.15 (KHTML, like Gecko) Version/17.6 Safari/605.1.15" "-"
79.110.129.34 - - [13/Sep/2024:07:09:07 -0400] "GET /resources/css/images/footer_map.png HTTP/2.0" 200 8674 "https://uat.decypha.com/en/company-list/Ahmed-Abdullah-Bajnied---Co-Ltd-192168" "Mozilla/5.0 (Macintosh; Intel Mac OS X 10_15_7) AppleWebKit/605.1.15 (KHTML, like Gecko) Version/17.6 Safari/605.1.15" "-"
79.110.129.34 - - [13/Sep/2024:07:09:07 -0400] "GET /EN/systemAudit/saveRecord?companyId=192168&individualId=0&url=https://uat.decypha.com/en/company-list/Ahmed-Abdullah-Bajnied---Co-Ltd-192168&pageId=company_profile&ts=1726225747707 HTTP/2.0" 200 1 "https://uat.decypha.com/en/company-list/Ahmed-Abdullah-Bajnied---Co-Ltd-192168" "Mozilla/5.0 (Macintosh; Intel Mac OS X 10_15_7) AppleWebKit/605.1.15 (KHTML, like Gecko) Version/17.6 Safari/605.1.15" "-"
52.70.240.171 - - [13/Sep/2024:07:09:08 -0400] "GET /ar/news/details/-%D8%A7%D9%84%D9%85%D8%AC%D9%85%D9%88%D8%B9%D8%A9-%D8%A7%D9%84%D8%A7%D8%B3%D8%AA%D8%B4%D8%A7%D8%B1%D9%8A%D8%A9-%D8%A7%D9%84%D8%A7%D8%B3%D8%AA%D8%AB%D9%85%D8%A7%D8%B1%D9%8A%D8%A9--%D8%AA%D8%AA%D9%83%D8%A8%D8%AF-652-%D8%A3%D9%84%D9%81-%D8%AF%D9%8A%D9%86%D8%A7%D8%B1-%D8%AE%D8%B3%D8%A7%D8%A6%D8%B1--%D9%81%D9%89-%D8%AA%D8%B3%D8%B9%D8%A9-%D8%A7%D8%B4%D9%87%D8%B1o/16222097?EDT=&L=AR&TSID= HTTP/1.1" 200 332917 "-" "Mozilla/5.0 (Macintosh; Intel Mac OS X 10_10_1) AppleWebKit/600.2.5 (KHTML, like Gecko) Version/8.0.2 Safari/600.2.5 (Amazonbot/0.1; +https://developer.amazon.com/support/amazonbot)" "-"
85.208.96.204 - - [13/Sep/2024:07:09:08 -0400] "GET /en/people-list/Ibrahim-Awad-252716 HTTP/1.1" 200 337457 "-" "Mozilla/5.0 (compatible; SemrushBot/7~bl; +http://www.semrush.com/bot.html)" "-"
79.110.129.34 - - [13/Sep/2024:07:09:08 -0400] "GET /resources/css/images/favicon.ico?ver=2.0 HTTP/2.0" 200 381 "https://uat.decypha.com/en/company-list/Ahmed-Abdullah-Bajnied---Co-Ltd-192168" "Mozilla/5.0 (Macintosh; Intel Mac OS X 10_15_7) AppleWebKit/605.1.15 (KHTML, like Gecko) Version/17.6 Safari/605.1.15" "-"
40.77.167.47 - - [13/Sep/2024:07:09:11 -0400] "GET /en/people-list/Melhem-Al-Masoud-435006 HTTP/2.0" 200 322467 "-" "Mozilla/5.0 AppleWebKit/537.36 (KHTML, like Gecko; compatible; bingbot/2.0; +http://www.bing.com/bingbot.htm) Chrome/116.0.1938.76 Safari/537.36" "-"
52.70.240.171 - - [13/Sep/2024:07:09:12 -0400] "GET /ar/news/details/-%D8%AF%D9%8A%D8%A7%D8%B1-%D9%84%D9%84%D8%AA%D8%B7%D9%88%D9%8A%D8%B1--%D8%AA%D8%AA%D8%B3%D9%84%D9%85-200-%D9%85%D9%84%D9%8A%D9%88%D9%86-%D8%AF%D8%B1%D9%87%D9%85-%D8%A7%D9%84%D8%AF%D9%81%D8%B9%D8%A9-%D8%A7%D9%84%D8%A3%D9%88%D9%84%D9%89-%D9%85%D9%86-%D8%A7%D9%84%D8%AA%D8%B3%D9%88%D9%8A%D8%A9-%D9%85%D8%B9--%D9%84%D9%8A%D9%85%D8%AA%D9%84%D8%B3-o/23043781?EDT=&L=AR&TSID= HTTP/1.1" 200 332909 "-" "Mozilla/5.0 (Macintosh; Intel Mac OS X 10_10_1) AppleWebKit/600.2.5 (KHTML, like Gecko) Version/8.0.2 Safari/600.2.5 (Amazonbot/0.1; +https://developer.amazon.com/support/amazonbot)" "-"
40.77.167.47 - - [13/Sep/2024:07:09:12 -0400] "GET /ar/company-list/%D8%AA%D8%B1%D8%A7%D8%A8-%D9%84%D8%AE%D8%AF%D9%85%D8%A7%D8%AA-%D9%85%D9%83%D8%A7%D9%81%D8%AD%D8%A9-%D8%A7%D9%84%D8%AD%D8%B4%D8%B1%D8%A7%D8%AAo-76059 HTTP/2.0" 200 305543 "-" "Mozilla/5.0 AppleWebKit/537.36 (KHTML, like Gecko; compatible; bingbot/2.0; +http://www.bing.com/bingbot.htm) Chrome/116.0.1938.76 Safari/537.36" "-"
23.22.35.162 - - [13/Sep/2024:07:09:16 -0400] "GET /ar/news/details/%D8%A3%D8%B3%D9%85%D9%86%D8%AA-%D8%A7%D9%84%D9%82%D8%B5%D9%8A%D9%85-%D8%AA%D9%88%D9%82%D8%B9-%D9%85%D8%B0%D9%83%D8%B1%D8%A9-%D8%AA%D9%81%D8%A7%D9%87%D9%85-%D9%84%D9%84%D8%A7%D8%B3%D8%AA%D8%AD%D9%88%D8%A7%D8%B0-%D8%B9%D9%84%D9%89-%D8%A7%D9%84%D8%A3%D8%B3%D9%87%D9%85-%D8%A7%D9%84%D9%85%D8%B5%D8%AF%D8%B1%D8%A9-%D9%81%D9%8A-%D8%A3%D8%B3%D9%85%D9%86%D8%AA-%D8%AD%D8%A7%D8%A6%D9%84o/21314451?EDT=&L=AR&TSID= HTTP/1.1" 200 346324 "-" "Mozilla/5.0 (Macintosh; Intel Mac OS X 10_10_1) AppleWebKit/600.2.5 (KHTML, like Gecko) Version/8.0.2 Safari/600.2.5 (Amazonbot/0.1; +https://developer.amazon.com/support/amazonbot)" "-"
57.141.0.14 - - [13/Sep/2024:07:09:18 -0400] "GET /ar/company-list/-------------------76122 HTTP/2.0" 200 366389 "-" "facebookexternalhit/1.1 (+http://www.facebook.com/externalhit_uatext.php)" "-"
157.55.39.48 - - [13/Sep/2024:07:09:19 -0400] "GET /ar/company-list/%D8%B4%D8%B1%D9%83%D8%A9-%D8%A7%D9%84%D8%AE%D8%B2%D9%86%D8%A9-%D9%84%D9%84%D8%AA%D8%A3%D9%85%D9%8A%D9%86-%D8%B4-%D9%85-%D8%B9o-467 HTTP/2.0" 200 377432 "-" "Mozilla/5.0 AppleWebKit/537.36 (KHTML, like Gecko; compatible; bingbot/2.0; +http://www.bing.com/bingbot.htm) Chrome/116.0.1938.76 Safari/537.36" "-"
23.22.35.162 - - [13/Sep/2024:07:09:20 -0400] "GET /ar/news/details/%D8%A3%D8%B3%D9%85%D9%86%D8%AA-%D8%A7%D9%84%D9%8A%D9%85%D8%A7%D9%85%D8%A9--%D8%A7%D9%86%D8%AA%D9%87%D8%A7%D8%A1-%D8%A7%D9%84%D8%A3%D8%B9%D9%85%D8%A7%D9%84-%D8%A7%D9%84%D8%A5%D9%86%D8%B4%D8%A7%D8%A6%D9%8A%D8%A9-%D9%84%D9%85%D8%B5%D9%86%D8%B9-%D8%AC%D8%AF%D9%8A%D8%AF-%D8%A8%D8%AA%D9%83%D9%84%D9%81%D8%A9-4-7-%D9%85%D9%84%D9%8A%D8%A7%D8%B1-%D8%B1%D9%8A%D8%A7%D9%84o/21318046?EDT=&L=AR&TSID= HTTP/1.1" 200 342683 "-" "Mozilla/5.0 (Macintosh; Intel Mac OS X 10_10_1) AppleWebKit/600.2.5 (KHTML, like Gecko) Version/8.0.2 Safari/600.2.5 (Amazonbot/0.1; +https://developer.amazon.com/support/amazonbot)" "-"
157.55.39.48 - - [13/Sep/2024:07:09:21 -0400] "GET /en/company-list/Alpen-Capital-LLC---Oman-30741 HTTP/2.0" 200 296772 "-" "Mozilla/5.0 AppleWebKit/537.36 (KHTML, like Gecko; compatible; bingbot/2.0; +http://www.bing.com/bingbot.htm) Chrome/116.0.1938.76 Safari/537.36" "-"
23.22.35.162 - - [13/Sep/2024:07:09:24 -0400] "GET /ar/news/details/%D8%B3%D8%A7%D8%A8-%D9%84%D9%84%D8%AA%D9%83%D8%A7%D9%81%D9%84-%D8%AA%D8%B9%D9%84%D9%86-%D8%A8%D8%AF%D8%A1-%D9%81%D8%AA%D8%B1%D8%A9-%D8%A7%D8%B9%D8%AA%D8%B1%D8%A7%D8%B6-%D8%A7%D9%84%D8%AF%D8%A7%D8%A6%D9%86%D9%8A%D9%86-%D8%A8%D8%B4%D8%A3%D9%86-%D8%A7%D9%84%D8%A7%D9%86%D8%AF%D9%85%D8%A7%D8%AC-%D9%85%D8%B9--%D9%88%D9%84%D8%A7%D8%A1-%D9%84%D9%84%D8%AA%D8%A3%D9%85%D9%8A%D9%86-o/21313222?EDT=&L=AR&TSID= HTTP/1.1" 200 344575 "-" "Mozilla/5.0 (Macintosh; Intel Mac OS X 10_10_1) AppleWebKit/600.2.5 (KHTML, like Gecko) Version/8.0.2 Safari/600.2.5 (Amazonbot/0.1; +https://developer.amazon.com/support/amazonbot)" "-"
23.22.35.162 - - [13/Sep/2024:07:09:28 -0400] "GET /ar/news/details/%D8%B3%D8%A7%D8%A8-%D9%84%D9%84%D8%AA%D9%83%D8%A7%D9%81%D9%84-%D8%AA%D8%B9%D9%84%D9%86-%D9%82%D8%B1%D8%A8-%D8%A7%D9%86%D8%AA%D9%87%D8%A7%D8%A1-%D9%81%D8%AA%D8%B1%D8%A9-%D8%A7%D8%B9%D8%AA%D8%B1%D8%A7%D8%B6-%D8%A7%D9%84%D8%AF%D8%A7%D8%A6%D9%86%D9%8A%D9%86-%D9%88%D9%86%D9%81%D8%A7%D8%B0-%D8%A7%D9%84%D8%A7%D9%86%D8%AF%D9%85%D8%A7%D8%AC-%D9%85%D8%B9--%D9%88%D9%84%D8%A7%D8%A1-o/21318261?EDT=&L=AR&TSID= HTTP/1.1" 200 344963 "-" "Mozilla/5.0 (Macintosh; Intel Mac OS X 10_10_1) AppleWebKit/600.2.5 (KHTML, like Gecko) Version/8.0.2 Safari/600.2.5 (Amazonbot/0.1; +https://developer.amazon.com/support/amazonbot)" "-"
3.224.220.101 - - [13/Sep/2024:07:09:31 -0400] "GET /ar/news/details/%D8%B3%D9%86%D8%A7%D8%AF-%D8%A7%D9%84%D9%82%D8%A7%D8%A8%D8%B6%D8%A9-%D8%AA%D8%AA%D8%AD%D9%88%D9%84-%D9%84%D9%84%D8%B1%D8%A8%D8%AD%D9%8A%D8%A9-%D8%AE%D9%84%D8%A7%D9%84-%D8%B9%D8%A7%D9%85-2022----%D9%88-%D8%A7%D9%84%D9%85%D8%AA%D8%B1%D8%A7%D9%83%D9%85%D8%A9--27-5-%D9%85%D9%84%D9%8A%D9%88%D9%86-%D8%B1%D9%8A%D8%A7%D9%84o/23327098?EDT=&L=AR&TSID= HTTP/1.1" 200 332899 "-" "Mozilla/5.0 (Macintosh; Intel Mac OS X 10_10_1) AppleWebKit/600.2.5 (KHTML, like Gecko) Version/8.0.2 Safari/600.2.5 (Amazonbot/0.1; +https://developer.amazon.com/support/amazonbot)" "-"
197.210.78.9 - - [13/Sep/2024:07:09:32 -0400] "GET /en/company-list/Saudi-Leather-Industries-Co-Ltd-26834 HTTP/2.0" 200 330952 "https://www.google.com/" "Mozilla/5.0 (Windows NT 10.0; Win64; x64) AppleWebKit/537.36 (KHTML, like Gecko) Chrome/128.0.0.0 Safari/537.36" "-"
197.210.78.9 - - [13/Sep/2024:07:09:32 -0400] "GET /resources/css/images/compressed_smile_face.jpg HTTP/2.0" 404 571 "https://uat.decypha.com/en/company-list/Saudi-Leather-Industries-Co-Ltd-26834" "Mozilla/5.0 (Windows NT 10.0; Win64; x64) AppleWebKit/537.36 (KHTML, like Gecko) Chrome/128.0.0.0 Safari/537.36" "-"
197.210.78.9 - - [13/Sep/2024:07:09:33 -0400] "GET /en/home/sessionValid?ts=1726225773451 HTTP/2.0" 200 5 "https://uat.decypha.com/en/company-list/Saudi-Leather-Industries-Co-Ltd-26834" "Mozilla/5.0 (Windows NT 10.0; Win64; x64) AppleWebKit/537.36 (KHTML, like Gecko) Chrome/128.0.0.0 Safari/537.36" "-"
197.210.78.9 - - [13/Sep/2024:07:09:33 -0400] "GET /EN/menu/20/EG/EGX/reg/a/a/au/785/false?_=1726225773399 HTTP/2.0" 200 21826 "https://uat.decypha.com/en/company-list/Saudi-Leather-Industries-Co-Ltd-26834" "Mozilla/5.0 (Windows NT 10.0; Win64; x64) AppleWebKit/537.36 (KHTML, like Gecko) Chrome/128.0.0.0 Safari/537.36" "-"
197.210.78.9 - - [13/Sep/2024:07:09:33 -0400] "GET /EN/systemAudit/saveRecord?companyId=26834&individualId=0&url=https://uat.decypha.com/en/company-list/Saudi-Leather-Industries-Co-Ltd-26834&pageId=company_profile&ts=1726225773424 HTTP/2.0" 200 1 "https://uat.decypha.com/en/company-list/Saudi-Leather-Industries-Co-Ltd-26834" "Mozilla/5.0 (Windows NT 10.0; Win64; x64) AppleWebKit/537.36 (KHTML, like Gecko) Chrome/128.0.0.0 Safari/537.36" "-"
185.191.171.17 - - [13/Sep/2024:07:09:33 -0400] "GET /en/people-list/Subramanian%20Suryanarayanan-321614 HTTP/1.1" 200 328909 "-" "Mozilla/5.0 (compatible; SemrushBot/7~bl; +http://www.semrush.com/bot.html)" "-"
31.13.127.30 - - [13/Sep/2024:07:09:34 -0400] "GET /en/company-list/Saudi-Leather-Industries-Co-Ltd-26834 HTTP/1.1" 200 331102 "-" "facebookexternalhit/1.1 (+http://www.facebook.com/externalhit_uatext.php)" "-"
57.141.0.20 - - [13/Sep/2024:07:09:35 -0400] "GET /ar/corporate-actions/tdwl/4192 HTTP/2.0" 200 343130 "-" "meta-externalagent/1.1 (+https://developers.facebook.com/docs/sharing/webmasters/crawler)" "-"
52.70.240.171 - - [13/Sep/2024:07:09:35 -0400] "GET /ar/financial/rb/1/ase/joep HTTP/1.1" 302 0 "-" "Mozilla/5.0 (Macintosh; Intel Mac OS X 10_10_1) AppleWebKit/600.2.5 (KHTML, like Gecko) Version/8.0.2 Safari/600.2.5 (Amazonbot/0.1; +https://developer.amazon.com/support/amazonbot)" "-"
157.55.39.48 - - [13/Sep/2024:07:09:36 -0400] "GET /ar/people-list/%D8%B1%D8%B4%D8%A7-%D8%A3%D8%A8%D9%88-%D8%AD%D8%AC%D8%A7%D8%A8-477794 HTTP/2.0" 200 339903 "-" "Mozilla/5.0 AppleWebKit/537.36 (KHTML, like Gecko; compatible; bingbot/2.0; +http://www.bing.com/bingbot.htm) Chrome/116.0.1938.76 Safari/537.36" "-"
31.13.127.17 - - [13/Sep/2024:07:09:37 -0400] "GET /en/company-list/Saudi-Leather-Industries-Co-Ltd-26834 HTTP/2.0" 200 330952 "-" "facebookexternalhit/1.1 (+http://www.facebook.com/externalhit_uatext.php)" "-"
157.55.39.48 - - [13/Sep/2024:07:09:38 -0400] "GET /ar/people-list/%D8%B1%D8%A7%D9%86%D9%8A%D8%A7-%D8%B3%D8%B9%D8%AF-477797 HTTP/2.0" 200 337664 "-" "Mozilla/5.0 AppleWebKit/537.36 (KHTML, like Gecko; compatible; bingbot/2.0; +http://www.bing.com/bingbot.htm) Chrome/116.0.1938.76 Safari/537.36" "-"
23.22.35.162 - - [13/Sep/2024:07:09:39 -0400] "GET /ar/financial/rb/1/pex/arab HTTP/1.1" 302 0 "-" "Mozilla/5.0 (Macintosh; Intel Mac OS X 10_10_1) AppleWebKit/600.2.5 (KHTML, like Gecko) Version/8.0.2 Safari/600.2.5 (Amazonbot/0.1; +https://developer.amazon.com/support/amazonbot)" "-"
85.208.96.205 - - [13/Sep/2024:07:09:39 -0400] "GET /ar/stock-chart/public/bk/IFAHR%60R HTTP/1.1" 400 5 "-" "Mozilla/5.0 (compatible; SemrushBot/7~bl; +http://www.semrush.com/bot.html)" "-"
157.55.39.48 - - [13/Sep/2024:07:09:40 -0400] "GET /ar/people-list/%D9%86%D9%88%D8%B1%D8%A7-%D8%AC%D8%A7%D8%AF-%D8%A7%D9%84%D9%84%D9%87-477791 HTTP/2.0" 200 339700 "-" "Mozilla/5.0 AppleWebKit/537.36 (KHTML, like Gecko; compatible; bingbot/2.0; +http://www.bing.com/bingbot.htm) Chrome/116.0.1938.76 Safari/537.36" "-"
40.77.167.47 - - [13/Sep/2024:07:09:41 -0400] "GET /ar/people-list/%D9%85%D8%AD%D9%85%D8%AF-%D8%B9%D8%A8%D8%AF-%D8%A7%D9%84%D8%B1%D8%AD%D9%8A%D9%85-477801 HTTP/2.0" 200 336921 "-" "Mozilla/5.0 AppleWebKit/537.36 (KHTML, like Gecko; compatible; bingbot/2.0; +http://www.bing.com/bingbot.htm) Chrome/116.0.1938.76 Safari/537.36" "-"
157.55.39.48 - - [13/Sep/2024:07:09:41 -0400] "GET /ar/people-list/%D8%A3%D8%AD%D9%85%D8%AF-%D8%A3%D8%A8%D9%88-%D8%A7%D9%84%D9%81%D8%AA%D9%88%D8%AD-477798 HTTP/2.0" 200 336752 "-" "Mozilla/5.0 AppleWebKit/537.36 (KHTML, like Gecko; compatible; bingbot/2.0; +http://www.bing.com/bingbot.htm) Chrome/116.0.1938.76 Safari/537.36" "-"
40.77.167.47 - - [13/Sep/2024:07:09:42 -0400] "GET /ar/people-list/%D8%AD%D8%B3%D9%86-%D8%A7%D9%84%D8%B2%D9%87%D8%B1%D8%A7%D9%86%D9%8A-477783 HTTP/2.0" 200 336947 "-" "Mozilla/5.0 AppleWebKit/537.36 (KHTML, like Gecko; compatible; bingbot/2.0; +http://www.bing.com/bingbot.htm) Chrome/116.0.1938.76 Safari/537.36" "-"
66.249.79.7 - - [13/Sep/2024:07:09:42 -0400] "GET /ar/company-list/%D9%85%D8%AC%D9%85%D9%88%D8%B9%D8%A9-%D8%AA%D9%8A-%D8%AB%D8%B1%D9%8A-%D8%A3%D9%8A%D9%87-%D9%84%D9%84%D8%A3%D8%AF%D9%88%D9%8A%D8%A9o-58320 HTTP/1.1" 200 324807 "-" "Mozilla/5.0 (Linux; Android 6.0.1; Nexus 5X Build/MMB29P) AppleWebKit/537.36 (KHTML, like Gecko) Chrome/128.0.6613.137 Mobile Safari/537.36 (compatible; Googlebot/2.1; +http://www.google.com/bot.html)" "-"
157.55.39.48 - - [13/Sep/2024:07:09:43 -0400] "GET /ar/people-list/%D8%A3%D8%AF%D9%87%D9%85-%D8%A7%D9%84%D9%85%D9%87%D8%AF%D9%8A-477786 HTTP/2.0" 200 338031 "-" "Mozilla/5.0 AppleWebKit/537.36 (KHTML, like Gecko; compatible; bingbot/2.0; +http://www.bing.com/bingbot.htm) Chrome/116.0.1938.76 Safari/537.36" "-"
23.22.35.162 - - [13/Sep/2024:07:09:43 -0400] "GET /ar/financial/rb/1/ase/join HTTP/1.1" 302 0 "-" "Mozilla/5.0 (Macintosh; Intel Mac OS X 10_10_1) AppleWebKit/600.2.5 (KHTML, like Gecko) Version/8.0.2 Safari/600.2.5 (Amazonbot/0.1; +https://developer.amazon.com/support/amazonbot)" "-"
40.77.167.47 - - [13/Sep/2024:07:09:43 -0400] "GET /ar/people-list/%D9%85%D8%B5%D8%B7%D9%81%D9%89-%D8%B4%D8%AA%D8%A7-477796 HTTP/2.0" 200 339967 "-" "Mozilla/5.0 AppleWebKit/537.36 (KHTML, like Gecko; compatible; bingbot/2.0; +http://www.bing.com/bingbot.htm) Chrome/116.0.1938.76 Safari/537.36" "-"
157.55.39.48 - - [13/Sep/2024:07:09:44 -0400] "GET /ar/people-list/%D8%AA%D8%A7%D9%85%D8%B1-%D8%A7%D9%84%D8%AD%D9%86%D8%A7%D9%88%D9%8A-477793 HTTP/2.0" 200 340979 "-" "Mozilla/5.0 AppleWebKit/537.36 (KHTML, like Gecko; compatible; bingbot/2.0; +http://www.bing.com/bingbot.htm) Chrome/116.0.1938.76 Safari/537.36" "-"
40.77.167.47 - - [13/Sep/2024:07:09:45 -0400] "GET /ar/people-list/%D9%85%D8%AD%D9%85%D8%AF-%D8%B2%D9%83%D9%8A-477800 HTTP/2.0" 200 342740 "-" "Mozilla/5.0 AppleWebKit/537.36 (KHTML, like Gecko; compatible; bingbot/2.0; +http://www.bing.com/bingbot.htm) Chrome/116.0.1938.76 Safari/537.36" "-"
40.77.167.47 - - [13/Sep/2024:07:09:45 -0400] "GET /ar/news/details/%D8%A3%D8%B1%D8%A8%D8%A7%D8%AD-%D8%A7%D9%84%D8%AC%D9%8A%D8%B2%D8%A9-%D8%A7%D9%84%D8%B9%D8%A7%D9%85%D8%A9-%D9%84%D9%84%D9%85%D9%82%D8%A7%D9%88%D9%84%D8%A7%D8%AA-%D8%AA%D8%B1%D8%AA%D9%81%D8%B9-%D9%87%D8%A7%D9%85%D8%B4%D9%8A%D8%A7%D9%8B-%D8%AE%D9%84%D8%A7%D9%84-%D8%A7%D9%84%D8%B1%D8%A8%D8%B9-%D8%A7%D9%84%D8%A3%D9%88%D9%84-%D9%85%D9%86-2023o/23498445?L=AR HTTP/2.0" 200 332743 "-" "Mozilla/5.0 AppleWebKit/537.36 (KHTML, like Gecko; compatible; bingbot/2.0; +http://www.bing.com/bingbot.htm) Chrome/116.0.1938.76 Safari/537.36" "-"
57.141.0.4 - - [13/Sep/2024:07:09:45 -0400] "GET /en/people-list/Kenza-Alj-244602 HTTP/2.0" 200 327359 "-" "facebookexternalhit/1.1 (+http://www.facebook.com/externalhit_uatext.php)" "-"
40.77.167.47 - - [13/Sep/2024:07:09:46 -0400] "GET /ar/news/details/-%D8%B7%D8%A8%D9%8A%D8%A9--%D8%AA%D8%AA%D8%B3%D9%84%D9%85-%D8%AD%D9%83%D9%85%D8%A7%D9%8B-%D9%82%D8%B6%D8%A7%D8%A6%D9%8A%D8%A7%D9%8B-%D8%B6%D8%AF-%D8%B4%D8%B1%D9%83%D8%A9-%D8%AA%D8%A7%D8%A8%D8%B9%D8%A9-%D9%84%D8%B5%D8%A7%D9%84%D8%AD-%D9%87%D9%8A%D8%A6%D8%A9-%D8%A7%D9%84%D8%B2%D9%83%D8%A7%D8%A9-%D9%88%D8%A7%D9%84%D8%B6%D8%B1%D9%8A%D8%A8%D8%A9-%D9%88%D8%A7%D9%84%D8%AC%D9%85%D8%A7%D8%B1%D9%83o/ HTTP/2.0" 404 15066 "-" "Mozilla/5.0 AppleWebKit/537.36 (KHTML, like Gecko; compatible; bingbot/2.0; +http://www.bing.com/bingbot.htm) Chrome/116.0.1938.76 Safari/537.36" "-"
40.77.167.47 - - [13/Sep/2024:07:09:46 -0400] "GET /resources/js/dfnplus/pages/packages/min/membershipPackages.js?version=785 HTTP/2.0" 200 3507 "-" "Mozilla/5.0 AppleWebKit/537.36 (KHTML, like Gecko; compatible; bingbot/2.0; +http://www.bing.com/bingbot.htm) Chrome/116.0.1938.76 Safari/537.36" "-"
66.249.79.8 - - [13/Sep/2024:07:09:47 -0400] "GET /ar/company-list/---------------------------------------------------567 HTTP/1.1" 200 374380 "-" "Mozilla/5.0 (Linux; Android 6.0.1; Nexus 5X Build/MMB29P) AppleWebKit/537.36 (KHTML, like Gecko) Chrome/128.0.6613.137 Mobile Safari/537.36 (compatible; Googlebot/2.1; +http://www.google.com/bot.html)" "-"
3.224.220.101 - - [13/Sep/2024:07:09:47 -0400] "GET /ar/financial/rb/1/ase/aqar HTTP/1.1" 302 0 "-" "Mozilla/5.0 (Macintosh; Intel Mac OS X 10_10_1) AppleWebKit/600.2.5 (KHTML, like Gecko) Version/8.0.2 Safari/600.2.5 (Amazonbot/0.1; +https://developer.amazon.com/support/amazonbot)" "-"
40.77.167.47 - - [13/Sep/2024:07:09:48 -0400] "GET /en/company-list/Blue-Eagle-Logistics-LLC-88755 HTTP/2.0" 200 377887 "-" "Mozilla/5.0 AppleWebKit/537.36 (KHTML, like Gecko; compatible; bingbot/2.0; +http://www.bing.com/bingbot.htm) Chrome/116.0.1938.76 Safari/537.36" "-"
66.249.79.7 - - [13/Sep/2024:07:09:48 -0400] "GET /en/company-list/------------Smart-Crowd--132656 HTTP/1.1" 200 297343 "-" "Mozilla/5.0 (Linux; Android 6.0.1; Nexus 5X Build/MMB29P) AppleWebKit/537.36 (KHTML, like Gecko) Chrome/128.0.6613.137 Mobile Safari/537.36 (compatible; Googlebot/2.1; +http://www.google.com/bot.html)" "-"
85.208.96.199 - - [13/Sep/2024:07:09:51 -0400] "GET /en/people-list/Issa%20Al-Shamlan-199144 HTTP/1.1" 200 336847 "-" "Mozilla/5.0 (compatible; SemrushBot/7~bl; +http://www.semrush.com/bot.html)" "-"
52.70.240.171 - - [13/Sep/2024:07:09:51 -0400] "GET /ar/financial/rb/1/ase/wiva HTTP/1.1" 302 0 "-" "Mozilla/5.0 (Macintosh; Intel Mac OS X 10_10_1) AppleWebKit/600.2.5 (KHTML, like Gecko) Version/8.0.2 Safari/600.2.5 (Amazonbot/0.1; +https://developer.amazon.com/support/amazonbot)" "-"
52.167.144.136 - - [13/Sep/2024:07:09:52 -0400] "GET /ar/people-list/%D9%87%D8%A7%D9%86%D9%8A-%D8%A8%D8%A7%D9%87%D8%A7%D8%AF%D9%8A-477787 HTTP/2.0" 200 336864 "-" "Mozilla/5.0 AppleWebKit/537.36 (KHTML, like Gecko; compatible; bingbot/2.0; +http://www.bing.com/bingbot.htm) Chrome/116.0.1938.76 Safari/537.36" "-"
72.26.216.37 - - [13/Sep/2024:07:09:53 -0400] "GET / HTTP/1.1" 200 565802 "-" "Uptime-Kuma/1.23.13" "-"
52.167.144.136 - - [13/Sep/2024:07:09:53 -0400] "GET /ar/people-list/%D8%A5%D8%B3%D9%84%D8%A7%D9%85-%D9%85%D8%AE%D8%AA%D8%A7%D8%B1-477789 HTTP/2.0" 200 337642 "-" "Mozilla/5.0 AppleWebKit/537.36 (KHTML, like Gecko; compatible; bingbot/2.0; +http://www.bing.com/bingbot.htm) Chrome/116.0.1938.76 Safari/537.36" "-"
52.167.144.136 - - [13/Sep/2024:07:09:54 -0400] "GET /ar/people-list/%D9%85%D8%AD%D9%85%D8%AF-%D8%A3%D8%AD%D9%85%D8%AF-477795 HTTP/2.0" 200 339921 "-" "Mozilla/5.0 AppleWebKit/537.36 (KHTML, like Gecko; compatible; bingbot/2.0; +http://www.bing.com/bingbot.htm) Chrome/116.0.1938.76 Safari/537.36" "-"
52.70.240.171 - - [13/Sep/2024:07:09:55 -0400] "GET /ar/financial/rb/1/egx/reac HTTP/1.1" 302 0 "-" "Mozilla/5.0 (Macintosh; Intel Mac OS X 10_10_1) AppleWebKit/600.2.5 (KHTML, like Gecko) Version/8.0.2 Safari/600.2.5 (Amazonbot/0.1; +https://developer.amazon.com/support/amazonbot)" "-"
52.167.144.136 - - [13/Sep/2024:07:09:55 -0400] "GET /ar/people-list/%D9%85%D8%AD%D9%85%D8%AF-%D8%B1%D9%85%D8%B6%D8%A7%D9%86-477784 HTTP/2.0" 200 340741 "-" "Mozilla/5.0 AppleWebKit/537.36 (KHTML, like Gecko; compatible; bingbot/2.0; +http://www.bing.com/bingbot.htm) Chrome/116.0.1938.76 Safari/537.36" "-"
52.167.144.136 - - [13/Sep/2024:07:09:56 -0400] "GET /ar/people-list/%D9%87%D8%A8%D8%A9-%D8%A3%D8%AD%D9%85%D8%AF-477790 HTTP/2.0" 200 339667 "-" "Mozilla/5.0 AppleWebKit/537.36 (KHTML, like Gecko; compatible; bingbot/2.0; +http://www.bing.com/bingbot.htm) Chrome/116.0.1938.76 Safari/537.36" "-"
52.167.144.136 - - [13/Sep/2024:07:09:58 -0400] "GET /ar/people-list/%D9%83%D8%B1%D9%8A%D8%B3%D8%AA%D9%88%D9%81%D8%B1-%D8%A7%D9%86%D8%AF%D8%B1%D9%88-477785 HTTP/2.0" 200 336848 "-" "Mozilla/5.0 AppleWebKit/537.36 (KHTML, like Gecko; compatible; bingbot/2.0; +http://www.bing.com/bingbot.htm) Chrome/116.0.1938.76 Safari/537.36" "-"
52.167.144.136 - - [13/Sep/2024:07:09:59 -0400] "GET /ar/people-list/%D8%AD%D8%B3%D9%8A%D9%86-%D8%B9%D8%A7%D8%AF%D9%84-477788 HTTP/2.0" 200 337675 "-" "Mozilla/5.0 AppleWebKit/537.36 (KHTML, like Gecko; compatible; bingbot/2.0; +http://www.bing.com/bingbot.htm) Chrome/116.0.1938.76 Safari/537.36" "-"
3.224.220.101 - - [13/Sep/2024:07:09:59 -0400] "GET /ar/financial/rb/1/ase/jtel HTTP/1.1" 302 0 "-" "Mozilla/5.0 (Macintosh; Intel Mac OS X 10_10_1) AppleWebKit/600.2.5 (KHTML, like Gecko) Version/8.0.2 Safari/600.2.5 (Amazonbot/0.1; +https://developer.amazon.com/support/amazonbot)" "-"
52.167.144.136 - - [13/Sep/2024:07:09:59 -0400] "GET /ar/people-list/%D9%85%D8%AD%D9%85%D8%AF-%D8%A7%D9%84%D9%87%D9%84%D8%A8-477792 HTTP/2.0" 200 339675 "-" "Mozilla/5.0 AppleWebKit/537.36 (KHTML, like Gecko; compatible; bingbot/2.0; +http://www.bing.com/bingbot.htm) Chrome/116.0.1938.76 Safari/537.36" "-"
114.119.141.217 - - [13/Sep/2024:07:10:00 -0400] "GET /individuals/images/162532.jpg HTTP/1.1" 200 30901 "https://uat.decypha.com/en/people-list/Peter-Bulterman-162532" "Mozilla/5.0 (Linux; Android 7.0;) AppleWebKit/537.36 (KHTML, like Gecko) Mobile Safari/537.36 (compatible; PetalBot;+https://webmaster.petalsearch.com/site/petalbot)" "-"
52.167.144.136 - - [13/Sep/2024:07:10:00 -0400] "GET /en/company-list/Tranzone-Saudi-Arabia-1649 HTTP/2.0" 200 300622 "-" "Mozilla/5.0 AppleWebKit/537.36 (KHTML, like Gecko; compatible; bingbot/2.0; +http://www.bing.com/bingbot.htm) Chrome/116.0.1938.76 Safari/537.36" "-"
52.167.144.136 - - [13/Sep/2024:07:10:01 -0400] "GET /en/people-list/Yomna-Eid-468323 HTTP/2.0" 200 323219 "-" "Mozilla/5.0 AppleWebKit/537.36 (KHTML, like Gecko; compatible; bingbot/2.0; +http://www.bing.com/bingbot.htm) Chrome/116.0.1938.76 Safari/537.36" "-"
23.22.35.162 - - [13/Sep/2024:07:10:03 -0400] "GET /ar/financial/rb/1/ase/capl HTTP/1.1" 302 0 "-" "Mozilla/5.0 (Macintosh; Intel Mac OS X 10_10_1) AppleWebKit/600.2.5 (KHTML, like Gecko) Version/8.0.2 Safari/600.2.5 (Amazonbot/0.1; +https://developer.amazon.com/support/amazonbot)" "-"
114.119.140.21 - - [13/Sep/2024:07:10:04 -0400] "GET /ar/owners/TNTSE/SOTET HTTP/1.1" 302 0 "https://uat.decypha.com/ar/owners/public/TN/---------------------------------------------------1704" "Mozilla/5.0 (Linux; Android 7.0;) AppleWebKit/537.36 (KHTML, like Gecko) Mobile Safari/537.36 (compatible; PetalBot;+https://webmaster.petalsearch.com/site/petalbot)" "-"
185.191.171.2 - - [13/Sep/2024:07:10:07 -0400] "GET /en/people-list/Abdullah-Al-Romizan-368371 HTTP/1.1" 200 327123 "-" "Mozilla/5.0 (compatible; SemrushBot/7~bl; +http://www.semrush.com/bot.html)" "-"
23.22.35.162 - - [13/Sep/2024:07:10:07 -0400] "GET /ar/financial/rb/1/msx/gsci HTTP/1.1" 302 0 "-" "Mozilla/5.0 (Macintosh; Intel Mac OS X 10_10_1) AppleWebKit/600.2.5 (KHTML, like Gecko) Version/8.0.2 Safari/600.2.5 (Amazonbot/0.1; +https://developer.amazon.com/support/amazonbot)" "-"
114.119.130.167 - - [13/Sep/2024:07:10:08 -0400] "GET /EN/reports/company/ADX/ZS/*/* HTTP/1.1" 302 0 "https://uat.decypha.com/en/stock-overview/public/----Ghitha-Holding-PJSC---111887" "Mozilla/5.0 (Linux; Android 7.0;) AppleWebKit/537.36 (KHTML, like Gecko) Mobile Safari/537.36 (compatible; PetalBot;+https://webmaster.petalsearch.com/site/petalbot)" "-"
173.252.127.113 - - [13/Sep/2024:07:10:11 -0400] "GET /en/company-list/Salam-Technology-WLL-30187 HTTP/2.0" 200 296201 "-" "facebookexternalhit/1.1 (+http://www.facebook.com/externalhit_uatext.php)" "-"
23.22.35.162 - - [13/Sep/2024:07:10:11 -0400] "GET /ar/financial/rb/1/msx/dcfi HTTP/1.1" 302 0 "-" "Mozilla/5.0 (Macintosh; Intel Mac OS X 10_10_1) AppleWebKit/600.2.5 (KHTML, like Gecko) Version/8.0.2 Safari/600.2.5 (Amazonbot/0.1; +https://developer.amazon.com/support/amazonbot)" "-"
3.224.220.101 - - [13/Sep/2024:07:10:15 -0400] "GET /ar/financial/rb/1/msx/bknz HTTP/1.1" 302 0 "-" "Mozilla/5.0 (Macintosh; Intel Mac OS X 10_10_1) AppleWebKit/600.2.5 (KHTML, like Gecko) Version/8.0.2 Safari/600.2.5 (Amazonbot/0.1; +https://developer.amazon.com/support/amazonbot)" "-"
103.163.248.119 - - [13/Sep/2024:07:10:17 -0400] "GET /wp-login.php HTTP/1.1" 302 0 "-" "Mozilla/5.0 (Windows NT 10.0; WOW64; Trident/7.0; rv:11.0) like Gecko" "-"
103.163.248.119 - - [13/Sep/2024:07:10:18 -0400] "GET /xmlrpc.php HTTP/1.1" 302 0 "-" "Mozilla/5.0 (Windows NT 10.0; WOW64; Trident/7.0; rv:11.0) like Gecko" "-"
111.90.145.71 - - [13/Sep/2024:07:10:18 -0400] "HEAD /en/add-individual HTTP/1.1" 200 0 "https://uat.decypha.com/en/company-list/------------Al-Hamrani-Industrial-Group---767" "Mozilla/5.0 (Windows NT 6.1) AppleWebKit/537.36 (KHTML, like Gecko) Chrome/53.0.2785.34 Safari/537.36" "-"
40.77.167.47 - - [13/Sep/2024:07:10:19 -0400] "GET /en/stock-news/public/Athathcom-Co-85052 HTTP/2.0" 200 279999 "-" "Mozilla/5.0 AppleWebKit/537.36 (KHTML, like Gecko; compatible; bingbot/2.0; +http://www.bing.com/bingbot.htm) Chrome/116.0.1938.76 Safari/537.36" "-"
57.141.0.26 - - [13/Sep/2024:07:10:19 -0400] "GET /en/stock-overview/public/----Saudi-Arabian-Oil-Co---28962 HTTP/2.0" 200 337630 "-" "facebookexternalhit/1.1 (+http://www.facebook.com/externalhit_uatext.php)" "-"
190.92.216.183 - - [13/Sep/2024:07:10:20 -0400] "GET /en/people-list/Abd-El-Amir-Hussein-80330 HTTP/2.0" 200 325801 "-" "Mozilla/5.0 (Windows NT 10.0; Win64; x64) AppleWebKit/537.36 (KHTML, like Gecko) Chrome/101.0.4951.67 Safari/537.36" "-"
52.70.240.171 - - [13/Sep/2024:07:10:20 -0400] "GET /ar/financial/rb/1/ase/tiic HTTP/1.1" 302 0 "-" "Mozilla/5.0 (Macintosh; Intel Mac OS X 10_10_1) AppleWebKit/600.2.5 (KHTML, like Gecko) Version/8.0.2 Safari/600.2.5 (Amazonbot/0.1; +https://developer.amazon.com/support/amazonbot)" "-"
173.252.87.112 - - [13/Sep/2024:07:10:20 -0400] "GET /en/company-list/----Delta-Sugar---64 HTTP/2.0" 200 382948 "-" "facebookexternalhit/1.1 (+http://www.facebook.com/externalhit_uatext.php)" "-"
111.90.145.71 - - [13/Sep/2024:07:10:21 -0400] "GET /en/add-individual HTTP/1.1" 200 30160 "https://uat.decypha.com/en/company-list/------------Al-Hamrani-Industrial-Group---767" "Mozilla/5.0 (Windows NT 6.1) AppleWebKit/537.36 (KHTML, like Gecko) Chrome/53.0.2785.34 Safari/537.36" "-"
40.77.167.47 - - [13/Sep/2024:07:10:21 -0400] "GET /en/people-list/Faisal%20Ali%20Matrook%20Al%20Matrook-87403 HTTP/2.0" 200 338387 "-" "Mozilla/5.0 AppleWebKit/537.36 (KHTML, like Gecko; compatible; bingbot/2.0; +http://www.bing.com/bingbot.htm) Chrome/116.0.1938.76 Safari/537.36" "-"
85.208.96.195 - - [13/Sep/2024:07:10:22 -0400] "GET /ar/stock-news/public/-------------------------75441 HTTP/1.1" 200 290327 "-" "Mozilla/5.0 (compatible; SemrushBot/7~bl; +http://www.semrush.com/bot.html)" "-"
40.77.167.47 - - [13/Sep/2024:07:10:23 -0400] "GET /EN/investment/public/Al%20Khor%20&%20Dakira%20Schemes%20and%20Services%20Co%20QSC-157907 HTTP/2.0" 200 369583 "-" "Mozilla/5.0 AppleWebKit/537.36 (KHTML, like Gecko; compatible; bingbot/2.0; +http://www.bing.com/bingbot.htm) Chrome/116.0.1938.76 Safari/537.36" "-"
52.70.240.171 - - [13/Sep/2024:07:10:23 -0400] "GET /ar/financial/rb/1/ase/naai HTTP/1.1" 302 0 "-" "Mozilla/5.0 (Macintosh; Intel Mac OS X 10_10_1) AppleWebKit/600.2.5 (KHTML, like Gecko) Version/8.0.2 Safari/600.2.5 (Amazonbot/0.1; +https://developer.amazon.com/support/amazonbot)" "-"
111.90.145.71 - - [13/Sep/2024:07:10:23 -0400] "HEAD /en/add-company HTTP/1.1" 200 0 "https://uat.decypha.com/en/company-list/------------Al-Hamrani-Industrial-Group---767" "Mozilla/5.0 (Windows NT 10.0; Win64; x64; Trident/7.0; Touch; tb-webde/2.6.0; MASMJS; rv:11.0) like Gecko" "-"
111.90.145.71 - - [13/Sep/2024:07:10:25 -0400] "HEAD /membership/coverage.html HTTP/1.1" 302 0 "https://uat.decypha.com/en/company-list/------------Al-Hamrani-Industrial-Group---767" "Mozilla/5.0 (Windows NT 6.1; WOW64; Trident/7.0; tb-gmx/2.6.9; rv:11.0) like Gecko" "-"
111.90.145.71 - - [13/Sep/2024:07:10:25 -0400] "HEAD /en/company-list/ HTTP/1.1" 200 0 "https://uat.decypha.com/en/company-list/------------Al-Hamrani-Industrial-Group---767" "Mozilla/5.0 (Windows NT 10.0) AppleWebKit/537.36 (KHTML, like Gecko) Chrome/51.36.2704.63 Safari/537.36" "-"
111.90.145.71 - - [13/Sep/2024:07:10:25 -0400] "HEAD /error/404 HTTP/1.1" 404 0 "https://uat.decypha.com/en/company-list/------------Al-Hamrani-Industrial-Group---767" "Mozilla/5.0 (Windows NT 6.1; WOW64; Trident/7.0; tb-gmx/2.6.9; rv:11.0) like Gecko" "-"
111.90.145.71 - - [13/Sep/2024:07:10:26 -0400] "GET /en/add-company HTTP/1.1" 200 28579 "https://uat.decypha.com/en/company-list/------------Al-Hamrani-Industrial-Group---767" "Mozilla/5.0 (Windows NT 10.0; Win64; x64; Trident/7.0; Touch; tb-webde/2.6.0; MASMJS; rv:11.0) like Gecko" "-"
69.171.230.6 - - [13/Sep/2024:07:10:27 -0400] "GET /en/company-list/The-Food-Supply-Co-Ltd-84481 HTTP/2.0" 200 302354 "-" "meta-externalagent/1.1 (+https://developers.facebook.com/docs/sharing/webmasters/crawler)" "-"
157.55.39.48 - - [13/Sep/2024:07:10:27 -0400] "GET /en/company-list/Ali-Shaihani-Juice-Filling-Industry-LLC-83474 HTTP/2.0" 200 295857 "-" "Mozilla/5.0 AppleWebKit/537.36 (KHTML, like Gecko; compatible; bingbot/2.0; +http://www.bing.com/bingbot.htm) Chrome/116.0.1938.76 Safari/537.36" "-"
3.224.220.101 - - [13/Sep/2024:07:10:27 -0400] "GET /ar/financial/rb/1/ase/nata HTTP/1.1" 302 0 "-" "Mozilla/5.0 (Macintosh; Intel Mac OS X 10_10_1) AppleWebKit/600.2.5 (KHTML, like Gecko) Version/8.0.2 Safari/600.2.5 (Amazonbot/0.1; +https://developer.amazon.com/support/amazonbot)" "-"
111.90.145.71 - - [13/Sep/2024:07:10:28 -0400] "GET /membership/coverage.html HTTP/1.1" 302 0 "https://uat.decypha.com/en/company-list/------------Al-Hamrani-Industrial-Group---767" "Mozilla/5.0 (Windows NT 6.1; WOW64; Trident/7.0; tb-gmx/2.6.9; rv:11.0) like Gecko" "-"
212.92.126.52 - - [13/Sep/2024:07:10:28 -0400] "GET /en/owners/public/AE/----Agility-Global-PLC---252984 HTTP/2.0" 200 338669 "https://www.google.com/" "Mozilla/5.0 (Windows NT 10.0; Win64; x64) AppleWebKit/537.36 (KHTML, like Gecko) Chrome/127.0.0.0 Safari/537.36" "-"
212.92.126.52 - - [13/Sep/2024:07:10:28 -0400] "GET /resources/css/external-min.css?ver=785 HTTP/2.0" 200 36763 "https://uat.decypha.com/en/owners/public/AE/----Agility-Global-PLC---252984" "Mozilla/5.0 (Windows NT 10.0; Win64; x64) AppleWebKit/537.36 (KHTML, like Gecko) Chrome/127.0.0.0 Safari/537.36" "-"
